Copyright 1986-2019 Xilinx, Inc. All Rights Reserved.
-----------------------------------------------------------------------------------------------
| Tool Version : Vivado v.2019.1.3 (win64) Build 2644227 Wed Sep  4 09:45:24 MDT 2019
| Date         : Wed Feb 26 18:21:54 2020
| Host         : Qlala-Blade running 64-bit major release  (build 9200)
| Command      : report_clock_utilization -file design_IP_wrapper_clock_utilization_routed.rpt
| Design       : design_IP_wrapper
| Device       : 7z020-clg484
| Speed File   : -1  PRODUCTION 1.11 2014-09-11
| Design State : Routed
-----------------------------------------------------------------------------------------------

Clock Utilization Report

Table of Contents
-----------------
1. Clock Primitive Utilization
2. Global Clock Resources
3. Global Clock Source Details
4. Clock Regions: Key Resource Utilization
5. Clock Regions : Global Clock Summary
6. Device Cell Placement Summary for Global Clock g0
7. Device Cell Placement Summary for Global Clock g1
8. Device Cell Placement Summary for Global Clock g2
9. Device Cell Placement Summary for Global Clock g3
10. Device Cell Placement Summary for Global Clock g4
11. Device Cell Placement Summary for Global Clock g5
12. Device Cell Placement Summary for Global Clock g6
13. Device Cell Placement Summary for Global Clock g7
14. Device Cell Placement Summary for Global Clock g8
15. Device Cell Placement Summary for Global Clock g9
16. Clock Region Cell Placement per Global Clock: Region X0Y0
17. Clock Region Cell Placement per Global Clock: Region X1Y0
18. Clock Region Cell Placement per Global Clock: Region X0Y1
19. Clock Region Cell Placement per Global Clock: Region X1Y1
20. Clock Region Cell Placement per Global Clock: Region X0Y2
21. Clock Region Cell Placement per Global Clock: Region X1Y2

1. Clock Primitive Utilization
------------------------------

+----------+------+-----------+-----+--------------+--------+
| Type     | Used | Available | LOC | Clock Region | Pblock |
+----------+------+-----------+-----+--------------+--------+
| BUFGCTRL |   10 |        32 |   0 |            0 |      0 |
| BUFH     |    0 |        72 |   0 |            0 |      0 |
| BUFIO    |    0 |        16 |   0 |            0 |      0 |
| BUFMR    |    0 |         8 |   0 |            0 |      0 |
| BUFR     |    0 |        16 |   0 |            0 |      0 |
| MMCM     |    2 |         4 |   0 |            0 |      0 |
| PLL      |    0 |         4 |   0 |            0 |      0 |
+----------+------+-----------+-----+--------------+--------+


2. Global Clock Resources
-------------------------

+-----------+-----------+-----------------+------------+----------------+--------------+-------------------+-------------+-----------------+--------------+---------------------------------------+---------------------------------------------------------------------------+---------------------------------------------------------------+
| Global Id | Source Id | Driver Type/Pin | Constraint | Site           | Clock Region | Load Clock Region | Clock Loads | Non-Clock Loads | Clock Period | Clock                                 | Driver Pin                                                                | Net                                                           |
+-----------+-----------+-----------------+------------+----------------+--------------+-------------------+-------------+-----------------+--------------+---------------------------------------+---------------------------------------------------------------------------+---------------------------------------------------------------+
| g0        | src0      | BUFG/O          | None       | BUFGCTRL_X0Y1  | n/a          |                 6 |       14293 |               0 |       10.000 | HLS_pear_clk_design_IP_clk_wiz_1_0_1  | design_IP_i/clk_wiz_1/inst/clkout1_buf/O                                  | design_IP_i/clk_wiz_1/inst/HLS_pear_clk                       |
| g1        | src1      | BUFG/O          | None       | BUFGCTRL_X0Y0  | n/a          |                 6 |       11269 |               0 |        8.547 | AXI_clk_design_IP_clk_wiz_0_0         | design_IP_i/clk_wiz_0/inst/clkout1_buf/O                                  | design_IP_i/clk_wiz_0/inst/AXI_clk                            |
| g2        | src0      | BUFG/O          | None       | BUFGCTRL_X0Y2  | n/a          |                 6 |        9459 |               0 |       10.000 | HLS_mul64_clk_design_IP_clk_wiz_1_0_1 | design_IP_i/clk_wiz_1/inst/clkout3_buf/O                                  | design_IP_i/clk_wiz_1/inst/HLS_mul64_clk                      |
| g3        | src1      | BUFG/O          | None       | BUFGCTRL_X0Y3  | n/a          |                 6 |        9455 |               0 |        8.205 | HLS_CLK_design_IP_clk_wiz_0_0         | design_IP_i/clk_wiz_0/inst/clkout2_buf/O                                  | design_IP_i/clk_wiz_0/inst/HLS_CLK                            |
| g4        | src0      | BUFG/O          | None       | BUFGCTRL_X0Y4  | n/a          |                 4 |        7772 |               0 |       10.000 | HLS_mul32_clk_design_IP_clk_wiz_1_0_1 | design_IP_i/clk_wiz_1/inst/clkout2_buf/O                                  | design_IP_i/clk_wiz_1/inst/HLS_mul32_clk                      |
| g5        | src1      | BUFG/O          | None       | BUFGCTRL_X0Y5  | n/a          |                 6 |        6480 |               0 |       10.028 | HLS_km_CLK_design_IP_clk_wiz_0_0      | design_IP_i/clk_wiz_0/inst/clkout3_buf/O                                  | design_IP_i/clk_wiz_0/inst/HLS_km_CLK                         |
| g6        | src1      | BUFG/O          | None       | BUFGCTRL_X0Y6  | n/a          |                 1 |           1 |               0 |       40.000 | clkfbout_design_IP_clk_wiz_0_0        | design_IP_i/clk_wiz_0/inst/clkf_buf/O                                     | design_IP_i/clk_wiz_0/inst/clkfbout_buf_design_IP_clk_wiz_0_0 |
| g7        | src0      | BUFG/O          | None       | BUFGCTRL_X0Y7  | n/a          |                 1 |           1 |               0 |       10.000 | clkfbout_design_IP_clk_wiz_1_0_1      | design_IP_i/clk_wiz_1/inst/clkf_buf/O                                     | design_IP_i/clk_wiz_1/inst/clkfbout_buf_design_IP_clk_wiz_1_0 |
| g8        | src2      | BUFG/O          | None       | BUFGCTRL_X0Y16 | n/a          |                 1 |           1 |               0 |       10.000 | clk_fpga_0                            | design_IP_i/processing_system7_0/inst/buffer_fclk_clk_0.FCLK_CLK_0_BUFG/O | design_IP_i/processing_system7_0/inst/FCLK_CLK0               |
| g9        | src2      | BUFG/O          | None       | BUFGCTRL_X0Y17 | n/a          |                 1 |           1 |               0 |       10.000 | clk_fpga_1                            | design_IP_i/processing_system7_0/inst/buffer_fclk_clk_1.FCLK_CLK_1_BUFG/O | design_IP_i/processing_system7_0/inst/FCLK_CLK1               |
+-----------+-----------+-----------------+------------+----------------+--------------+-------------------+-------------+-----------------+--------------+---------------------------------------+---------------------------------------------------------------------------+---------------------------------------------------------------+
* Clock Loads column represents the clock pin loads (pin count)
** Non-Clock Loads column represents the non-clock pin loads (pin count)


3. Global Clock Source Details
------------------------------

+-----------+-----------+---------------------+------------+-----------------+--------------+-------------+-----------------+---------------------+---------------------------------------+--------------------------------------------------------+----------------------------------------------------------------+
| Source Id | Global Id | Driver Type/Pin     | Constraint | Site            | Clock Region | Clock Loads | Non-Clock Loads | Source Clock Period | Source Clock                          | Driver Pin                                             | Net                                                            |
+-----------+-----------+---------------------+------------+-----------------+--------------+-------------+-----------------+---------------------+---------------------------------------+--------------------------------------------------------+----------------------------------------------------------------+
| src0      | g4        | MMCME2_ADV/CLKOUT1  | None       | MMCME2_ADV_X1Y0 | X1Y0         |           1 |               0 |              10.000 | HLS_mul32_clk_design_IP_clk_wiz_1_0_1 | design_IP_i/clk_wiz_1/inst/mmcm_adv_inst/CLKOUT1       | design_IP_i/clk_wiz_1/inst/HLS_mul32_clk_design_IP_clk_wiz_1_0 |
| src0      | g2        | MMCME2_ADV/CLKOUT2  | None       | MMCME2_ADV_X1Y0 | X1Y0         |           1 |               0 |              10.000 | HLS_mul64_clk_design_IP_clk_wiz_1_0_1 | design_IP_i/clk_wiz_1/inst/mmcm_adv_inst/CLKOUT2       | design_IP_i/clk_wiz_1/inst/HLS_mul64_clk_design_IP_clk_wiz_1_0 |
| src0      | g0        | MMCME2_ADV/CLKOUT0  | None       | MMCME2_ADV_X1Y0 | X1Y0         |           1 |               0 |              10.000 | HLS_pear_clk_design_IP_clk_wiz_1_0_1  | design_IP_i/clk_wiz_1/inst/mmcm_adv_inst/CLKOUT0       | design_IP_i/clk_wiz_1/inst/HLS_pear_clk_design_IP_clk_wiz_1_0  |
| src0      | g7        | MMCME2_ADV/CLKFBOUT | None       | MMCME2_ADV_X1Y0 | X1Y0         |           1 |               0 |              10.000 | clkfbout_design_IP_clk_wiz_1_0_1      | design_IP_i/clk_wiz_1/inst/mmcm_adv_inst/CLKFBOUT      | design_IP_i/clk_wiz_1/inst/clkfbout_design_IP_clk_wiz_1_0      |
| src1      | g1        | MMCME2_ADV/CLKOUT0  | None       | MMCME2_ADV_X0Y0 | X0Y0         |           1 |               0 |               8.547 | AXI_clk_design_IP_clk_wiz_0_0         | design_IP_i/clk_wiz_0/inst/mmcm_adv_inst/CLKOUT0       | design_IP_i/clk_wiz_0/inst/AXI_clk_design_IP_clk_wiz_0_0       |
| src1      | g3        | MMCME2_ADV/CLKOUT1  | None       | MMCME2_ADV_X0Y0 | X0Y0         |           1 |               0 |               8.205 | HLS_CLK_design_IP_clk_wiz_0_0         | design_IP_i/clk_wiz_0/inst/mmcm_adv_inst/CLKOUT1       | design_IP_i/clk_wiz_0/inst/HLS_CLK_design_IP_clk_wiz_0_0       |
| src1      | g5        | MMCME2_ADV/CLKOUT2  | None       | MMCME2_ADV_X0Y0 | X0Y0         |           1 |               0 |              10.028 | HLS_km_CLK_design_IP_clk_wiz_0_0      | design_IP_i/clk_wiz_0/inst/mmcm_adv_inst/CLKOUT2       | design_IP_i/clk_wiz_0/inst/HLS_km_CLK_design_IP_clk_wiz_0_0    |
| src1      | g6        | MMCME2_ADV/CLKFBOUT | None       | MMCME2_ADV_X0Y0 | X0Y0         |           1 |               0 |              40.000 | clkfbout_design_IP_clk_wiz_0_0        | design_IP_i/clk_wiz_0/inst/mmcm_adv_inst/CLKFBOUT      | design_IP_i/clk_wiz_0/inst/clkfbout_design_IP_clk_wiz_0_0      |
| src2      | g8        | PS7/FCLKCLK[0]      | PS7_X0Y0   | PS7_X0Y0        | X0Y2         |           1 |               0 |              10.000 | clk_fpga_0                            | design_IP_i/processing_system7_0/inst/PS7_i/FCLKCLK[0] | design_IP_i/processing_system7_0/inst/FCLK_CLK_unbuffered[0]   |
| src2      | g9        | PS7/FCLKCLK[1]      | PS7_X0Y0   | PS7_X0Y0        | X0Y2         |           1 |               0 |              10.000 | clk_fpga_1                            | design_IP_i/processing_system7_0/inst/PS7_i/FCLKCLK[1] | design_IP_i/processing_system7_0/inst/FCLK_CLK_unbuffered[1]   |
+-----------+-----------+---------------------+------------+-----------------+--------------+-------------+-----------------+---------------------+---------------------------------------+--------------------------------------------------------+----------------------------------------------------------------+
* Clock Loads column represents the clock pin loads (pin count)
** Non-Clock Loads column represents the non-clock pin loads (pin count)


4. Clock Regions: Key Resource Utilization
------------------------------------------

+-------------------+--------------+--------------+--------------+--------------+--------------+--------------+--------------+--------------+--------------+--------------+---------------+--------------+--------------+--------------+--------------+
|                   | Global Clock |     BUFRs    |    BUFMRs    |    BUFIOs    |     MMCM     |      PLL     |      GT      |      PCI     |    ILOGIC    |    OLOGIC    |       FF      |     LUTM     |    RAMB18    |    RAMB36    |    DSP48E2   |
+-------------------+------+-------+------+-------+------+-------+------+-------+------+-------+------+-------+------+-------+------+-------+------+-------+------+-------+-------+-------+------+-------+------+-------+------+-------+------+-------+
| Clock Region Name | Used | Avail | Used | Avail | Used | Avail | Used | Avail | Used | Avail | Used | Avail | Used | Avail | Used | Avail | Used | Avail | Used | Avail | Used  | Avail | Used | Avail | Used | Avail | Used | Avail | Used | Avail |
+-------------------+------+-------+------+-------+------+-------+------+-------+------+-------+------+-------+------+-------+------+-------+------+-------+------+-------+-------+-------+------+-------+------+-------+------+-------+------+-------+
| X0Y0              |    7 |    12 |    0 |     4 |    0 |     2 |    0 |     4 |    1 |     1 |    0 |     1 |    0 |     0 |    0 |     0 |    0 |    50 |    0 |    50 | 10157 |  2500 | 4003 |  1000 |    0 |    60 |   20 |    30 |   32 |    60 |
| X1Y0              |    8 |    12 |    0 |     4 |    0 |     2 |    0 |     4 |    1 |     1 |    0 |     1 |    0 |     0 |    0 |     0 |    0 |    50 |    0 |    50 | 13828 |  3200 | 4378 |   850 |    0 |    60 |    4 |    30 |   14 |    40 |
| X0Y1              |    5 |    12 |    0 |     0 |    0 |     0 |    0 |     0 |    0 |     0 |    0 |     0 |    0 |     0 |    0 |     0 |    0 |     0 |    0 |     0 |  4913 |  1200 | 1885 |   400 |    1 |    20 |    0 |    10 |    0 |    20 |
| X1Y1              |    6 |    12 |    0 |     4 |    0 |     2 |    0 |     4 |    0 |     1 |    0 |     1 |    0 |     0 |    0 |     0 |    0 |    50 |    0 |    50 | 10693 |  2600 | 3254 |   850 |    1 |    60 |    1 |    30 |    0 |    40 |
| X0Y2              |    6 |    12 |    0 |     0 |    0 |     0 |    0 |     0 |    0 |     0 |    0 |     0 |    0 |     0 |    0 |     0 |    0 |     0 |    0 |     0 |  5466 |  1200 | 1610 |   400 |    0 |    20 |    0 |    10 |    0 |    20 |
| X1Y2              |    6 |    12 |    0 |     4 |    0 |     2 |    0 |     4 |    0 |     1 |    0 |     1 |    0 |     0 |    0 |     0 |    0 |    50 |    0 |    50 | 11279 |  2600 | 3453 |   850 |    0 |    60 |    2 |    30 |   10 |    40 |
+-------------------+------+-------+------+-------+------+-------+------+-------+------+-------+------+-------+------+-------+------+-------+------+-------+------+-------+-------+-------+------+-------+------+-------+------+-------+------+-------+
* Global Clock column represents track count; while other columns represents cell counts


5. Clock Regions : Global Clock Summary
---------------------------------------

All Modules
+----+----+----+
|    | X0 | X1 |
+----+----+----+
| Y2 |  6 |  6 |
| Y1 |  5 |  6 |
| Y0 |  7 |  8 |
+----+----+----+


6. Device Cell Placement Summary for Global Clock g0
----------------------------------------------------

+-----------+-----------------+-------------------+--------------------------------------+-------------+---------------+-------------+----------+----------------+----------+-----------------------------------------+
| Global Id | Driver Type/Pin | Driver Region (D) | Clock                                | Period (ns) | Waveform (ns) | Slice Loads | IO Loads | Clocking Loads | GT Loads | Net                                     |
+-----------+-----------------+-------------------+--------------------------------------+-------------+---------------+-------------+----------+----------------+----------+-----------------------------------------+
| g0        | BUFG/O          | n/a               | HLS_pear_clk_design_IP_clk_wiz_1_0_1 |      10.000 | {0.000 5.000} |       14221 |        0 |              0 |        0 | design_IP_i/clk_wiz_1/inst/HLS_pear_clk |
+-----------+-----------------+-------------------+--------------------------------------+-------------+---------------+-------------+----------+----------------+----------+-----------------------------------------+
* Slice Loads column represents load cell count of all cell types other than IO, GT and clock resources
** IO Loads column represents load cell count of IO types
*** Clocking Loads column represents load cell count that are clock resources (global clock buffer, MMCM, PLL, etc)
**** GT Loads column represents load cell count of GT types


+----+------+--------+
|    | X0   | X1     |
+----+------+--------+
| Y2 |   44 |    970 |
| Y1 |   20 |    861 |
| Y0 |  487 |  11839 |
+----+------+--------+


7. Device Cell Placement Summary for Global Clock g1
----------------------------------------------------

+-----------+-----------------+-------------------+-------------------------------+-------------+---------------+-------------+----------+----------------+----------+------------------------------------+
| Global Id | Driver Type/Pin | Driver Region (D) | Clock                         | Period (ns) | Waveform (ns) | Slice Loads | IO Loads | Clocking Loads | GT Loads | Net                                |
+-----------+-----------------+-------------------+-------------------------------+-------------+---------------+-------------+----------+----------------+----------+------------------------------------+
| g1        | BUFG/O          | n/a               | AXI_clk_design_IP_clk_wiz_0_0 |       8.547 | {0.000 4.274} |       11119 |        0 |              0 |        0 | design_IP_i/clk_wiz_0/inst/AXI_clk |
+-----------+-----------------+-------------------+-------------------------------+-------------+---------------+-------------+----------+----------------+----------+------------------------------------+
* Slice Loads column represents load cell count of all cell types other than IO, GT and clock resources
** IO Loads column represents load cell count of IO types
*** Clocking Loads column represents load cell count that are clock resources (global clock buffer, MMCM, PLL, etc)
**** GT Loads column represents load cell count of GT types


+----+-------+-------+
|    | X0    | X1    |
+----+-------+-------+
| Y2 |  3795 |  2982 |
| Y1 |  1691 |  2499 |
| Y0 |    12 |   140 |
+----+-------+-------+


8. Device Cell Placement Summary for Global Clock g2
----------------------------------------------------

+-----------+-----------------+-------------------+---------------------------------------+-------------+---------------+-------------+----------+----------------+----------+------------------------------------------+
| Global Id | Driver Type/Pin | Driver Region (D) | Clock                                 | Period (ns) | Waveform (ns) | Slice Loads | IO Loads | Clocking Loads | GT Loads | Net                                      |
+-----------+-----------------+-------------------+---------------------------------------+-------------+---------------+-------------+----------+----------------+----------+------------------------------------------+
| g2        | BUFG/O          | n/a               | HLS_mul64_clk_design_IP_clk_wiz_1_0_1 |      10.000 | {0.000 5.000} |        9374 |        0 |              0 |        0 | design_IP_i/clk_wiz_1/inst/HLS_mul64_clk |
+-----------+-----------------+-------------------+---------------------------------------+-------------+---------------+-------------+----------+----------------+----------+------------------------------------------+
* Slice Loads column represents load cell count of all cell types other than IO, GT and clock resources
** IO Loads column represents load cell count of IO types
*** Clocking Loads column represents load cell count that are clock resources (global clock buffer, MMCM, PLL, etc)
**** GT Loads column represents load cell count of GT types


+----+-------+-------+
|    | X0    | X1    |
+----+-------+-------+
| Y2 |     2 |   880 |
| Y1 |    25 |  4705 |
| Y0 |  2174 |  1588 |
+----+-------+-------+


9. Device Cell Placement Summary for Global Clock g3
----------------------------------------------------

+-----------+-----------------+-------------------+-------------------------------+-------------+---------------+-------------+----------+----------------+----------+------------------------------------+
| Global Id | Driver Type/Pin | Driver Region (D) | Clock                         | Period (ns) | Waveform (ns) | Slice Loads | IO Loads | Clocking Loads | GT Loads | Net                                |
+-----------+-----------------+-------------------+-------------------------------+-------------+---------------+-------------+----------+----------------+----------+------------------------------------+
| g3        | BUFG/O          | n/a               | HLS_CLK_design_IP_clk_wiz_0_0 |       8.205 | {0.000 4.103} |        9370 |        0 |              0 |        0 | design_IP_i/clk_wiz_0/inst/HLS_CLK |
+-----------+-----------------+-------------------+-------------------------------+-------------+---------------+-------------+----------+----------------+----------+------------------------------------+
* Slice Loads column represents load cell count of all cell types other than IO, GT and clock resources
** IO Loads column represents load cell count of IO types
*** Clocking Loads column represents load cell count that are clock resources (global clock buffer, MMCM, PLL, etc)
**** GT Loads column represents load cell count of GT types


+----+-------+------+
|    | X0    | X1   |
+----+-------+------+
| Y2 |   534 |   51 |
| Y1 |  3335 |  713 |
| Y0 |  4278 |  459 |
+----+-------+------+


10. Device Cell Placement Summary for Global Clock g4
-----------------------------------------------------

+-----------+-----------------+-------------------+---------------------------------------+-------------+---------------+-------------+----------+----------------+----------+------------------------------------------+
| Global Id | Driver Type/Pin | Driver Region (D) | Clock                                 | Period (ns) | Waveform (ns) | Slice Loads | IO Loads | Clocking Loads | GT Loads | Net                                      |
+-----------+-----------------+-------------------+---------------------------------------+-------------+---------------+-------------+----------+----------------+----------+------------------------------------------+
| g4        | BUFG/O          | n/a               | HLS_mul32_clk_design_IP_clk_wiz_1_0_1 |      10.000 | {0.000 5.000} |        7696 |        0 |              0 |        0 | design_IP_i/clk_wiz_1/inst/HLS_mul32_clk |
+-----------+-----------------+-------------------+---------------------------------------+-------------+---------------+-------------+----------+----------------+----------+------------------------------------------+
* Slice Loads column represents load cell count of all cell types other than IO, GT and clock resources
** IO Loads column represents load cell count of IO types
*** Clocking Loads column represents load cell count that are clock resources (global clock buffer, MMCM, PLL, etc)
**** GT Loads column represents load cell count of GT types


+----+----+-------+
|    | X0 | X1    |
+----+----+-------+
| Y2 |  2 |  6031 |
| Y1 |  0 |  1576 |
| Y0 |  0 |    87 |
+----+----+-------+


11. Device Cell Placement Summary for Global Clock g5
-----------------------------------------------------

+-----------+-----------------+-------------------+----------------------------------+-------------+---------------+-------------+----------+----------------+----------+---------------------------------------+
| Global Id | Driver Type/Pin | Driver Region (D) | Clock                            | Period (ns) | Waveform (ns) | Slice Loads | IO Loads | Clocking Loads | GT Loads | Net                                   |
+-----------+-----------------+-------------------+----------------------------------+-------------+---------------+-------------+----------+----------------+----------+---------------------------------------+
| g5        | BUFG/O          | n/a               | HLS_km_CLK_design_IP_clk_wiz_0_0 |      10.028 | {0.000 5.014} |        6405 |        0 |              0 |        0 | design_IP_i/clk_wiz_0/inst/HLS_km_CLK |
+-----------+-----------------+-------------------+----------------------------------+-------------+---------------+-------------+----------+----------------+----------+---------------------------------------+
* Slice Loads column represents load cell count of all cell types other than IO, GT and clock resources
** IO Loads column represents load cell count of IO types
*** Clocking Loads column represents load cell count that are clock resources (global clock buffer, MMCM, PLL, etc)
**** GT Loads column represents load cell count of GT types


+----+-------+------+
|    | X0    | X1   |
+----+-------+------+
| Y2 |  1247 |  658 |
| Y1 |    83 |  656 |
| Y0 |  3340 |  421 |
+----+-------+------+


12. Device Cell Placement Summary for Global Clock g6
-----------------------------------------------------

+-----------+-----------------+-------------------+--------------------------------+-------------+----------------+-------------+----------+----------------+----------+---------------------------------------------------------------+
| Global Id | Driver Type/Pin | Driver Region (D) | Clock                          | Period (ns) | Waveform (ns)  | Slice Loads | IO Loads | Clocking Loads | GT Loads | Net                                                           |
+-----------+-----------------+-------------------+--------------------------------+-------------+----------------+-------------+----------+----------------+----------+---------------------------------------------------------------+
| g6        | BUFG/O          | n/a               | clkfbout_design_IP_clk_wiz_0_0 |      40.000 | {0.000 20.000} |           0 |        0 |              1 |        0 | design_IP_i/clk_wiz_0/inst/clkfbout_buf_design_IP_clk_wiz_0_0 |
+-----------+-----------------+-------------------+--------------------------------+-------------+----------------+-------------+----------+----------------+----------+---------------------------------------------------------------+
* Slice Loads column represents load cell count of all cell types other than IO, GT and clock resources
** IO Loads column represents load cell count of IO types
*** Clocking Loads column represents load cell count that are clock resources (global clock buffer, MMCM, PLL, etc)
**** GT Loads column represents load cell count of GT types


+----+----+----+
|    | X0 | X1 |
+----+----+----+
| Y2 |  0 |  0 |
| Y1 |  0 |  0 |
| Y0 |  1 |  0 |
+----+----+----+


13. Device Cell Placement Summary for Global Clock g7
-----------------------------------------------------

+-----------+-----------------+-------------------+----------------------------------+-------------+---------------+-------------+----------+----------------+----------+---------------------------------------------------------------+
| Global Id | Driver Type/Pin | Driver Region (D) | Clock                            | Period (ns) | Waveform (ns) | Slice Loads | IO Loads | Clocking Loads | GT Loads | Net                                                           |
+-----------+-----------------+-------------------+----------------------------------+-------------+---------------+-------------+----------+----------------+----------+---------------------------------------------------------------+
| g7        | BUFG/O          | n/a               | clkfbout_design_IP_clk_wiz_1_0_1 |      10.000 | {0.000 5.000} |           0 |        0 |              1 |        0 | design_IP_i/clk_wiz_1/inst/clkfbout_buf_design_IP_clk_wiz_1_0 |
+-----------+-----------------+-------------------+----------------------------------+-------------+---------------+-------------+----------+----------------+----------+---------------------------------------------------------------+
* Slice Loads column represents load cell count of all cell types other than IO, GT and clock resources
** IO Loads column represents load cell count of IO types
*** Clocking Loads column represents load cell count that are clock resources (global clock buffer, MMCM, PLL, etc)
**** GT Loads column represents load cell count of GT types


+----+----+----+
|    | X0 | X1 |
+----+----+----+
| Y2 |  0 |  0 |
| Y1 |  0 |  0 |
| Y0 |  0 |  1 |
+----+----+----+


14. Device Cell Placement Summary for Global Clock g8
-----------------------------------------------------

+-----------+-----------------+-------------------+------------+-------------+---------------+-------------+----------+----------------+----------+-------------------------------------------------+
| Global Id | Driver Type/Pin | Driver Region (D) | Clock      | Period (ns) | Waveform (ns) | Slice Loads | IO Loads | Clocking Loads | GT Loads | Net                                             |
+-----------+-----------------+-------------------+------------+-------------+---------------+-------------+----------+----------------+----------+-------------------------------------------------+
| g8        | BUFG/O          | n/a               | clk_fpga_0 |      10.000 | {0.000 5.000} |           0 |        0 |              1 |        0 | design_IP_i/processing_system7_0/inst/FCLK_CLK0 |
+-----------+-----------------+-------------------+------------+-------------+---------------+-------------+----------+----------------+----------+-------------------------------------------------+
* Slice Loads column represents load cell count of all cell types other than IO, GT and clock resources
** IO Loads column represents load cell count of IO types
*** Clocking Loads column represents load cell count that are clock resources (global clock buffer, MMCM, PLL, etc)
**** GT Loads column represents load cell count of GT types


+----+----+----+
|    | X0 | X1 |
+----+----+----+
| Y2 |  0 |  0 |
| Y1 |  0 |  0 |
| Y0 |  1 |  0 |
+----+----+----+


15. Device Cell Placement Summary for Global Clock g9
-----------------------------------------------------

+-----------+-----------------+-------------------+------------+-------------+---------------+-------------+----------+----------------+----------+-------------------------------------------------+
| Global Id | Driver Type/Pin | Driver Region (D) | Clock      | Period (ns) | Waveform (ns) | Slice Loads | IO Loads | Clocking Loads | GT Loads | Net                                             |
+-----------+-----------------+-------------------+------------+-------------+---------------+-------------+----------+----------------+----------+-------------------------------------------------+
| g9        | BUFG/O          | n/a               | clk_fpga_1 |      10.000 | {0.000 5.000} |           0 |        0 |              1 |        0 | design_IP_i/processing_system7_0/inst/FCLK_CLK1 |
+-----------+-----------------+-------------------+------------+-------------+---------------+-------------+----------+----------------+----------+-------------------------------------------------+
* Slice Loads column represents load cell count of all cell types other than IO, GT and clock resources
** IO Loads column represents load cell count of IO types
*** Clocking Loads column represents load cell count that are clock resources (global clock buffer, MMCM, PLL, etc)
**** GT Loads column represents load cell count of GT types


+----+----+----+
|    | X0 | X1 |
+----+----+----+
| Y2 |  0 |  0 |
| Y1 |  0 |  0 |
| Y0 |  0 |  1 |
+----+----+----+


16. Clock Region Cell Placement per Global Clock: Region X0Y0
-------------------------------------------------------------

+-----------+-------+-----------------+------------+-------------+-----------------+------+--------+------+-----+----+------+-----+---------+---------------------------------------------------------------+
| Global Id | Track | Driver Type/Pin | Constraint | Clock Loads | Non-Clock Loads | FF   | LUTRAM | RAMB | DSP | GT | MMCM | PLL | Hard IP | Net                                                           |
+-----------+-------+-----------------+------------+-------------+-----------------+------+--------+------+-----+----+------+-----+---------+---------------------------------------------------------------+
| g0        | n/a   | BUFG/O          | None       |         487 |               0 |  474 |      8 |    0 |   5 |  0 |    0 |   0 |       0 | design_IP_i/clk_wiz_1/inst/HLS_pear_clk                       |
| g1        | n/a   | BUFG/O          | None       |          12 |               0 |   12 |      0 |    0 |   0 |  0 |    0 |   0 |       0 | design_IP_i/clk_wiz_0/inst/AXI_clk                            |
| g2        | n/a   | BUFG/O          | None       |        2174 |               0 | 2155 |      0 |    8 |  10 |  0 |    0 |   0 |       0 | design_IP_i/clk_wiz_1/inst/HLS_mul64_clk                      |
| g3        | n/a   | BUFG/O          | None       |        4278 |               0 | 4218 |     38 |   12 |  10 |  0 |    0 |   0 |       0 | design_IP_i/clk_wiz_0/inst/HLS_CLK                            |
| g5        | n/a   | BUFG/O          | None       |        3340 |               0 | 3298 |     34 |    0 |   7 |  0 |    0 |   0 |       0 | design_IP_i/clk_wiz_0/inst/HLS_km_CLK                         |
| g6        | n/a   | BUFG/O          | None       |           1 |               0 |    0 |      0 |    0 |   0 |  0 |    1 |   0 |       0 | design_IP_i/clk_wiz_0/inst/clkfbout_buf_design_IP_clk_wiz_0_0 |
| g8        | n/a   | BUFG/O          | None       |           1 |               0 |    0 |      0 |    0 |   0 |  0 |    1 |   0 |       0 | design_IP_i/processing_system7_0/inst/FCLK_CLK0               |
+-----------+-------+-----------------+------------+-------------+-----------------+------+--------+------+-----+----+------+-----+---------+---------------------------------------------------------------+
* Clock Loads column represents the clock pin loads (pin count)
** Non-Clock Loads column represents the non-clock pin loads (pin count)
*** Columns FF, LUTRAM, RAMB through 'Hard IP' represents load cell counts


17. Clock Region Cell Placement per Global Clock: Region X1Y0
-------------------------------------------------------------

+-----------+-------+-----------------+------------+-------------+-----------------+-------+--------+------+-----+----+------+-----+---------+---------------------------------------------------------------+
| Global Id | Track | Driver Type/Pin | Constraint | Clock Loads | Non-Clock Loads | FF    | LUTRAM | RAMB | DSP | GT | MMCM | PLL | Hard IP | Net                                                           |
+-----------+-------+-----------------+------------+-------------+-----------------+-------+--------+------+-----+----+------+-----+---------+---------------------------------------------------------------+
| g0        | n/a   | BUFG/O          | None       |       11839 |               0 | 11170 |    655 |    0 |  14 |  0 |    0 |   0 |       0 | design_IP_i/clk_wiz_1/inst/HLS_pear_clk                       |
| g1        | n/a   | BUFG/O          | None       |         140 |               0 |   140 |      0 |    0 |   0 |  0 |    0 |   0 |       0 | design_IP_i/clk_wiz_0/inst/AXI_clk                            |
| g2        | n/a   | BUFG/O          | None       |        1588 |               0 |  1553 |     30 |    4 |   0 |  0 |    0 |   0 |       0 | design_IP_i/clk_wiz_1/inst/HLS_mul64_clk                      |
| g3        | n/a   | BUFG/O          | None       |         459 |               0 |   459 |      0 |    0 |   0 |  0 |    0 |   0 |       0 | design_IP_i/clk_wiz_0/inst/HLS_CLK                            |
| g4        | n/a   | BUFG/O          | None       |          87 |               0 |    87 |      0 |    0 |   0 |  0 |    0 |   0 |       0 | design_IP_i/clk_wiz_1/inst/HLS_mul32_clk                      |
| g5        | n/a   | BUFG/O          | None       |         421 |               0 |   419 |      0 |    0 |   0 |  0 |    0 |   0 |       0 | design_IP_i/clk_wiz_0/inst/HLS_km_CLK                         |
| g7        | n/a   | BUFG/O          | None       |           1 |               0 |     0 |      0 |    0 |   0 |  0 |    1 |   0 |       0 | design_IP_i/clk_wiz_1/inst/clkfbout_buf_design_IP_clk_wiz_1_0 |
| g9        | n/a   | BUFG/O          | None       |           1 |               0 |     0 |      0 |    0 |   0 |  0 |    1 |   0 |       0 | design_IP_i/processing_system7_0/inst/FCLK_CLK1               |
+-----------+-------+-----------------+------------+-------------+-----------------+-------+--------+------+-----+----+------+-----+---------+---------------------------------------------------------------+
* Clock Loads column represents the clock pin loads (pin count)
** Non-Clock Loads column represents the non-clock pin loads (pin count)
*** Columns FF, LUTRAM, RAMB through 'Hard IP' represents load cell counts


18. Clock Region Cell Placement per Global Clock: Region X0Y1
-------------------------------------------------------------

+-----------+-------+-----------------+------------+-------------+-----------------+------+--------+------+-----+----+------+-----+---------+------------------------------------------+
| Global Id | Track | Driver Type/Pin | Constraint | Clock Loads | Non-Clock Loads | FF   | LUTRAM | RAMB | DSP | GT | MMCM | PLL | Hard IP | Net                                      |
+-----------+-------+-----------------+------------+-------------+-----------------+------+--------+------+-----+----+------+-----+---------+------------------------------------------+
| g0        | n/a   | BUFG/O          | None       |          20 |               0 |   20 |      0 |    0 |   0 |  0 |    0 |   0 |       0 | design_IP_i/clk_wiz_1/inst/HLS_pear_clk  |
| g1        | n/a   | BUFG/O          | None       |        1691 |               0 | 1624 |     67 |    0 |   0 |  0 |    0 |   0 |       0 | design_IP_i/clk_wiz_0/inst/AXI_clk       |
| g2        | n/a   | BUFG/O          | None       |          25 |               0 |   25 |      0 |    0 |   0 |  0 |    0 |   0 |       0 | design_IP_i/clk_wiz_1/inst/HLS_mul64_clk |
| g3        | n/a   | BUFG/O          | None       |        3335 |               0 | 3162 |    171 |    1 |   0 |  0 |    0 |   0 |       0 | design_IP_i/clk_wiz_0/inst/HLS_CLK       |
| g5        | n/a   | BUFG/O          | None       |          83 |               0 |   82 |      0 |    0 |   0 |  0 |    0 |   0 |       0 | design_IP_i/clk_wiz_0/inst/HLS_km_CLK    |
+-----------+-------+-----------------+------------+-------------+-----------------+------+--------+------+-----+----+------+-----+---------+------------------------------------------+
* Clock Loads column represents the clock pin loads (pin count)
** Non-Clock Loads column represents the non-clock pin loads (pin count)
*** Columns FF, LUTRAM, RAMB through 'Hard IP' represents load cell counts


19. Clock Region Cell Placement per Global Clock: Region X1Y1
-------------------------------------------------------------

+-----------+-------+-----------------+------------+-------------+-----------------+------+--------+------+-----+----+------+-----+---------+------------------------------------------+
| Global Id | Track | Driver Type/Pin | Constraint | Clock Loads | Non-Clock Loads | FF   | LUTRAM | RAMB | DSP | GT | MMCM | PLL | Hard IP | Net                                      |
+-----------+-------+-----------------+------------+-------------+-----------------+------+--------+------+-----+----+------+-----+---------+------------------------------------------+
| g0        | n/a   | BUFG/O          | None       |         861 |               0 |  832 |     27 |    0 |   0 |  0 |    0 |   0 |       0 | design_IP_i/clk_wiz_1/inst/HLS_pear_clk  |
| g1        | n/a   | BUFG/O          | None       |        2499 |               0 | 2499 |      0 |    0 |   0 |  0 |    0 |   0 |       0 | design_IP_i/clk_wiz_0/inst/AXI_clk       |
| g2        | n/a   | BUFG/O          | None       |        4705 |               0 | 4507 |    197 |    0 |   0 |  0 |    0 |   0 |       0 | design_IP_i/clk_wiz_1/inst/HLS_mul64_clk |
| g3        | n/a   | BUFG/O          | None       |         713 |               0 |  688 |     24 |    1 |   0 |  0 |    0 |   0 |       0 | design_IP_i/clk_wiz_0/inst/HLS_CLK       |
| g4        | n/a   | BUFG/O          | None       |        1576 |               0 | 1537 |     36 |    1 |   0 |  0 |    0 |   0 |       0 | design_IP_i/clk_wiz_1/inst/HLS_mul32_clk |
| g5        | n/a   | BUFG/O          | None       |         656 |               0 |  630 |     26 |    0 |   0 |  0 |    0 |   0 |       0 | design_IP_i/clk_wiz_0/inst/HLS_km_CLK    |
+-----------+-------+-----------------+------------+-------------+-----------------+------+--------+------+-----+----+------+-----+---------+------------------------------------------+
* Clock Loads column represents the clock pin loads (pin count)
** Non-Clock Loads column represents the non-clock pin loads (pin count)
*** Columns FF, LUTRAM, RAMB through 'Hard IP' represents load cell counts


20. Clock Region Cell Placement per Global Clock: Region X0Y2
-------------------------------------------------------------

+-----------+-------+-----------------+------------+-------------+-----------------+------+--------+------+-----+----+------+-----+---------+------------------------------------------+
| Global Id | Track | Driver Type/Pin | Constraint | Clock Loads | Non-Clock Loads | FF   | LUTRAM | RAMB | DSP | GT | MMCM | PLL | Hard IP | Net                                      |
+-----------+-------+-----------------+------------+-------------+-----------------+------+--------+------+-----+----+------+-----+---------+------------------------------------------+
| g0        | n/a   | BUFG/O          | None       |          44 |               0 |   44 |      0 |    0 |   0 |  0 |    0 |   0 |       0 | design_IP_i/clk_wiz_1/inst/HLS_pear_clk  |
| g1        | n/a   | BUFG/O          | None       |        3795 |               0 | 3706 |     88 |    0 |   0 |  0 |    0 |   0 |       0 | design_IP_i/clk_wiz_0/inst/AXI_clk       |
| g2        | n/a   | BUFG/O          | None       |           2 |               0 |    2 |      0 |    0 |   0 |  0 |    0 |   0 |       0 | design_IP_i/clk_wiz_1/inst/HLS_mul64_clk |
| g3        | n/a   | BUFG/O          | None       |         534 |               0 |  515 |     19 |    0 |   0 |  0 |    0 |   0 |       0 | design_IP_i/clk_wiz_0/inst/HLS_CLK       |
| g4        | n/a   | BUFG/O          | None       |           2 |               0 |    2 |      0 |    0 |   0 |  0 |    0 |   0 |       0 | design_IP_i/clk_wiz_1/inst/HLS_mul32_clk |
| g5        | n/a   | BUFG/O          | None       |        1247 |               0 | 1197 |     50 |    0 |   0 |  0 |    0 |   0 |       0 | design_IP_i/clk_wiz_0/inst/HLS_km_CLK    |
+-----------+-------+-----------------+------------+-------------+-----------------+------+--------+------+-----+----+------+-----+---------+------------------------------------------+
* Clock Loads column represents the clock pin loads (pin count)
** Non-Clock Loads column represents the non-clock pin loads (pin count)
*** Columns FF, LUTRAM, RAMB through 'Hard IP' represents load cell counts


21. Clock Region Cell Placement per Global Clock: Region X1Y2
-------------------------------------------------------------

+-----------+-------+-----------------+------------+-------------+-----------------+------+--------+------+-----+----+------+-----+---------+------------------------------------------+
| Global Id | Track | Driver Type/Pin | Constraint | Clock Loads | Non-Clock Loads | FF   | LUTRAM | RAMB | DSP | GT | MMCM | PLL | Hard IP | Net                                      |
+-----------+-------+-----------------+------------+-------------+-----------------+------+--------+------+-----+----+------+-----+---------+------------------------------------------+
| g0        | n/a   | BUFG/O          | None       |         970 |               0 |  915 |     55 |    0 |   0 |  0 |    0 |   0 |       0 | design_IP_i/clk_wiz_1/inst/HLS_pear_clk  |
| g1        | n/a   | BUFG/O          | None       |        2982 |               0 | 2968 |     14 |    0 |   0 |  0 |    0 |   0 |       0 | design_IP_i/clk_wiz_0/inst/AXI_clk       |
| g2        | n/a   | BUFG/O          | None       |         880 |               0 |  855 |     25 |    0 |   0 |  0 |    0 |   0 |       0 | design_IP_i/clk_wiz_1/inst/HLS_mul64_clk |
| g3        | n/a   | BUFG/O          | None       |          51 |               0 |   51 |      0 |    0 |   0 |  0 |    0 |   0 |       0 | design_IP_i/clk_wiz_0/inst/HLS_CLK       |
| g4        | n/a   | BUFG/O          | None       |        6031 |               0 | 5871 |    147 |    2 |  10 |  0 |    0 |   0 |       0 | design_IP_i/clk_wiz_1/inst/HLS_mul32_clk |
| g5        | n/a   | BUFG/O          | None       |         658 |               0 |  619 |     38 |    0 |   0 |  0 |    0 |   0 |       0 | design_IP_i/clk_wiz_0/inst/HLS_km_CLK    |
+-----------+-------+-----------------+------------+-------------+-----------------+------+--------+------+-----+----+------+-----+---------+------------------------------------------+
* Clock Loads column represents the clock pin loads (pin count)
** Non-Clock Loads column represents the non-clock pin loads (pin count)
*** Columns FF, LUTRAM, RAMB through 'Hard IP' represents load cell counts



# Location of BUFG Primitives 
set_property LOC BUFGCTRL_X0Y17 [get_cells design_IP_i/processing_system7_0/inst/buffer_fclk_clk_1.FCLK_CLK_1_BUFG]
set_property LOC BUFGCTRL_X0Y16 [get_cells design_IP_i/processing_system7_0/inst/buffer_fclk_clk_0.FCLK_CLK_0_BUFG]
set_property LOC BUFGCTRL_X0Y7 [get_cells design_IP_i/clk_wiz_1/inst/clkf_buf]
set_property LOC BUFGCTRL_X0Y1 [get_cells design_IP_i/clk_wiz_1/inst/clkout1_buf]
set_property LOC BUFGCTRL_X0Y2 [get_cells design_IP_i/clk_wiz_1/inst/clkout3_buf]
set_property LOC BUFGCTRL_X0Y4 [get_cells design_IP_i/clk_wiz_1/inst/clkout2_buf]
set_property LOC BUFGCTRL_X0Y6 [get_cells design_IP_i/clk_wiz_0/inst/clkf_buf]
set_property LOC BUFGCTRL_X0Y5 [get_cells design_IP_i/clk_wiz_0/inst/clkout3_buf]
set_property LOC BUFGCTRL_X0Y3 [get_cells design_IP_i/clk_wiz_0/inst/clkout2_buf]
set_property LOC BUFGCTRL_X0Y0 [get_cells design_IP_i/clk_wiz_0/inst/clkout1_buf]

# Location of IO Primitives which is load of clock spine

# Location of clock ports

# Clock net "design_IP_i/clk_wiz_1/inst/HLS_pear_clk" driven by instance "design_IP_i/clk_wiz_1/inst/clkout1_buf" located at site "BUFGCTRL_X0Y1"
#startgroup
create_pblock {CLKAG_design_IP_i/clk_wiz_1/inst/HLS_pear_clk}
add_cells_to_pblock [get_pblocks  {CLKAG_design_IP_i/clk_wiz_1/inst/HLS_pear_clk}] [get_cells -filter { PRIMITIVE_GROUP != I/O && IS_PRIMITIVE==1 && PRIMITIVE_LEVEL !=INTERNAL } -of_object [get_pins -filter {DIRECTION==IN} -of_objects [get_nets -hierarchical -filter {PARENT=="design_IP_i/clk_wiz_1/inst/HLS_pear_clk"}]]]
resize_pblock [get_pblocks {CLKAG_design_IP_i/clk_wiz_1/inst/HLS_pear_clk}] -add {CLOCKREGION_X0Y0:CLOCKREGION_X0Y0 CLOCKREGION_X0Y1:CLOCKREGION_X0Y1 CLOCKREGION_X0Y2:CLOCKREGION_X0Y2 CLOCKREGION_X1Y0:CLOCKREGION_X1Y0 CLOCKREGION_X1Y1:CLOCKREGION_X1Y1 CLOCKREGION_X1Y2:CLOCKREGION_X1Y2}
#endgroup

# Clock net "design_IP_i/clk_wiz_1/inst/HLS_mul64_clk" driven by instance "design_IP_i/clk_wiz_1/inst/clkout3_buf" located at site "BUFGCTRL_X0Y2"
#startgroup
create_pblock {CLKAG_design_IP_i/clk_wiz_1/inst/HLS_mul64_clk}
add_cells_to_pblock [get_pblocks  {CLKAG_design_IP_i/clk_wiz_1/inst/HLS_mul64_clk}] [get_cells -filter { PRIMITIVE_GROUP != I/O && IS_PRIMITIVE==1 && PRIMITIVE_LEVEL !=INTERNAL } -of_object [get_pins -filter {DIRECTION==IN} -of_objects [get_nets -hierarchical -filter {PARENT=="design_IP_i/clk_wiz_1/inst/HLS_mul64_clk"}]]]
resize_pblock [get_pblocks {CLKAG_design_IP_i/clk_wiz_1/inst/HLS_mul64_clk}] -add {CLOCKREGION_X0Y0:CLOCKREGION_X0Y0 CLOCKREGION_X0Y1:CLOCKREGION_X0Y1 CLOCKREGION_X0Y2:CLOCKREGION_X0Y2 CLOCKREGION_X1Y0:CLOCKREGION_X1Y0 CLOCKREGION_X1Y1:CLOCKREGION_X1Y1 CLOCKREGION_X1Y2:CLOCKREGION_X1Y2}
#endgroup

# Clock net "design_IP_i/clk_wiz_1/inst/HLS_mul32_clk" driven by instance "design_IP_i/clk_wiz_1/inst/clkout2_buf" located at site "BUFGCTRL_X0Y4"
#startgroup
create_pblock {CLKAG_design_IP_i/clk_wiz_1/inst/HLS_mul32_clk}
add_cells_to_pblock [get_pblocks  {CLKAG_design_IP_i/clk_wiz_1/inst/HLS_mul32_clk}] [get_cells -filter { PRIMITIVE_GROUP != I/O && IS_PRIMITIVE==1 && PRIMITIVE_LEVEL !=INTERNAL } -of_object [get_pins -filter {DIRECTION==IN} -of_objects [get_nets -hierarchical -filter {PARENT=="design_IP_i/clk_wiz_1/inst/HLS_mul32_clk"}]]]
resize_pblock [get_pblocks {CLKAG_design_IP_i/clk_wiz_1/inst/HLS_mul32_clk}] -add {CLOCKREGION_X0Y2:CLOCKREGION_X0Y2 CLOCKREGION_X1Y0:CLOCKREGION_X1Y0 CLOCKREGION_X1Y1:CLOCKREGION_X1Y1 CLOCKREGION_X1Y2:CLOCKREGION_X1Y2}
#endgroup

# Clock net "design_IP_i/clk_wiz_0/inst/HLS_km_CLK" driven by instance "design_IP_i/clk_wiz_0/inst/clkout3_buf" located at site "BUFGCTRL_X0Y5"
#startgroup
create_pblock {CLKAG_design_IP_i/clk_wiz_0/inst/HLS_km_CLK}
add_cells_to_pblock [get_pblocks  {CLKAG_design_IP_i/clk_wiz_0/inst/HLS_km_CLK}] [get_cells -filter { PRIMITIVE_GROUP != I/O && IS_PRIMITIVE==1 && PRIMITIVE_LEVEL !=INTERNAL } -of_object [get_pins -filter {DIRECTION==IN} -of_objects [get_nets -hierarchical -filter {PARENT=="design_IP_i/clk_wiz_0/inst/HLS_km_CLK"}]]]
resize_pblock [get_pblocks {CLKAG_design_IP_i/clk_wiz_0/inst/HLS_km_CLK}] -add {CLOCKREGION_X0Y0:CLOCKREGION_X0Y0 CLOCKREGION_X0Y1:CLOCKREGION_X0Y1 CLOCKREGION_X0Y2:CLOCKREGION_X0Y2 CLOCKREGION_X1Y0:CLOCKREGION_X1Y0 CLOCKREGION_X1Y1:CLOCKREGION_X1Y1 CLOCKREGION_X1Y2:CLOCKREGION_X1Y2}
#endgroup

# Clock net "design_IP_i/clk_wiz_0/inst/HLS_CLK" driven by instance "design_IP_i/clk_wiz_0/inst/clkout2_buf" located at site "BUFGCTRL_X0Y3"
#startgroup
create_pblock {CLKAG_design_IP_i/clk_wiz_0/inst/HLS_CLK}
add_cells_to_pblock [get_pblocks  {CLKAG_design_IP_i/clk_wiz_0/inst/HLS_CLK}] [get_cells -filter { PRIMITIVE_GROUP != I/O && IS_PRIMITIVE==1 && PRIMITIVE_LEVEL !=INTERNAL } -of_object [get_pins -filter {DIRECTION==IN} -of_objects [get_nets -hierarchical -filter {PARENT=="design_IP_i/clk_wiz_0/inst/HLS_CLK"}]]]
resize_pblock [get_pblocks {CLKAG_design_IP_i/clk_wiz_0/inst/HLS_CLK}] -add {CLOCKREGION_X0Y0:CLOCKREGION_X0Y0 CLOCKREGION_X0Y1:CLOCKREGION_X0Y1 CLOCKREGION_X0Y2:CLOCKREGION_X0Y2 CLOCKREGION_X1Y0:CLOCKREGION_X1Y0 CLOCKREGION_X1Y1:CLOCKREGION_X1Y1 CLOCKREGION_X1Y2:CLOCKREGION_X1Y2}
#endgroup

# Clock net "design_IP_i/clk_wiz_0/inst/AXI_clk" driven by instance "design_IP_i/clk_wiz_0/inst/clkout1_buf" located at site "BUFGCTRL_X0Y0"
#startgroup
create_pblock {CLKAG_design_IP_i/clk_wiz_0/inst/AXI_clk}
add_cells_to_pblock [get_pblocks  {CLKAG_design_IP_i/clk_wiz_0/inst/AXI_clk}] [get_cells -filter { PRIMITIVE_GROUP != I/O && IS_PRIMITIVE==1 && PRIMITIVE_LEVEL !=INTERNAL } -of_object [get_pins -filter {DIRECTION==IN} -of_objects [get_nets -hierarchical -filter {PARENT=="design_IP_i/clk_wiz_0/inst/AXI_clk"}]]]
resize_pblock [get_pblocks {CLKAG_design_IP_i/clk_wiz_0/inst/AXI_clk}] -add {CLOCKREGION_X0Y0:CLOCKREGION_X0Y0 CLOCKREGION_X0Y1:CLOCKREGION_X0Y1 CLOCKREGION_X0Y2:CLOCKREGION_X0Y2 CLOCKREGION_X1Y0:CLOCKREGION_X1Y0 CLOCKREGION_X1Y1:CLOCKREGION_X1Y1 CLOCKREGION_X1Y2:CLOCKREGION_X1Y2}
#endgroup
