#-----------------------------------------------------------
# Vivado v2019.1.3 (64-bit)
# SW Build 2644227 on Wed Sep  4 09:45:24 MDT 2019
# IP Build 2633630 on Wed Sep  4 12:30:14 MDT 2019
# Start of session at: Fri Feb 28 21:23:48 2020
# Process ID: 5700
# Current directory: C:/Users/Qlala/Documents/M2_SETI/A2/git/A2/Hardware/Vivado/Demo_IP_HLS/Demo_IP_HLS_mul64
# Command line: vivado.exe -gui_launcher_event rodinguilauncherevent15172 C:\Users\Qlala\Documents\M2_SETI\A2\git\A2\Hardware\Vivado\Demo_IP_HLS\Demo_IP_HLS_mul64\Demo_IP_HLS_mul64.xpr
# Log file: C:/Users/Qlala/Documents/M2_SETI/A2/git/A2/Hardware/Vivado/Demo_IP_HLS/Demo_IP_HLS_mul64/vivado.log
# Journal file: C:/Users/Qlala/Documents/M2_SETI/A2/git/A2/Hardware/Vivado/Demo_IP_HLS/Demo_IP_HLS_mul64\vivado.jou
#-----------------------------------------------------------
start_gui
open_project C:/Users/Qlala/Documents/M2_SETI/A2/git/A2/Hardware/Vivado/Demo_IP_HLS/Demo_IP_HLS_mul64/Demo_IP_HLS_mul64.xpr
update_compile_order -fileset sources_1
file mkdir C:/Users/Qlala/Documents/M2_SETI/A2/git/A2/Hardware/Vivado/Demo_IP_HLS/Demo_IP_HLS_mul64/Demo_IP_HLS_mul64.sdk
file copy -force C:/Users/Qlala/Documents/M2_SETI/A2/git/A2/Hardware/Vivado/Demo_IP_HLS/Demo_IP_HLS_mul64/Demo_IP_HLS_mul64.runs/impl_1/design_IP_wrapper.sysdef C:/Users/Qlala/Documents/M2_SETI/A2/git/A2/Hardware/Vivado/Demo_IP_HLS/Demo_IP_HLS_mul64/Demo_IP_HLS_mul64.sdk/design_IP_wrapper.hdf

launch_sdk -workspace C:/Users/Qlala/Documents/M2_SETI/A2/git/A2/Hardware/Vivado/Demo_IP_HLS/Demo_IP_HLS_mul64/Demo_IP_HLS_mul64.sdk -hwspec C:/Users/Qlala/Documents/M2_SETI/A2/git/A2/Hardware/Vivado/Demo_IP_HLS/Demo_IP_HLS_mul64/Demo_IP_HLS_mul64.sdk/design_IP_wrapper.hdf
open_run impl_1
open_bd_design {C:/Users/Qlala/Documents/M2_SETI/A2/git/A2/Hardware/Vivado/Demo_IP_HLS/Demo_IP_HLS_mul64/Demo_IP_HLS_mul64.srcs/sources_1/bd/design_IP/design_IP.bd}
startgroup
set_property -dict [list CONFIG.CLKOUT2_REQUESTED_OUT_FREQ {120.000} CONFIG.MMCM_CLKFBOUT_MULT_F {6.000} CONFIG.MMCM_CLKIN1_PERIOD {10.0} CONFIG.MMCM_CLKIN2_PERIOD {10.0} CONFIG.MMCM_CLKOUT0_DIVIDE_F {6.000} CONFIG.MMCM_CLKOUT1_DIVIDE {5} CONFIG.CLKOUT1_JITTER {151.366} CONFIG.CLKOUT1_PHASE_ERROR {132.063} CONFIG.CLKOUT2_JITTER {145.728} CONFIG.CLKOUT2_PHASE_ERROR {132.063}] [get_bd_cells clk_wiz_0]
endgroup
save_bd_design
reset_run synth_1
reset_run design_IP_clk_wiz_0_0_synth_1
launch_runs impl_1 -to_step write_bitstream -jobs 8
wait_on_run impl_1
create_ip_run [get_files -of_objects [get_fileset sources_1] C:/Users/Qlala/Documents/M2_SETI/A2/git/A2/Hardware/Vivado/Demo_IP_HLS/Demo_IP_HLS_mul64/Demo_IP_HLS_mul64.srcs/sources_1/bd/design_IP/design_IP.bd]
refresh_design
open_bd_design {C:/Users/Qlala/Documents/M2_SETI/A2/git/A2/Hardware/Vivado/Demo_IP_HLS/Demo_IP_HLS_mul64/Demo_IP_HLS_mul64.srcs/sources_1/bd/design_IP/design_IP.bd}
file copy -force C:/Users/Qlala/Documents/M2_SETI/A2/git/A2/Hardware/Vivado/Demo_IP_HLS/Demo_IP_HLS_mul64/Demo_IP_HLS_mul64.runs/impl_1/design_IP_wrapper.sysdef C:/Users/Qlala/Documents/M2_SETI/A2/git/A2/Hardware/Vivado/Demo_IP_HLS/Demo_IP_HLS_mul64/Demo_IP_HLS_mul64.sdk/design_IP_wrapper.hdf

startgroup
set_property -dict [list CONFIG.CLKOUT2_REQUESTED_OUT_FREQ {123.000} CONFIG.MMCM_CLKFBOUT_MULT_F {7.375} CONFIG.MMCM_CLKIN1_PERIOD {10.000} CONFIG.MMCM_CLKIN2_PERIOD {10.000} CONFIG.MMCM_CLKOUT0_DIVIDE_F {7.375} CONFIG.MMCM_CLKOUT1_DIVIDE {6} CONFIG.CLKOUT1_JITTER {144.958} CONFIG.CLKOUT1_PHASE_ERROR {117.869} CONFIG.CLKOUT2_JITTER {138.899} CONFIG.CLKOUT2_PHASE_ERROR {117.869}] [get_bd_cells clk_wiz_0]
endgroup
save_bd_design
reset_run synth_1
reset_run design_IP_clk_wiz_0_0_synth_1
launch_runs impl_1 -to_step write_bitstream -jobs 8
wait_on_run impl_1
create_ip_run [get_files -of_objects [get_fileset sources_1] C:/Users/Qlala/Documents/M2_SETI/A2/git/A2/Hardware/Vivado/Demo_IP_HLS/Demo_IP_HLS_mul64/Demo_IP_HLS_mul64.srcs/sources_1/bd/design_IP/design_IP.bd]
refresh_design
open_bd_design {C:/Users/Qlala/Documents/M2_SETI/A2/git/A2/Hardware/Vivado/Demo_IP_HLS/Demo_IP_HLS_mul64/Demo_IP_HLS_mul64.srcs/sources_1/bd/design_IP/design_IP.bd}
startgroup
set_property -dict [list CONFIG.CLKOUT2_REQUESTED_OUT_FREQ {130.000} CONFIG.MMCM_CLKFBOUT_MULT_F {6.500} CONFIG.MMCM_CLKOUT0_DIVIDE_F {6.500} CONFIG.MMCM_CLKOUT1_DIVIDE {5} CONFIG.CLKOUT1_JITTER {145.553} CONFIG.CLKOUT1_PHASE_ERROR {124.502} CONFIG.CLKOUT2_JITTER {137.898} CONFIG.CLKOUT2_PHASE_ERROR {124.502}] [get_bd_cells clk_wiz_0]
endgroup
save_bd_design
reset_run synth_1
reset_run design_IP_clk_wiz_0_0_synth_1
launch_runs impl_1 -to_step write_bitstream -jobs 8
wait_on_run impl_1
create_ip_run [get_files -of_objects [get_fileset sources_1] C:/Users/Qlala/Documents/M2_SETI/A2/git/A2/Hardware/Vivado/Demo_IP_HLS/Demo_IP_HLS_mul64/Demo_IP_HLS_mul64.srcs/sources_1/bd/design_IP/design_IP.bd]
refresh_design
file copy -force C:/Users/Qlala/Documents/M2_SETI/A2/git/A2/Hardware/Vivado/Demo_IP_HLS/Demo_IP_HLS_mul64/Demo_IP_HLS_mul64.runs/impl_1/design_IP_wrapper.sysdef C:/Users/Qlala/Documents/M2_SETI/A2/git/A2/Hardware/Vivado/Demo_IP_HLS/Demo_IP_HLS_mul64/Demo_IP_HLS_mul64.sdk/design_IP_wrapper.hdf

