15:25:00 **** Build of project test_mul_bsp ****
make -k all 
"Running Make include in ps7_cortexa9_0/libsrc/coresightps_dcc_v1_5/src"
make -C ps7_cortexa9_0/libsrc/coresightps_dcc_v1_5/src -s include  "SHELL=CMD" "COMPILER=arm-none-eabi-gcc" "ARCHIVER=arm-none-eabi-ar" "COMPILER_FLAGS=  -O2 -c" "EXTRA_COMPILER_FLAGS=-mcpu=cortex-a9 -mfpu=vfpv3 -mfloat-abi=hard -nostartfiles -g -Wall -Wextra"
"Running Make include in ps7_cortexa9_0/libsrc/cpu_cortexa9_v2_7/src"
make -C ps7_cortexa9_0/libsrc/cpu_cortexa9_v2_7/src -s include  "SHELL=CMD" "COMPILER=arm-none-eabi-gcc" "ARCHIVER=arm-none-eabi-ar" "COMPILER_FLAGS=  -O2 -c" "EXTRA_COMPILER_FLAGS=-mcpu=cortex-a9 -mfpu=vfpv3 -mfloat-abi=hard -nostartfiles -g -Wall -Wextra"
"Running Make include in ps7_cortexa9_0/libsrc/ddrps_v1_0/src"
make -C ps7_cortexa9_0/libsrc/ddrps_v1_0/src -s include  "SHELL=CMD" "COMPILER=arm-none-eabi-gcc" "ARCHIVER=arm-none-eabi-ar" "COMPILER_FLAGS=  -O2 -c" "EXTRA_COMPILER_FLAGS=-mcpu=cortex-a9 -mfpu=vfpv3 -mfloat-abi=hard -nostartfiles -g -Wall -Wextra"
"Running Make include in ps7_cortexa9_0/libsrc/devcfg_v3_5/src"
make -C ps7_cortexa9_0/libsrc/devcfg_v3_5/src -s include  "SHELL=CMD" "COMPILER=arm-none-eabi-gcc" "ARCHIVER=arm-none-eabi-ar" "COMPILER_FLAGS=  -O2 -c" "EXTRA_COMPILER_FLAGS=-mcpu=cortex-a9 -mfpu=vfpv3 -mfloat-abi=hard -nostartfiles -g -Wall -Wextra"
"Running Make include in ps7_cortexa9_0/libsrc/dmaps_v2_4/src"
make -C ps7_cortexa9_0/libsrc/dmaps_v2_4/src -s include  "SHELL=CMD" "COMPILER=arm-none-eabi-gcc" "ARCHIVER=arm-none-eabi-ar" "COMPILER_FLAGS=  -O2 -c" "EXTRA_COMPILER_FLAGS=-mcpu=cortex-a9 -mfpu=vfpv3 -mfloat-abi=hard -nostartfiles -g -Wall -Wextra"
"Running Make include in ps7_cortexa9_0/libsrc/emacps_v3_9/src"
make -C ps7_cortexa9_0/libsrc/emacps_v3_9/src -s include  "SHELL=CMD" "COMPILER=arm-none-eabi-gcc" "ARCHIVER=arm-none-eabi-ar" "COMPILER_FLAGS=  -O2 -c" "EXTRA_COMPILER_FLAGS=-mcpu=cortex-a9 -mfpu=vfpv3 -mfloat-abi=hard -nostartfiles -g -Wall -Wextra"
"Running Make include in ps7_cortexa9_0/libsrc/gpiops_v3_5/src"
make -C ps7_cortexa9_0/libsrc/gpiops_v3_5/src -s include  "SHELL=CMD" "COMPILER=arm-none-eabi-gcc" "ARCHIVER=arm-none-eabi-ar" "COMPILER_FLAGS=  -O2 -c" "EXTRA_COMPILER_FLAGS=-mcpu=cortex-a9 -mfpu=vfpv3 -mfloat-abi=hard -nostartfiles -g -Wall -Wextra"
"Running Make include in ps7_cortexa9_0/libsrc/gpio_v4_4/src"
make -C ps7_cortexa9_0/libsrc/gpio_v4_4/src -s include  "SHELL=CMD" "COMPILER=arm-none-eabi-gcc" "ARCHIVER=arm-none-eabi-ar" "COMPILER_FLAGS=  -O2 -c" "EXTRA_COMPILER_FLAGS=-mcpu=cortex-a9 -mfpu=vfpv3 -mfloat-abi=hard -nostartfiles -g -Wall -Wextra"
"Running Make include in ps7_cortexa9_0/libsrc/multiply_block_v1_0/src"
make -C ps7_cortexa9_0/libsrc/multiply_block_v1_0/src -s include  "SHELL=CMD" "COMPILER=arm-none-eabi-gcc" "ARCHIVER=arm-none-eabi-ar" "COMPILER_FLAGS=  -O2 -c" "EXTRA_COMPILER_FLAGS=-mcpu=cortex-a9 -mfpu=vfpv3 -mfloat-abi=hard -nostartfiles -g -Wall -Wextra"
"Running Make include in ps7_cortexa9_0/libsrc/qspips_v3_6/src"
make -C ps7_cortexa9_0/libsrc/qspips_v3_6/src -s include  "SHELL=CMD" "COMPILER=arm-none-eabi-gcc" "ARCHIVER=arm-none-eabi-ar" "COMPILER_FLAGS=  -O2 -c" "EXTRA_COMPILER_FLAGS=-mcpu=cortex-a9 -mfpu=vfpv3 -mfloat-abi=hard -nostartfiles -g -Wall -Wextra"
"Running Make include in ps7_cortexa9_0/libsrc/scugic_v4_0/src"
make -C ps7_cortexa9_0/libsrc/scugic_v4_0/src -s include  "SHELL=CMD" "COMPILER=arm-none-eabi-gcc" "ARCHIVER=arm-none-eabi-ar" "COMPILER_FLAGS=  -O2 -c" "EXTRA_COMPILER_FLAGS=-mcpu=cortex-a9 -mfpu=vfpv3 -mfloat-abi=hard -nostartfiles -g -Wall -Wextra"
"Running Make include in ps7_cortexa9_0/libsrc/scutimer_v2_1/src"
make -C ps7_cortexa9_0/libsrc/scutimer_v2_1/src -s include  "SHELL=CMD" "COMPILER=arm-none-eabi-gcc" "ARCHIVER=arm-none-eabi-ar" "COMPILER_FLAGS=  -O2 -c" "EXTRA_COMPILER_FLAGS=-mcpu=cortex-a9 -mfpu=vfpv3 -mfloat-abi=hard -nostartfiles -g -Wall -Wextra"
"Running Make include in ps7_cortexa9_0/libsrc/scuwdt_v2_1/src"
make -C ps7_cortexa9_0/libsrc/scuwdt_v2_1/src -s include  "SHELL=CMD" "COMPILER=arm-none-eabi-gcc" "ARCHIVER=arm-none-eabi-ar" "COMPILER_FLAGS=  -O2 -c" "EXTRA_COMPILER_FLAGS=-mcpu=cortex-a9 -mfpu=vfpv3 -mfloat-abi=hard -nostartfiles -g -Wall -Wextra"
"Running Make include in ps7_cortexa9_0/libsrc/sdps_v3_7/src"
make -C ps7_cortexa9_0/libsrc/sdps_v3_7/src -s include  "SHELL=CMD" "COMPILER=arm-none-eabi-gcc" "ARCHIVER=arm-none-eabi-ar" "COMPILER_FLAGS=  -O2 -c" "EXTRA_COMPILER_FLAGS=-mcpu=cortex-a9 -mfpu=vfpv3 -mfloat-abi=hard -nostartfiles -g -Wall -Wextra"
"Running Make include in ps7_cortexa9_0/libsrc/standalone_v7_0/src"
make -C ps7_cortexa9_0/libsrc/standalone_v7_0/src -s include  "SHELL=CMD" "COMPILER=arm-none-eabi-gcc" "ARCHIVER=arm-none-eabi-ar" "COMPILER_FLAGS=  -O2 -c" "EXTRA_COMPILER_FLAGS=-mcpu=cortex-a9 -mfpu=vfpv3 -mfloat-abi=hard -nostartfiles -g -Wall -Wextra"
"Running Make include in ps7_cortexa9_0/libsrc/ttcps_v3_9/src"
make -C ps7_cortexa9_0/libsrc/ttcps_v3_9/src -s include  "SHELL=CMD" "COMPILER=arm-none-eabi-gcc" "ARCHIVER=arm-none-eabi-ar" "COMPILER_FLAGS=  -O2 -c" "EXTRA_COMPILER_FLAGS=-mcpu=cortex-a9 -mfpu=vfpv3 -mfloat-abi=hard -nostartfiles -g -Wall -Wextra"
"Running Make include in ps7_cortexa9_0/libsrc/uartps_v3_7/src"
make -C ps7_cortexa9_0/libsrc/uartps_v3_7/src -s include  "SHELL=CMD" "COMPILER=arm-none-eabi-gcc" "ARCHIVER=arm-none-eabi-ar" "COMPILER_FLAGS=  -O2 -c" "EXTRA_COMPILER_FLAGS=-mcpu=cortex-a9 -mfpu=vfpv3 -mfloat-abi=hard -nostartfiles -g -Wall -Wextra"
"Running Make include in ps7_cortexa9_0/libsrc/usbps_v2_4/src"
make -C ps7_cortexa9_0/libsrc/usbps_v2_4/src -s include  "SHELL=CMD" "COMPILER=arm-none-eabi-gcc" "ARCHIVER=arm-none-eabi-ar" "COMPILER_FLAGS=  -O2 -c" "EXTRA_COMPILER_FLAGS=-mcpu=cortex-a9 -mfpu=vfpv3 -mfloat-abi=hard -nostartfiles -g -Wall -Wextra"
"Running Make include in ps7_cortexa9_0/libsrc/xadcps_v2_3/src"
make -C ps7_cortexa9_0/libsrc/xadcps_v2_3/src -s include  "SHELL=CMD" "COMPILER=arm-none-eabi-gcc" "ARCHIVER=arm-none-eabi-ar" "COMPILER_FLAGS=  -O2 -c" "EXTRA_COMPILER_FLAGS=-mcpu=cortex-a9 -mfpu=vfpv3 -mfloat-abi=hard -nostartfiles -g -Wall -Wextra"
"Running Make libs in ps7_cortexa9_0/libsrc/coresightps_dcc_v1_5/src"
make -C ps7_cortexa9_0/libsrc/coresightps_dcc_v1_5/src -s libs  "SHELL=CMD" "COMPILER=arm-none-eabi-gcc" "ARCHIVER=arm-none-eabi-ar" "COMPILER_FLAGS=  -O2 -c" "EXTRA_COMPILER_FLAGS=-mcpu=cortex-a9 -mfpu=vfpv3 -mfloat-abi=hard -nostartfiles -g -Wall -Wextra"
"Compiling coresightps_dcc"
arm-none-eabi-ar: creating ../../../lib/libxil.a
"Running Make libs in ps7_cortexa9_0/libsrc/cpu_cortexa9_v2_7/src"
make -C ps7_cortexa9_0/libsrc/cpu_cortexa9_v2_7/src -s libs  "SHELL=CMD" "COMPILER=arm-none-eabi-gcc" "ARCHIVER=arm-none-eabi-ar" "COMPILER_FLAGS=  -O2 -c" "EXTRA_COMPILER_FLAGS=-mcpu=cortex-a9 -mfpu=vfpv3 -mfloat-abi=hard -nostartfiles -g -Wall -Wextra"
"Compiling cpu_cortexa9"
"Running Make libs in ps7_cortexa9_0/libsrc/ddrps_v1_0/src"
make -C ps7_cortexa9_0/libsrc/ddrps_v1_0/src -s libs  "SHELL=CMD" "COMPILER=arm-none-eabi-gcc" "ARCHIVER=arm-none-eabi-ar" "COMPILER_FLAGS=  -O2 -c" "EXTRA_COMPILER_FLAGS=-mcpu=cortex-a9 -mfpu=vfpv3 -mfloat-abi=hard -nostartfiles -g -Wall -Wextra"
"Compiling ddrps"
"Running Make libs in ps7_cortexa9_0/libsrc/devcfg_v3_5/src"
make -C ps7_cortexa9_0/libsrc/devcfg_v3_5/src -s libs  "SHELL=CMD" "COMPILER=arm-none-eabi-gcc" "ARCHIVER=arm-none-eabi-ar" "COMPILER_FLAGS=  -O2 -c" "EXTRA_COMPILER_FLAGS=-mcpu=cortex-a9 -mfpu=vfpv3 -mfloat-abi=hard -nostartfiles -g -Wall -Wextra"
"Compiling devcfg"
"Running Make libs in ps7_cortexa9_0/libsrc/dmaps_v2_4/src"
make -C ps7_cortexa9_0/libsrc/dmaps_v2_4/src -s libs  "SHELL=CMD" "COMPILER=arm-none-eabi-gcc" "ARCHIVER=arm-none-eabi-ar" "COMPILER_FLAGS=  -O2 -c" "EXTRA_COMPILER_FLAGS=-mcpu=cortex-a9 -mfpu=vfpv3 -mfloat-abi=hard -nostartfiles -g -Wall -Wextra"
"Compiling dmaps"
"Running Make libs in ps7_cortexa9_0/libsrc/emacps_v3_9/src"
make -C ps7_cortexa9_0/libsrc/emacps_v3_9/src -s libs  "SHELL=CMD" "COMPILER=arm-none-eabi-gcc" "ARCHIVER=arm-none-eabi-ar" "COMPILER_FLAGS=  -O2 -c" "EXTRA_COMPILER_FLAGS=-mcpu=cortex-a9 -mfpu=vfpv3 -mfloat-abi=hard -nostartfiles -g -Wall -Wextra"
"Compiling emacps"
"Running Make libs in ps7_cortexa9_0/libsrc/gpiops_v3_5/src"
make -C ps7_cortexa9_0/libsrc/gpiops_v3_5/src -s libs  "SHELL=CMD" "COMPILER=arm-none-eabi-gcc" "ARCHIVER=arm-none-eabi-ar" "COMPILER_FLAGS=  -O2 -c" "EXTRA_COMPILER_FLAGS=-mcpu=cortex-a9 -mfpu=vfpv3 -mfloat-abi=hard -nostartfiles -g -Wall -Wextra"
"Compiling gpiops"
"Running Make libs in ps7_cortexa9_0/libsrc/gpio_v4_4/src"
make -C ps7_cortexa9_0/libsrc/gpio_v4_4/src -s libs  "SHELL=CMD" "COMPILER=arm-none-eabi-gcc" "ARCHIVER=arm-none-eabi-ar" "COMPILER_FLAGS=  -O2 -c" "EXTRA_COMPILER_FLAGS=-mcpu=cortex-a9 -mfpu=vfpv3 -mfloat-abi=hard -nostartfiles -g -Wall -Wextra"
"Compiling gpio"
"Running Make libs in ps7_cortexa9_0/libsrc/multiply_block_v1_0/src"
make -C ps7_cortexa9_0/libsrc/multiply_block_v1_0/src -s libs  "SHELL=CMD" "COMPILER=arm-none-eabi-gcc" "ARCHIVER=arm-none-eabi-ar" "COMPILER_FLAGS=  -O2 -c" "EXTRA_COMPILER_FLAGS=-mcpu=cortex-a9 -mfpu=vfpv3 -mfloat-abi=hard -nostartfiles -g -Wall -Wextra"
"Compiling multiply_block"
"Running Make libs in ps7_cortexa9_0/libsrc/qspips_v3_6/src"
make -C ps7_cortexa9_0/libsrc/qspips_v3_6/src -s libs  "SHELL=CMD" "COMPILER=arm-none-eabi-gcc" "ARCHIVER=arm-none-eabi-ar" "COMPILER_FLAGS=  -O2 -c" "EXTRA_COMPILER_FLAGS=-mcpu=cortex-a9 -mfpu=vfpv3 -mfloat-abi=hard -nostartfiles -g -Wall -Wextra"
"Compiling qspips"
"Running Make libs in ps7_cortexa9_0/libsrc/scugic_v4_0/src"
make -C ps7_cortexa9_0/libsrc/scugic_v4_0/src -s libs  "SHELL=CMD" "COMPILER=arm-none-eabi-gcc" "ARCHIVER=arm-none-eabi-ar" "COMPILER_FLAGS=  -O2 -c" "EXTRA_COMPILER_FLAGS=-mcpu=cortex-a9 -mfpu=vfpv3 -mfloat-abi=hard -nostartfiles -g -Wall -Wextra"
"Compiling scugic"
"Running Make libs in ps7_cortexa9_0/libsrc/scutimer_v2_1/src"
make -C ps7_cortexa9_0/libsrc/scutimer_v2_1/src -s libs  "SHELL=CMD" "COMPILER=arm-none-eabi-gcc" "ARCHIVER=arm-none-eabi-ar" "COMPILER_FLAGS=  -O2 -c" "EXTRA_COMPILER_FLAGS=-mcpu=cortex-a9 -mfpu=vfpv3 -mfloat-abi=hard -nostartfiles -g -Wall -Wextra"
"Compiling scutimer"
"Running Make libs in ps7_cortexa9_0/libsrc/scuwdt_v2_1/src"
make -C ps7_cortexa9_0/libsrc/scuwdt_v2_1/src -s libs  "SHELL=CMD" "COMPILER=arm-none-eabi-gcc" "ARCHIVER=arm-none-eabi-ar" "COMPILER_FLAGS=  -O2 -c" "EXTRA_COMPILER_FLAGS=-mcpu=cortex-a9 -mfpu=vfpv3 -mfloat-abi=hard -nostartfiles -g -Wall -Wextra"
"Compiling scuwdt"
"Running Make libs in ps7_cortexa9_0/libsrc/sdps_v3_7/src"
make -C ps7_cortexa9_0/libsrc/sdps_v3_7/src -s libs  "SHELL=CMD" "COMPILER=arm-none-eabi-gcc" "ARCHIVER=arm-none-eabi-ar" "COMPILER_FLAGS=  -O2 -c" "EXTRA_COMPILER_FLAGS=-mcpu=cortex-a9 -mfpu=vfpv3 -mfloat-abi=hard -nostartfiles -g -Wall -Wextra"
"Compiling sdps"
"Running Make libs in ps7_cortexa9_0/libsrc/standalone_v7_0/src"
make -C ps7_cortexa9_0/libsrc/standalone_v7_0/src -s libs  "SHELL=CMD" "COMPILER=arm-none-eabi-gcc" "ARCHIVER=arm-none-eabi-ar" "COMPILER_FLAGS=  -O2 -c" "EXTRA_COMPILER_FLAGS=-mcpu=cortex-a9 -mfpu=vfpv3 -mfloat-abi=hard -nostartfiles -g -Wall -Wextra"
"Compiling standalone"
In file included from usleep.c:56:
xtime_l.h:87:9: note: #pragma message: For the sleep routines, Global timer is being used
 #pragma message ("For the sleep routines, Global timer is being used")
         ^~~~~~~
In file included from xil_sleeptimer.c:51:
xtime_l.h:87:9: note: #pragma message: For the sleep routines, Global timer is being used
 #pragma message ("For the sleep routines, Global timer is being used")
         ^~~~~~~
In file included from xtime_l.c:49:
xtime_l.h:87:9: note: #pragma message: For the sleep routines, Global timer is being used
 #pragma message ("For the sleep routines, Global timer is being used")
         ^~~~~~~
In file included from sleep.c:53:
xtime_l.h:87:9: note: #pragma message: For the sleep routines, Global timer is being used
 #pragma message ("For the sleep routines, Global timer is being used")
         ^~~~~~~
"Running Make libs in ps7_cortexa9_0/libsrc/ttcps_v3_9/src"
make -C ps7_cortexa9_0/libsrc/ttcps_v3_9/src -s libs  "SHELL=CMD" "COMPILER=arm-none-eabi-gcc" "ARCHIVER=arm-none-eabi-ar" "COMPILER_FLAGS=  -O2 -c" "EXTRA_COMPILER_FLAGS=-mcpu=cortex-a9 -mfpu=vfpv3 -mfloat-abi=hard -nostartfiles -g -Wall -Wextra"
"Compiling ttcps"
"Running Make libs in ps7_cortexa9_0/libsrc/uartps_v3_7/src"
make -C ps7_cortexa9_0/libsrc/uartps_v3_7/src -s libs  "SHELL=CMD" "COMPILER=arm-none-eabi-gcc" "ARCHIVER=arm-none-eabi-ar" "COMPILER_FLAGS=  -O2 -c" "EXTRA_COMPILER_FLAGS=-mcpu=cortex-a9 -mfpu=vfpv3 -mfloat-abi=hard -nostartfiles -g -Wall -Wextra"
"Compiling uartps"
"Running Make libs in ps7_cortexa9_0/libsrc/usbps_v2_4/src"
make -C ps7_cortexa9_0/libsrc/usbps_v2_4/src -s libs  "SHELL=CMD" "COMPILER=arm-none-eabi-gcc" "ARCHIVER=arm-none-eabi-ar" "COMPILER_FLAGS=  -O2 -c" "EXTRA_COMPILER_FLAGS=-mcpu=cortex-a9 -mfpu=vfpv3 -mfloat-abi=hard -nostartfiles -g -Wall -Wextra"
"Compiling usbps"
"Running Make libs in ps7_cortexa9_0/libsrc/xadcps_v2_3/src"
make -C ps7_cortexa9_0/libsrc/xadcps_v2_3/src -s libs  "SHELL=CMD" "COMPILER=arm-none-eabi-gcc" "ARCHIVER=arm-none-eabi-ar" "COMPILER_FLAGS=  -O2 -c" "EXTRA_COMPILER_FLAGS=-mcpu=cortex-a9 -mfpu=vfpv3 -mfloat-abi=hard -nostartfiles -g -Wall -Wextra"
"Compiling xadcps"
'Finished building libraries'
15:25:43 **** Build of configuration Debug for project test_mul ****
make pre-build main-build 
a9-linaro-pre-build-step
' '
'Building file: ../src/helloworld.c'
'Invoking: ARM v7 gcc compiler'
arm-none-eabi-gcc -Wall -O0 -g3 -c -fmessage-length=0 -MT"src/helloworld.o" -mcpu=cortex-a9 -mfpu=vfpv3 -mfloat-abi=hard -I../../test_mul_bsp/ps7_cortexa9_0/include -MMD -MP -MF"src/helloworld.d" -MT"src/helloworld.o" -o "src/helloworld.o" "../src/helloworld.c"
'Finished building: ../src/helloworld.c'
' '
'Building file: ../src/platform.c'
'Invoking: ARM v7 gcc compiler'
arm-none-eabi-gcc -Wall -O0 -g3 -c -fmessage-length=0 -MT"src/platform.o" -mcpu=cortex-a9 -mfpu=vfpv3 -mfloat-abi=hard -I../../test_mul_bsp/ps7_cortexa9_0/include -MMD -MP -MF"src/platform.d" -MT"src/platform.o" -o "src/platform.o" "../src/platform.c"
'Finished building: ../src/platform.c'
' '
'Building target: test_mul.elf'
'Invoking: ARM v7 gcc linker'
arm-none-eabi-gcc -mcpu=cortex-a9 -mfpu=vfpv3 -mfloat-abi=hard -Wl,-build-id=none -specs=Xilinx.spec -Wl,-T -Wl,../src/lscript.ld -L../../test_mul_bsp/ps7_cortexa9_0/lib -o "test_mul.elf"  ./src/helloworld.o ./src/platform.o   -Wl,--start-group,-lxil,-lgcc,-lc,--end-group
'Finished building target: test_mul.elf'
' '
'Invoking: ARM v7 Print Size'
arm-none-eabi-size test_mul.elf  |tee "test_mul.elf.size"
   text	   data	    bss	    dec	    hex	filename
  19064	   1144	  22568	  42776	   a718	test_mul.elf
'Finished building: test_mul.elf.size'
' '
15:25:45 **** Auto Build of configuration Debug for project test_mul ****
make pre-build main-build 
a9-linaro-pre-build-step
' '
make: Nothing to be done for 'main-build'.
15:26:47 **** Clean-only build of configuration Debug for project test_mul ****
make clean 
rm -rf  ./src/helloworld.o ./src/platform.o  ./src/helloworld.d ./src/platform.d  test_mul.elf.size  test_mul.elf
' '
15:26:47 **** Auto Build of configuration Debug for project test_mul ****
make pre-build main-build 
a9-linaro-pre-build-step
' '
'Building file: ../src/block_matrix.c'
'Invoking: ARM v7 gcc compiler'
arm-none-eabi-gcc -Wall -O0 -g3 -c -fmessage-length=0 -MT"src/block_matrix.o" -mcpu=cortex-a9 -mfpu=vfpv3 -mfloat-abi=hard -I../../test_mul_bsp/ps7_cortexa9_0/include -MMD -MP -MF"src/block_matrix.d" -MT"src/block_matrix.o" -o "src/block_matrix.o" "../src/block_matrix.c"
In file included from ../src/block_matrix.c:8:
../../test_mul_bsp/ps7_cortexa9_0/include/xtime_l.h:87:9: note: #pragma message: For the sleep routines, Global timer is being used
 #pragma message ("For the sleep routines, Global timer is being used")
         ^~~~~~~
../src/block_matrix.c: In function 'multiply_block_sw':
../src/block_matrix.c:50:3: warning: label 'kk_loop' defined but not used [-Wunused-label]
   kk_loop:for(kk= 0 ; kk< BLOCK_SIZE; kk++){
   ^~~~~~~
../src/block_matrix.c:49:2: warning: label 'jj_loop' defined but not used [-Wunused-label]
  jj_loop:for(jj=0; jj< BLOCK_SIZE; jj++){
  ^~~~~~~
../src/block_matrix.c:48:1: warning: label 'ii_loop' defined but not used [-Wunused-label]
 ii_loop:for(ii=0; ii<BLOCK_SIZE; ii++){  //min(i+bloc, M) pour traiter le contour
 ^~~~~~~
../src/block_matrix.c:45:1: warning: label 'k_loop' defined but not used [-Wunused-label]
 k_loop:for(k=0; k<P; k+=BLOCK_SIZE){ //indiquer une colonne de A et une ligne de B
 ^~~~~~
../src/block_matrix.c:44:1: warning: label 'j_loop' defined but not used [-Wunused-label]
 j_loop:for(j=0; j<N; j+=BLOCK_SIZE){ //indiquer une colonne de C
 ^~~~~~
../src/block_matrix.c:43:1: warning: label 'i_loop' defined but not used [-Wunused-label]
 i_loop:for(i=0; i<M; i+=BLOCK_SIZE){ //indiquer une ligne de C
 ^~~~~~
../src/block_matrix.c:37:5: warning: label 'multiply_block_label2' defined but not used [-Wunused-label]
     multiply_block_label2:for (i = 0; i  < N ; i++)
     ^~~~~~~~~~~~~~~~~~~~~
../src/block_matrix.c:35:5: warning: label 'multiply_block_label1' defined but not used [-Wunused-label]
     multiply_block_label1:for (i = 0; i  < P ; i++)
     ^~~~~~~~~~~~~~~~~~~~~
../src/block_matrix.c:33:5: warning: label 'multiply_block_label0' defined but not used [-Wunused-label]
     multiply_block_label0:for (i = 0; i  < M ; i++)
     ^~~~~~~~~~~~~~~~~~~~~
../src/block_matrix.c: In function 'block_matrix_test':
../src/block_matrix.c:151:19: warning: passing argument 1 of 'multiply_block_sw' from incompatible pointer type [-Wincompatible-pointer-types]
 multiply_block_sw(A,B,result);
                   ^
../src/block_matrix.c:25:31: note: expected 'type **' {aka 'float **'} but argument is of type 'type (*)[16]' {aka 'float (*)[16]'}
 void multiply_block_sw(type** in_mA, type** in_mB, type** out_mC) {
                        ~~~~~~~^~~~~
../src/block_matrix.c:151:21: warning: passing argument 2 of 'multiply_block_sw' from incompatible pointer type [-Wincompatible-pointer-types]
 multiply_block_sw(A,B,result);
                     ^
../src/block_matrix.c:25:45: note: expected 'type **' {aka 'float **'} but argument is of type 'type (*)[16]' {aka 'float (*)[16]'}
 void multiply_block_sw(type** in_mA, type** in_mB, type** out_mC) {
                                      ~~~~~~~^~~~~
../src/block_matrix.c:151:23: warning: passing argument 3 of 'multiply_block_sw' from incompatible pointer type [-Wincompatible-pointer-types]
 multiply_block_sw(A,B,result);
                       ^~~~~~
../src/block_matrix.c:25:59: note: expected 'type **' {aka 'float **'} but argument is of type 'type (*)[16]' {aka 'float (*)[16]'}
 void multiply_block_sw(type** in_mA, type** in_mB, type** out_mC) {
                                                    ~~~~~~~^~~~~~
'Finished building: ../src/block_matrix.c'
' '
'Building file: ../src/busy_wait.c'
'Invoking: ARM v7 gcc compiler'
arm-none-eabi-gcc -Wall -O0 -g3 -c -fmessage-length=0 -MT"src/busy_wait.o" -mcpu=cortex-a9 -mfpu=vfpv3 -mfloat-abi=hard -I../../test_mul_bsp/ps7_cortexa9_0/include -MMD -MP -MF"src/busy_wait.d" -MT"src/busy_wait.o" -o "src/busy_wait.o" "../src/busy_wait.c"
'Finished building: ../src/busy_wait.c'
' '
'Building file: ../src/hello_zynq.c'
'Invoking: ARM v7 gcc compiler'
arm-none-eabi-gcc -Wall -O0 -g3 -c -fmessage-length=0 -MT"src/hello_zynq.o" -mcpu=cortex-a9 -mfpu=vfpv3 -mfloat-abi=hard -I../../test_mul_bsp/ps7_cortexa9_0/include -MMD -MP -MF"src/hello_zynq.d" -MT"src/hello_zynq.o" -o "src/hello_zynq.o" "../src/hello_zynq.c"
In file included from ../src/hello_zynq.c:54:
../../test_mul_bsp/ps7_cortexa9_0/include/xtime_l.h:87:9: note: #pragma message: For the sleep routines, Global timer is being used
 #pragma message ("For the sleep routines, Global timer is being used")
         ^~~~~~~
../src/hello_zynq.c:60:10: fatal error: ff.h: No such file or directory
 #include "ff.h"
          ^~~~~~
compilation terminated.
make: *** [src/subdir.mk:38: src/hello_zynq.o] Error 1
15:27:13 **** Clean-only build of configuration Debug for project test_mul ****
make clean 
rm -rf  ./src/block_matrix.o ./src/busy_wait.o ./src/hello_zynq.o ./src/helloworld.o ./src/kmeans.o ./src/platform.o  ./src/block_matrix.d ./src/busy_wait.d ./src/hello_zynq.d ./src/helloworld.d ./src/kmeans.d ./src/platform.d  test_mul.elf.size  test_mul.elf
' '
15:27:13 **** Auto Build of configuration Debug for project test_mul ****
make pre-build main-build 
a9-linaro-pre-build-step
' '
'Building file: ../src/block_matrix.c'
'Invoking: ARM v7 gcc compiler'
arm-none-eabi-gcc -Wall -O0 -g3 -c -fmessage-length=0 -MT"src/block_matrix.o" -mcpu=cortex-a9 -mfpu=vfpv3 -mfloat-abi=hard -I../../test_mul_bsp/ps7_cortexa9_0/include -MMD -MP -MF"src/block_matrix.d" -MT"src/block_matrix.o" -o "src/block_matrix.o" "../src/block_matrix.c"
In file included from ../src/block_matrix.c:8:
../../test_mul_bsp/ps7_cortexa9_0/include/xtime_l.h:87:9: note: #pragma message: For the sleep routines, Global timer is being used
 #pragma message ("For the sleep routines, Global timer is being used")
         ^~~~~~~
../src/block_matrix.c: In function 'multiply_block_sw':
../src/block_matrix.c:50:3: warning: label 'kk_loop' defined but not used [-Wunused-label]
   kk_loop:for(kk= 0 ; kk< BLOCK_SIZE; kk++){
   ^~~~~~~
../src/block_matrix.c:49:2: warning: label 'jj_loop' defined but not used [-Wunused-label]
  jj_loop:for(jj=0; jj< BLOCK_SIZE; jj++){
  ^~~~~~~
../src/block_matrix.c:48:1: warning: label 'ii_loop' defined but not used [-Wunused-label]
 ii_loop:for(ii=0; ii<BLOCK_SIZE; ii++){  //min(i+bloc, M) pour traiter le contour
 ^~~~~~~
../src/block_matrix.c:45:1: warning: label 'k_loop' defined but not used [-Wunused-label]
 k_loop:for(k=0; k<P; k+=BLOCK_SIZE){ //indiquer une colonne de A et une ligne de B
 ^~~~~~
../src/block_matrix.c:44:1: warning: label 'j_loop' defined but not used [-Wunused-label]
 j_loop:for(j=0; j<N; j+=BLOCK_SIZE){ //indiquer une colonne de C
 ^~~~~~
../src/block_matrix.c:43:1: warning: label 'i_loop' defined but not used [-Wunused-label]
 i_loop:for(i=0; i<M; i+=BLOCK_SIZE){ //indiquer une ligne de C
 ^~~~~~
../src/block_matrix.c:37:5: warning: label 'multiply_block_label2' defined but not used [-Wunused-label]
     multiply_block_label2:for (i = 0; i  < N ; i++)
     ^~~~~~~~~~~~~~~~~~~~~
../src/block_matrix.c:35:5: warning: label 'multiply_block_label1' defined but not used [-Wunused-label]
     multiply_block_label1:for (i = 0; i  < P ; i++)
     ^~~~~~~~~~~~~~~~~~~~~
../src/block_matrix.c:33:5: warning: label 'multiply_block_label0' defined but not used [-Wunused-label]
     multiply_block_label0:for (i = 0; i  < M ; i++)
     ^~~~~~~~~~~~~~~~~~~~~
../src/block_matrix.c: In function 'block_matrix_test':
../src/block_matrix.c:151:19: warning: passing argument 1 of 'multiply_block_sw' from incompatible pointer type [-Wincompatible-pointer-types]
 multiply_block_sw(A,B,result);
                   ^
../src/block_matrix.c:25:31: note: expected 'type **' {aka 'float **'} but argument is of type 'type (*)[16]' {aka 'float (*)[16]'}
 void multiply_block_sw(type** in_mA, type** in_mB, type** out_mC) {
                        ~~~~~~~^~~~~
../src/block_matrix.c:151:21: warning: passing argument 2 of 'multiply_block_sw' from incompatible pointer type [-Wincompatible-pointer-types]
 multiply_block_sw(A,B,result);
                     ^
../src/block_matrix.c:25:45: note: expected 'type **' {aka 'float **'} but argument is of type 'type (*)[16]' {aka 'float (*)[16]'}
 void multiply_block_sw(type** in_mA, type** in_mB, type** out_mC) {
                                      ~~~~~~~^~~~~
../src/block_matrix.c:151:23: warning: passing argument 3 of 'multiply_block_sw' from incompatible pointer type [-Wincompatible-pointer-types]
 multiply_block_sw(A,B,result);
                       ^~~~~~
../src/block_matrix.c:25:59: note: expected 'type **' {aka 'float **'} but argument is of type 'type (*)[16]' {aka 'float (*)[16]'}
 void multiply_block_sw(type** in_mA, type** in_mB, type** out_mC) {
                                                    ~~~~~~~^~~~~~
'Finished building: ../src/block_matrix.c'
' '
'Building file: ../src/busy_wait.c'
'Invoking: ARM v7 gcc compiler'
arm-none-eabi-gcc -Wall -O0 -g3 -c -fmessage-length=0 -MT"src/busy_wait.o" -mcpu=cortex-a9 -mfpu=vfpv3 -mfloat-abi=hard -I../../test_mul_bsp/ps7_cortexa9_0/include -MMD -MP -MF"src/busy_wait.d" -MT"src/busy_wait.o" -o "src/busy_wait.o" "../src/busy_wait.c"
'Finished building: ../src/busy_wait.c'
' '
'Building file: ../src/hello_zynq.c'
'Invoking: ARM v7 gcc compiler'
arm-none-eabi-gcc -Wall -O0 -g3 -c -fmessage-length=0 -MT"src/hello_zynq.o" -mcpu=cortex-a9 -mfpu=vfpv3 -mfloat-abi=hard -I../../test_mul_bsp/ps7_cortexa9_0/include -MMD -MP -MF"src/hello_zynq.d" -MT"src/hello_zynq.o" -o "src/hello_zynq.o" "../src/hello_zynq.c"
In file included from ../src/hello_zynq.c:54:
../../test_mul_bsp/ps7_cortexa9_0/include/xtime_l.h:87:9: note: #pragma message: For the sleep routines, Global timer is being used
 #pragma message ("For the sleep routines, Global timer is being used")
         ^~~~~~~
../src/hello_zynq.c:60:10: fatal error: ff.h: No such file or directory
 #include "ff.h"
          ^~~~~~
compilation terminated.
make: *** [src/subdir.mk:35: src/hello_zynq.o] Error 1
15:27:44 **** Auto Build of configuration Debug for project test_mul ****
make pre-build main-build 
a9-linaro-pre-build-step
' '
'Building file: ../src/hello_zynq.c'
'Invoking: ARM v7 gcc compiler'
arm-none-eabi-gcc -Wall -O0 -g3 -c -fmessage-length=0 -MT"src/hello_zynq.o" -mcpu=cortex-a9 -mfpu=vfpv3 -mfloat-abi=hard -I../../test_mul_bsp/ps7_cortexa9_0/include -MMD -MP -MF"src/hello_zynq.d" -MT"src/hello_zynq.o" -o "src/hello_zynq.o" "../src/hello_zynq.c"
In file included from ../src/hello_zynq.c:54:
../../test_mul_bsp/ps7_cortexa9_0/include/xtime_l.h:87:9: note: #pragma message: For the sleep routines, Global timer is being used
 #pragma message ("For the sleep routines, Global timer is being used")
         ^~~~~~~
'Finished building: ../src/hello_zynq.c'
' '
'Building file: ../src/kmeans.c'
'Invoking: ARM v7 gcc compiler'
arm-none-eabi-gcc -Wall -O0 -g3 -c -fmessage-length=0 -MT"src/kmeans.o" -mcpu=cortex-a9 -mfpu=vfpv3 -mfloat-abi=hard -I../../test_mul_bsp/ps7_cortexa9_0/include -MMD -MP -MF"src/kmeans.d" -MT"src/kmeans.o" -o "src/kmeans.o" "../src/kmeans.c"
../src/kmeans.c:4:10: fatal error: xkmeans.h: No such file or directory
 #include "xkmeans.h"
          ^~~~~~~~~~~
compilation terminated.
make: *** [src/subdir.mk:35: src/kmeans.o] Error 1
15:27:54 **** Clean-only build of configuration Debug for project test_mul ****
make clean 
rm -rf  ./src/block_matrix.o ./src/busy_wait.o ./src/hello_zynq.o ./src/kmeans.o ./src/platform.o  ./src/block_matrix.d ./src/busy_wait.d ./src/hello_zynq.d ./src/kmeans.d ./src/platform.d  test_mul.elf.size  test_mul.elf
' '
15:27:54 **** Auto Build of configuration Debug for project test_mul ****
make pre-build main-build 
a9-linaro-pre-build-step
' '
'Building file: ../src/block_matrix.c'
'Invoking: ARM v7 gcc compiler'
arm-none-eabi-gcc -Wall -O0 -g3 -c -fmessage-length=0 -MT"src/block_matrix.o" -mcpu=cortex-a9 -mfpu=vfpv3 -mfloat-abi=hard -I../../test_mul_bsp/ps7_cortexa9_0/include -MMD -MP -MF"src/block_matrix.d" -MT"src/block_matrix.o" -o "src/block_matrix.o" "../src/block_matrix.c"
In file included from ../src/block_matrix.c:8:
../../test_mul_bsp/ps7_cortexa9_0/include/xtime_l.h:87:9: note: #pragma message: For the sleep routines, Global timer is being used
 #pragma message ("For the sleep routines, Global timer is being used")
         ^~~~~~~
../src/block_matrix.c: In function 'multiply_block_sw':
../src/block_matrix.c:50:3: warning: label 'kk_loop' defined but not used [-Wunused-label]
   kk_loop:for(kk= 0 ; kk< BLOCK_SIZE; kk++){
   ^~~~~~~
../src/block_matrix.c:49:2: warning: label 'jj_loop' defined but not used [-Wunused-label]
  jj_loop:for(jj=0; jj< BLOCK_SIZE; jj++){
  ^~~~~~~
../src/block_matrix.c:48:1: warning: label 'ii_loop' defined but not used [-Wunused-label]
 ii_loop:for(ii=0; ii<BLOCK_SIZE; ii++){  //min(i+bloc, M) pour traiter le contour
 ^~~~~~~
../src/block_matrix.c:45:1: warning: label 'k_loop' defined but not used [-Wunused-label]
 k_loop:for(k=0; k<P; k+=BLOCK_SIZE){ //indiquer une colonne de A et une ligne de B
 ^~~~~~
../src/block_matrix.c:44:1: warning: label 'j_loop' defined but not used [-Wunused-label]
 j_loop:for(j=0; j<N; j+=BLOCK_SIZE){ //indiquer une colonne de C
 ^~~~~~
../src/block_matrix.c:43:1: warning: label 'i_loop' defined but not used [-Wunused-label]
 i_loop:for(i=0; i<M; i+=BLOCK_SIZE){ //indiquer une ligne de C
 ^~~~~~
../src/block_matrix.c:37:5: warning: label 'multiply_block_label2' defined but not used [-Wunused-label]
     multiply_block_label2:for (i = 0; i  < N ; i++)
     ^~~~~~~~~~~~~~~~~~~~~
../src/block_matrix.c:35:5: warning: label 'multiply_block_label1' defined but not used [-Wunused-label]
     multiply_block_label1:for (i = 0; i  < P ; i++)
     ^~~~~~~~~~~~~~~~~~~~~
../src/block_matrix.c:33:5: warning: label 'multiply_block_label0' defined but not used [-Wunused-label]
     multiply_block_label0:for (i = 0; i  < M ; i++)
     ^~~~~~~~~~~~~~~~~~~~~
../src/block_matrix.c: In function 'block_matrix_test':
../src/block_matrix.c:151:19: warning: passing argument 1 of 'multiply_block_sw' from incompatible pointer type [-Wincompatible-pointer-types]
 multiply_block_sw(A,B,result);
                   ^
../src/block_matrix.c:25:31: note: expected 'type **' {aka 'float **'} but argument is of type 'type (*)[16]' {aka 'float (*)[16]'}
 void multiply_block_sw(type** in_mA, type** in_mB, type** out_mC) {
                        ~~~~~~~^~~~~
../src/block_matrix.c:151:21: warning: passing argument 2 of 'multiply_block_sw' from incompatible pointer type [-Wincompatible-pointer-types]
 multiply_block_sw(A,B,result);
                     ^
../src/block_matrix.c:25:45: note: expected 'type **' {aka 'float **'} but argument is of type 'type (*)[16]' {aka 'float (*)[16]'}
 void multiply_block_sw(type** in_mA, type** in_mB, type** out_mC) {
                                      ~~~~~~~^~~~~
../src/block_matrix.c:151:23: warning: passing argument 3 of 'multiply_block_sw' from incompatible pointer type [-Wincompatible-pointer-types]
 multiply_block_sw(A,B,result);
                       ^~~~~~
../src/block_matrix.c:25:59: note: expected 'type **' {aka 'float **'} but argument is of type 'type (*)[16]' {aka 'float (*)[16]'}
 void multiply_block_sw(type** in_mA, type** in_mB, type** out_mC) {
                                                    ~~~~~~~^~~~~~
'Finished building: ../src/block_matrix.c'
' '
'Building file: ../src/busy_wait.c'
'Invoking: ARM v7 gcc compiler'
arm-none-eabi-gcc -Wall -O0 -g3 -c -fmessage-length=0 -MT"src/busy_wait.o" -mcpu=cortex-a9 -mfpu=vfpv3 -mfloat-abi=hard -I../../test_mul_bsp/ps7_cortexa9_0/include -MMD -MP -MF"src/busy_wait.d" -MT"src/busy_wait.o" -o "src/busy_wait.o" "../src/busy_wait.c"
'Finished building: ../src/busy_wait.c'
' '
'Building file: ../src/hello_zynq.c'
'Invoking: ARM v7 gcc compiler'
arm-none-eabi-gcc -Wall -O0 -g3 -c -fmessage-length=0 -MT"src/hello_zynq.o" -mcpu=cortex-a9 -mfpu=vfpv3 -mfloat-abi=hard -I../../test_mul_bsp/ps7_cortexa9_0/include -MMD -MP -MF"src/hello_zynq.d" -MT"src/hello_zynq.o" -o "src/hello_zynq.o" "../src/hello_zynq.c"
In file included from ../src/hello_zynq.c:54:
../../test_mul_bsp/ps7_cortexa9_0/include/xtime_l.h:87:9: note: #pragma message: For the sleep routines, Global timer is being used
 #pragma message ("For the sleep routines, Global timer is being used")
         ^~~~~~~
'Finished building: ../src/hello_zynq.c'
' '
'Building file: ../src/platform.c'
'Invoking: ARM v7 gcc compiler'
arm-none-eabi-gcc -Wall -O0 -g3 -c -fmessage-length=0 -MT"src/platform.o" -mcpu=cortex-a9 -mfpu=vfpv3 -mfloat-abi=hard -I../../test_mul_bsp/ps7_cortexa9_0/include -MMD -MP -MF"src/platform.d" -MT"src/platform.o" -o "src/platform.o" "../src/platform.c"
'Finished building: ../src/platform.c'
' '
'Building target: test_mul.elf'
'Invoking: ARM v7 gcc linker'
arm-none-eabi-gcc -mcpu=cortex-a9 -mfpu=vfpv3 -mfloat-abi=hard -Wl,-build-id=none -specs=Xilinx.spec -Wl,-T -Wl,../src/lscript.ld -L../../test_mul_bsp/ps7_cortexa9_0/lib -o "test_mul.elf"  ./src/block_matrix.o ./src/busy_wait.o ./src/hello_zynq.o ./src/platform.o   -Wl,--start-group,-lxil,-lgcc,-lc,--end-group
'Finished building target: test_mul.elf'
' '
'Invoking: ARM v7 Print Size'
arm-none-eabi-size test_mul.elf  |tee "test_mul.elf.size"
   text	   data	    bss	    dec	    hex	filename
  65504	   2584	  12064	  80152	  13918	test_mul.elf
'Finished building: test_mul.elf.size'
' '
15:28:01 **** Clean-only build of configuration Debug for project test_mul ****
make clean 
rm -rf  ./src/block_matrix.o ./src/busy_wait.o ./src/hello_zynq.o ./src/platform.o  ./src/block_matrix.d ./src/busy_wait.d ./src/hello_zynq.d ./src/platform.d  test_mul.elf.size  test_mul.elf
' '
15:28:02 **** Auto Build of configuration Debug for project test_mul ****
make pre-build main-build 
a9-linaro-pre-build-step
' '
'Building file: ../src/block_matrix.c'
'Invoking: ARM v7 gcc compiler'
arm-none-eabi-gcc -Wall -O0 -g3 -c -fmessage-length=0 -MT"src/block_matrix.o" -mcpu=cortex-a9 -mfpu=vfpv3 -mfloat-abi=hard -I../../test_mul_bsp/ps7_cortexa9_0/include -MMD -MP -MF"src/block_matrix.d" -MT"src/block_matrix.o" -o "src/block_matrix.o" "../src/block_matrix.c"
In file included from ../src/block_matrix.c:8:
../../test_mul_bsp/ps7_cortexa9_0/include/xtime_l.h:87:9: note: #pragma message: For the sleep routines, Global timer is being used
 #pragma message ("For the sleep routines, Global timer is being used")
         ^~~~~~~
../src/block_matrix.c: In function 'multiply_block_sw':
../src/block_matrix.c:50:3: warning: label 'kk_loop' defined but not used [-Wunused-label]
   kk_loop:for(kk= 0 ; kk< BLOCK_SIZE; kk++){
   ^~~~~~~
../src/block_matrix.c:49:2: warning: label 'jj_loop' defined but not used [-Wunused-label]
  jj_loop:for(jj=0; jj< BLOCK_SIZE; jj++){
  ^~~~~~~
../src/block_matrix.c:48:1: warning: label 'ii_loop' defined but not used [-Wunused-label]
 ii_loop:for(ii=0; ii<BLOCK_SIZE; ii++){  //min(i+bloc, M) pour traiter le contour
 ^~~~~~~
../src/block_matrix.c:45:1: warning: label 'k_loop' defined but not used [-Wunused-label]
 k_loop:for(k=0; k<P; k+=BLOCK_SIZE){ //indiquer une colonne de A et une ligne de B
 ^~~~~~
../src/block_matrix.c:44:1: warning: label 'j_loop' defined but not used [-Wunused-label]
 j_loop:for(j=0; j<N; j+=BLOCK_SIZE){ //indiquer une colonne de C
 ^~~~~~
../src/block_matrix.c:43:1: warning: label 'i_loop' defined but not used [-Wunused-label]
 i_loop:for(i=0; i<M; i+=BLOCK_SIZE){ //indiquer une ligne de C
 ^~~~~~
../src/block_matrix.c:37:5: warning: label 'multiply_block_label2' defined but not used [-Wunused-label]
     multiply_block_label2:for (i = 0; i  < N ; i++)
     ^~~~~~~~~~~~~~~~~~~~~
../src/block_matrix.c:35:5: warning: label 'multiply_block_label1' defined but not used [-Wunused-label]
     multiply_block_label1:for (i = 0; i  < P ; i++)
     ^~~~~~~~~~~~~~~~~~~~~
../src/block_matrix.c:33:5: warning: label 'multiply_block_label0' defined but not used [-Wunused-label]
     multiply_block_label0:for (i = 0; i  < M ; i++)
     ^~~~~~~~~~~~~~~~~~~~~
../src/block_matrix.c: In function 'block_matrix_test':
../src/block_matrix.c:151:19: warning: passing argument 1 of 'multiply_block_sw' from incompatible pointer type [-Wincompatible-pointer-types]
 multiply_block_sw(A,B,result);
                   ^
../src/block_matrix.c:25:31: note: expected 'type **' {aka 'float **'} but argument is of type 'type (*)[16]' {aka 'float (*)[16]'}
 void multiply_block_sw(type** in_mA, type** in_mB, type** out_mC) {
                        ~~~~~~~^~~~~
../src/block_matrix.c:151:21: warning: passing argument 2 of 'multiply_block_sw' from incompatible pointer type [-Wincompatible-pointer-types]
 multiply_block_sw(A,B,result);
                     ^
../src/block_matrix.c:25:45: note: expected 'type **' {aka 'float **'} but argument is of type 'type (*)[16]' {aka 'float (*)[16]'}
 void multiply_block_sw(type** in_mA, type** in_mB, type** out_mC) {
                                      ~~~~~~~^~~~~
../src/block_matrix.c:151:23: warning: passing argument 3 of 'multiply_block_sw' from incompatible pointer type [-Wincompatible-pointer-types]
 multiply_block_sw(A,B,result);
                       ^~~~~~
../src/block_matrix.c:25:59: note: expected 'type **' {aka 'float **'} but argument is of type 'type (*)[16]' {aka 'float (*)[16]'}
 void multiply_block_sw(type** in_mA, type** in_mB, type** out_mC) {
                                                    ~~~~~~~^~~~~~
'Finished building: ../src/block_matrix.c'
' '
'Building file: ../src/busy_wait.c'
'Invoking: ARM v7 gcc compiler'
arm-none-eabi-gcc -Wall -O0 -g3 -c -fmessage-length=0 -MT"src/busy_wait.o" -mcpu=cortex-a9 -mfpu=vfpv3 -mfloat-abi=hard -I../../test_mul_bsp/ps7_cortexa9_0/include -MMD -MP -MF"src/busy_wait.d" -MT"src/busy_wait.o" -o "src/busy_wait.o" "../src/busy_wait.c"
'Finished building: ../src/busy_wait.c'
' '
'Building file: ../src/hello_zynq.c'
'Invoking: ARM v7 gcc compiler'
arm-none-eabi-gcc -Wall -O0 -g3 -c -fmessage-length=0 -MT"src/hello_zynq.o" -mcpu=cortex-a9 -mfpu=vfpv3 -mfloat-abi=hard -I../../test_mul_bsp/ps7_cortexa9_0/include -MMD -MP -MF"src/hello_zynq.d" -MT"src/hello_zynq.o" -o "src/hello_zynq.o" "../src/hello_zynq.c"
In file included from ../src/hello_zynq.c:54:
../../test_mul_bsp/ps7_cortexa9_0/include/xtime_l.h:87:9: note: #pragma message: For the sleep routines, Global timer is being used
 #pragma message ("For the sleep routines, Global timer is being used")
         ^~~~~~~
../src/hello_zynq.c:55:10: fatal error: kmeans.h: No such file or directory
 #include "kmeans.h"
          ^~~~~~~~~~
compilation terminated.
make: *** [src/subdir.mk:32: src/hello_zynq.o] Error 1
15:29:31 **** Auto Build of configuration Debug for project test_mul ****
make pre-build main-build 
a9-linaro-pre-build-step
' '
'Building file: ../src/block_matrix.c'
'Invoking: ARM v7 gcc compiler'
arm-none-eabi-gcc -Wall -O0 -g3 -c -fmessage-length=0 -MT"src/block_matrix.o" -mcpu=cortex-a9 -mfpu=vfpv3 -mfloat-abi=hard -I../../test_mul_bsp/ps7_cortexa9_0/include -MMD -MP -MF"src/block_matrix.d" -MT"src/block_matrix.o" -o "src/block_matrix.o" "../src/block_matrix.c"
In file included from ../src/block_matrix.c:8:
../../test_mul_bsp/ps7_cortexa9_0/include/xtime_l.h:87:9: note: #pragma message: For the sleep routines, Global timer is being used
 #pragma message ("For the sleep routines, Global timer is being used")
         ^~~~~~~
../src/block_matrix.c: In function 'multiply_block_sw':
../src/block_matrix.c:50:3: warning: label 'kk_loop' defined but not used [-Wunused-label]
   kk_loop:for(kk= 0 ; kk< BLOCK_SIZE; kk++){
   ^~~~~~~
../src/block_matrix.c:49:2: warning: label 'jj_loop' defined but not used [-Wunused-label]
  jj_loop:for(jj=0; jj< BLOCK_SIZE; jj++){
  ^~~~~~~
../src/block_matrix.c:48:1: warning: label 'ii_loop' defined but not used [-Wunused-label]
 ii_loop:for(ii=0; ii<BLOCK_SIZE; ii++){  //min(i+bloc, M) pour traiter le contour
 ^~~~~~~
../src/block_matrix.c:45:1: warning: label 'k_loop' defined but not used [-Wunused-label]
 k_loop:for(k=0; k<P; k+=BLOCK_SIZE){ //indiquer une colonne de A et une ligne de B
 ^~~~~~
../src/block_matrix.c:44:1: warning: label 'j_loop' defined but not used [-Wunused-label]
 j_loop:for(j=0; j<N; j+=BLOCK_SIZE){ //indiquer une colonne de C
 ^~~~~~
../src/block_matrix.c:43:1: warning: label 'i_loop' defined but not used [-Wunused-label]
 i_loop:for(i=0; i<M; i+=BLOCK_SIZE){ //indiquer une ligne de C
 ^~~~~~
../src/block_matrix.c:37:5: warning: label 'multiply_block_label2' defined but not used [-Wunused-label]
     multiply_block_label2:for (i = 0; i  < N ; i++)
     ^~~~~~~~~~~~~~~~~~~~~
../src/block_matrix.c:35:5: warning: label 'multiply_block_label1' defined but not used [-Wunused-label]
     multiply_block_label1:for (i = 0; i  < P ; i++)
     ^~~~~~~~~~~~~~~~~~~~~
../src/block_matrix.c:33:5: warning: label 'multiply_block_label0' defined but not used [-Wunused-label]
     multiply_block_label0:for (i = 0; i  < M ; i++)
     ^~~~~~~~~~~~~~~~~~~~~
'Finished building: ../src/block_matrix.c'
' '
'Building file: ../src/hello_zynq.c'
'Invoking: ARM v7 gcc compiler'
arm-none-eabi-gcc -Wall -O0 -g3 -c -fmessage-length=0 -MT"src/hello_zynq.o" -mcpu=cortex-a9 -mfpu=vfpv3 -mfloat-abi=hard -I../../test_mul_bsp/ps7_cortexa9_0/include -MMD -MP -MF"src/hello_zynq.d" -MT"src/hello_zynq.o" -o "src/hello_zynq.o" "../src/hello_zynq.c"
In file included from ../src/hello_zynq.c:54:
../../test_mul_bsp/ps7_cortexa9_0/include/xtime_l.h:87:9: note: #pragma message: For the sleep routines, Global timer is being used
 #pragma message ("For the sleep routines, Global timer is being used")
         ^~~~~~~
../src/hello_zynq.c:55:10: fatal error: kmeans.h: No such file or directory
 #include "kmeans.h"
          ^~~~~~~~~~
compilation terminated.
make: *** [src/subdir.mk:32: src/hello_zynq.o] Error 1
15:32:33 **** Auto Build of configuration Debug for project test_mul ****
make pre-build main-build 
a9-linaro-pre-build-step
' '
'Building file: ../src/hello_zynq.c'
'Invoking: ARM v7 gcc compiler'
arm-none-eabi-gcc -Wall -O0 -g3 -c -fmessage-length=0 -MT"src/hello_zynq.o" -mcpu=cortex-a9 -mfpu=vfpv3 -mfloat-abi=hard -I../../test_mul_bsp/ps7_cortexa9_0/include -MMD -MP -MF"src/hello_zynq.d" -MT"src/hello_zynq.o" -o "src/hello_zynq.o" "../src/hello_zynq.c"
In file included from ../src/hello_zynq.c:54:
../../test_mul_bsp/ps7_cortexa9_0/include/xtime_l.h:87:9: note: #pragma message: For the sleep routines, Global timer is being used
 #pragma message ("For the sleep routines, Global timer is being used")
         ^~~~~~~
'Finished building: ../src/hello_zynq.c'
' '
'Building file: ../src/platform.c'
'Invoking: ARM v7 gcc compiler'
arm-none-eabi-gcc -Wall -O0 -g3 -c -fmessage-length=0 -MT"src/platform.o" -mcpu=cortex-a9 -mfpu=vfpv3 -mfloat-abi=hard -I../../test_mul_bsp/ps7_cortexa9_0/include -MMD -MP -MF"src/platform.d" -MT"src/platform.o" -o "src/platform.o" "../src/platform.c"
'Finished building: ../src/platform.c'
' '
'Building target: test_mul.elf'
'Invoking: ARM v7 gcc linker'
arm-none-eabi-gcc -mcpu=cortex-a9 -mfpu=vfpv3 -mfloat-abi=hard -Wl,-build-id=none -specs=Xilinx.spec -Wl,-T -Wl,../src/lscript.ld -L../../test_mul_bsp/ps7_cortexa9_0/lib -o "test_mul.elf"  ./src/block_matrix.o ./src/busy_wait.o ./src/hello_zynq.o ./src/platform.o   -Wl,--start-group,-lxil,-lgcc,-lc,--end-group
'Finished building target: test_mul.elf'
' '
'Invoking: ARM v7 Print Size'
arm-none-eabi-size test_mul.elf  |tee "test_mul.elf.size"
   text	   data	    bss	    dec	    hex	filename
  65504	   2584	  12064	  80152	  13918	test_mul.elf
'Finished building: test_mul.elf.size'
' '
15:32:43 **** Incremental Build of configuration Debug for project test_mul ****
make pre-build main-build 
a9-linaro-pre-build-step
' '
make: Nothing to be done for 'main-build'.
15:33:12 **** Incremental Build of configuration Debug for project test_mul ****
make pre-build main-build 
a9-linaro-pre-build-step
' '
make: Nothing to be done for 'main-build'.
15:38:06 **** Incremental Build of configuration Debug for project test_mul ****
make pre-build main-build 
a9-linaro-pre-build-step
' '
make: Nothing to be done for 'main-build'.
15:40:26 **** Auto Build of configuration Debug for project test_mul ****
make pre-build main-build 
a9-linaro-pre-build-step
' '
'Building file: ../src/block_matrix.c'
'Invoking: ARM v7 gcc compiler'
arm-none-eabi-gcc -Wall -O0 -g3 -c -fmessage-length=0 -MT"src/block_matrix.o" -mcpu=cortex-a9 -mfpu=vfpv3 -mfloat-abi=hard -I../../test_mul_bsp/ps7_cortexa9_0/include -MMD -MP -MF"src/block_matrix.d" -MT"src/block_matrix.o" -o "src/block_matrix.o" "../src/block_matrix.c"
In file included from ../src/block_matrix.c:8:
../../test_mul_bsp/ps7_cortexa9_0/include/xtime_l.h:87:9: note: #pragma message: For the sleep routines, Global timer is being used
 #pragma message ("For the sleep routines, Global timer is being used")
         ^~~~~~~
../src/block_matrix.c: In function 'multiply_block_sw':
../src/block_matrix.c:50:3: warning: label 'kk_loop' defined but not used [-Wunused-label]
   kk_loop:for(kk= 0 ; kk< BLOCK_SIZE; kk++){
   ^~~~~~~
../src/block_matrix.c:49:2: warning: label 'jj_loop' defined but not used [-Wunused-label]
  jj_loop:for(jj=0; jj< BLOCK_SIZE; jj++){
  ^~~~~~~
../src/block_matrix.c:48:1: warning: label 'ii_loop' defined but not used [-Wunused-label]
 ii_loop:for(ii=0; ii<BLOCK_SIZE; ii++){  //min(i+bloc, M) pour traiter le contour
 ^~~~~~~
../src/block_matrix.c:45:1: warning: label 'k_loop' defined but not used [-Wunused-label]
 k_loop:for(k=0; k<P; k+=BLOCK_SIZE){ //indiquer une colonne de A et une ligne de B
 ^~~~~~
../src/block_matrix.c:44:1: warning: label 'j_loop' defined but not used [-Wunused-label]
 j_loop:for(j=0; j<N; j+=BLOCK_SIZE){ //indiquer une colonne de C
 ^~~~~~
../src/block_matrix.c:43:1: warning: label 'i_loop' defined but not used [-Wunused-label]
 i_loop:for(i=0; i<M; i+=BLOCK_SIZE){ //indiquer une ligne de C
 ^~~~~~
../src/block_matrix.c:37:5: warning: label 'multiply_block_label2' defined but not used [-Wunused-label]
     multiply_block_label2:for (i = 0; i  < N ; i++)
     ^~~~~~~~~~~~~~~~~~~~~
../src/block_matrix.c:35:5: warning: label 'multiply_block_label1' defined but not used [-Wunused-label]
     multiply_block_label1:for (i = 0; i  < P ; i++)
     ^~~~~~~~~~~~~~~~~~~~~
../src/block_matrix.c:33:5: warning: label 'multiply_block_label0' defined but not used [-Wunused-label]
     multiply_block_label0:for (i = 0; i  < M ; i++)
     ^~~~~~~~~~~~~~~~~~~~~
'Finished building: ../src/block_matrix.c'
' '
'Building target: test_mul.elf'
'Invoking: ARM v7 gcc linker'
arm-none-eabi-gcc -mcpu=cortex-a9 -mfpu=vfpv3 -mfloat-abi=hard -Wl,-build-id=none -specs=Xilinx.spec -Wl,-T -Wl,../src/lscript.ld -L../../test_mul_bsp/ps7_cortexa9_0/lib -o "test_mul.elf"  ./src/block_matrix.o ./src/busy_wait.o ./src/hello_zynq.o ./src/platform.o   -Wl,--start-group,-lxil,-lgcc,-lc,--end-group
'Finished building target: test_mul.elf'
' '
'Invoking: ARM v7 Print Size'
arm-none-eabi-size test_mul.elf  |tee "test_mul.elf.size"
   text	   data	    bss	    dec	    hex	filename
  65608	   2584	  12064	  80256	  13980	test_mul.elf
'Finished building: test_mul.elf.size'
' '
15:40:30 **** Incremental Build of configuration Debug for project test_mul ****
make pre-build main-build 
a9-linaro-pre-build-step
' '
make: Nothing to be done for 'main-build'.
15:41:18 **** Incremental Build of configuration Debug for project test_mul ****
make pre-build main-build 
a9-linaro-pre-build-step
' '
make: Nothing to be done for 'main-build'.
15:44:02 **** Auto Build of project test_mul_bsp ****
make -k all 
"Running Make include in ps7_cortexa9_0/libsrc/coresightps_dcc_v1_5/src"
make -C ps7_cortexa9_0/libsrc/coresightps_dcc_v1_5/src -s include  "SHELL=CMD" "COMPILER=arm-none-eabi-gcc" "ARCHIVER=arm-none-eabi-ar" "COMPILER_FLAGS=  -O2 -c" "EXTRA_COMPILER_FLAGS=-mcpu=cortex-a9 -mfpu=vfpv3 -mfloat-abi=hard -nostartfiles -g -Wall -Wextra"
"Running Make include in ps7_cortexa9_0/libsrc/cpu_cortexa9_v2_7/src"
make -C ps7_cortexa9_0/libsrc/cpu_cortexa9_v2_7/src -s include  "SHELL=CMD" "COMPILER=arm-none-eabi-gcc" "ARCHIVER=arm-none-eabi-ar" "COMPILER_FLAGS=  -O2 -c" "EXTRA_COMPILER_FLAGS=-mcpu=cortex-a9 -mfpu=vfpv3 -mfloat-abi=hard -nostartfiles -g -Wall -Wextra"
"Running Make include in ps7_cortexa9_0/libsrc/ddrps_v1_0/src"
make -C ps7_cortexa9_0/libsrc/ddrps_v1_0/src -s include  "SHELL=CMD" "COMPILER=arm-none-eabi-gcc" "ARCHIVER=arm-none-eabi-ar" "COMPILER_FLAGS=  -O2 -c" "EXTRA_COMPILER_FLAGS=-mcpu=cortex-a9 -mfpu=vfpv3 -mfloat-abi=hard -nostartfiles -g -Wall -Wextra"
"Running Make include in ps7_cortexa9_0/libsrc/devcfg_v3_5/src"
make -C ps7_cortexa9_0/libsrc/devcfg_v3_5/src -s include  "SHELL=CMD" "COMPILER=arm-none-eabi-gcc" "ARCHIVER=arm-none-eabi-ar" "COMPILER_FLAGS=  -O2 -c" "EXTRA_COMPILER_FLAGS=-mcpu=cortex-a9 -mfpu=vfpv3 -mfloat-abi=hard -nostartfiles -g -Wall -Wextra"
"Running Make include in ps7_cortexa9_0/libsrc/dmaps_v2_4/src"
make -C ps7_cortexa9_0/libsrc/dmaps_v2_4/src -s include  "SHELL=CMD" "COMPILER=arm-none-eabi-gcc" "ARCHIVER=arm-none-eabi-ar" "COMPILER_FLAGS=  -O2 -c" "EXTRA_COMPILER_FLAGS=-mcpu=cortex-a9 -mfpu=vfpv3 -mfloat-abi=hard -nostartfiles -g -Wall -Wextra"
"Running Make include in ps7_cortexa9_0/libsrc/emacps_v3_9/src"
make -C ps7_cortexa9_0/libsrc/emacps_v3_9/src -s include  "SHELL=CMD" "COMPILER=arm-none-eabi-gcc" "ARCHIVER=arm-none-eabi-ar" "COMPILER_FLAGS=  -O2 -c" "EXTRA_COMPILER_FLAGS=-mcpu=cortex-a9 -mfpu=vfpv3 -mfloat-abi=hard -nostartfiles -g -Wall -Wextra"
"Running Make include in ps7_cortexa9_0/libsrc/gpiops_v3_5/src"
make -C ps7_cortexa9_0/libsrc/gpiops_v3_5/src -s include  "SHELL=CMD" "COMPILER=arm-none-eabi-gcc" "ARCHIVER=arm-none-eabi-ar" "COMPILER_FLAGS=  -O2 -c" "EXTRA_COMPILER_FLAGS=-mcpu=cortex-a9 -mfpu=vfpv3 -mfloat-abi=hard -nostartfiles -g -Wall -Wextra"
"Running Make include in ps7_cortexa9_0/libsrc/gpio_v4_4/src"
make -C ps7_cortexa9_0/libsrc/gpio_v4_4/src -s include  "SHELL=CMD" "COMPILER=arm-none-eabi-gcc" "ARCHIVER=arm-none-eabi-ar" "COMPILER_FLAGS=  -O2 -c" "EXTRA_COMPILER_FLAGS=-mcpu=cortex-a9 -mfpu=vfpv3 -mfloat-abi=hard -nostartfiles -g -Wall -Wextra"
"Running Make include in ps7_cortexa9_0/libsrc/multiply_block_v1_0/src"
make -C ps7_cortexa9_0/libsrc/multiply_block_v1_0/src -s include  "SHELL=CMD" "COMPILER=arm-none-eabi-gcc" "ARCHIVER=arm-none-eabi-ar" "COMPILER_FLAGS=  -O2 -c" "EXTRA_COMPILER_FLAGS=-mcpu=cortex-a9 -mfpu=vfpv3 -mfloat-abi=hard -nostartfiles -g -Wall -Wextra"
"Running Make include in ps7_cortexa9_0/libsrc/qspips_v3_6/src"
make -C ps7_cortexa9_0/libsrc/qspips_v3_6/src -s include  "SHELL=CMD" "COMPILER=arm-none-eabi-gcc" "ARCHIVER=arm-none-eabi-ar" "COMPILER_FLAGS=  -O2 -c" "EXTRA_COMPILER_FLAGS=-mcpu=cortex-a9 -mfpu=vfpv3 -mfloat-abi=hard -nostartfiles -g -Wall -Wextra"
"Running Make include in ps7_cortexa9_0/libsrc/scugic_v4_0/src"
make -C ps7_cortexa9_0/libsrc/scugic_v4_0/src -s include  "SHELL=CMD" "COMPILER=arm-none-eabi-gcc" "ARCHIVER=arm-none-eabi-ar" "COMPILER_FLAGS=  -O2 -c" "EXTRA_COMPILER_FLAGS=-mcpu=cortex-a9 -mfpu=vfpv3 -mfloat-abi=hard -nostartfiles -g -Wall -Wextra"
"Running Make include in ps7_cortexa9_0/libsrc/scutimer_v2_1/src"
make -C ps7_cortexa9_0/libsrc/scutimer_v2_1/src -s include  "SHELL=CMD" "COMPILER=arm-none-eabi-gcc" "ARCHIVER=arm-none-eabi-ar" "COMPILER_FLAGS=  -O2 -c" "EXTRA_COMPILER_FLAGS=-mcpu=cortex-a9 -mfpu=vfpv3 -mfloat-abi=hard -nostartfiles -g -Wall -Wextra"
"Running Make include in ps7_cortexa9_0/libsrc/scuwdt_v2_1/src"
make -C ps7_cortexa9_0/libsrc/scuwdt_v2_1/src -s include  "SHELL=CMD" "COMPILER=arm-none-eabi-gcc" "ARCHIVER=arm-none-eabi-ar" "COMPILER_FLAGS=  -O2 -c" "EXTRA_COMPILER_FLAGS=-mcpu=cortex-a9 -mfpu=vfpv3 -mfloat-abi=hard -nostartfiles -g -Wall -Wextra"
"Running Make include in ps7_cortexa9_0/libsrc/sdps_v3_7/src"
make -C ps7_cortexa9_0/libsrc/sdps_v3_7/src -s include  "SHELL=CMD" "COMPILER=arm-none-eabi-gcc" "ARCHIVER=arm-none-eabi-ar" "COMPILER_FLAGS=  -O2 -c" "EXTRA_COMPILER_FLAGS=-mcpu=cortex-a9 -mfpu=vfpv3 -mfloat-abi=hard -nostartfiles -g -Wall -Wextra"
"Running Make include in ps7_cortexa9_0/libsrc/standalone_v7_0/src"
make -C ps7_cortexa9_0/libsrc/standalone_v7_0/src -s include  "SHELL=CMD" "COMPILER=arm-none-eabi-gcc" "ARCHIVER=arm-none-eabi-ar" "COMPILER_FLAGS=  -O2 -c" "EXTRA_COMPILER_FLAGS=-mcpu=cortex-a9 -mfpu=vfpv3 -mfloat-abi=hard -nostartfiles -g -Wall -Wextra"
"Running Make include in ps7_cortexa9_0/libsrc/ttcps_v3_9/src"
make -C ps7_cortexa9_0/libsrc/ttcps_v3_9/src -s include  "SHELL=CMD" "COMPILER=arm-none-eabi-gcc" "ARCHIVER=arm-none-eabi-ar" "COMPILER_FLAGS=  -O2 -c" "EXTRA_COMPILER_FLAGS=-mcpu=cortex-a9 -mfpu=vfpv3 -mfloat-abi=hard -nostartfiles -g -Wall -Wextra"
"Running Make include in ps7_cortexa9_0/libsrc/uartps_v3_7/src"
make -C ps7_cortexa9_0/libsrc/uartps_v3_7/src -s include  "SHELL=CMD" "COMPILER=arm-none-eabi-gcc" "ARCHIVER=arm-none-eabi-ar" "COMPILER_FLAGS=  -O2 -c" "EXTRA_COMPILER_FLAGS=-mcpu=cortex-a9 -mfpu=vfpv3 -mfloat-abi=hard -nostartfiles -g -Wall -Wextra"
"Running Make include in ps7_cortexa9_0/libsrc/usbps_v2_4/src"
make -C ps7_cortexa9_0/libsrc/usbps_v2_4/src -s include  "SHELL=CMD" "COMPILER=arm-none-eabi-gcc" "ARCHIVER=arm-none-eabi-ar" "COMPILER_FLAGS=  -O2 -c" "EXTRA_COMPILER_FLAGS=-mcpu=cortex-a9 -mfpu=vfpv3 -mfloat-abi=hard -nostartfiles -g -Wall -Wextra"
"Running Make include in ps7_cortexa9_0/libsrc/xadcps_v2_3/src"
make -C ps7_cortexa9_0/libsrc/xadcps_v2_3/src -s include  "SHELL=CMD" "COMPILER=arm-none-eabi-gcc" "ARCHIVER=arm-none-eabi-ar" "COMPILER_FLAGS=  -O2 -c" "EXTRA_COMPILER_FLAGS=-mcpu=cortex-a9 -mfpu=vfpv3 -mfloat-abi=hard -nostartfiles -g -Wall -Wextra"
"Running Make libs in ps7_cortexa9_0/libsrc/coresightps_dcc_v1_5/src"
make -C ps7_cortexa9_0/libsrc/coresightps_dcc_v1_5/src -s libs  "SHELL=CMD" "COMPILER=arm-none-eabi-gcc" "ARCHIVER=arm-none-eabi-ar" "COMPILER_FLAGS=  -O2 -c" "EXTRA_COMPILER_FLAGS=-mcpu=cortex-a9 -mfpu=vfpv3 -mfloat-abi=hard -nostartfiles -g -Wall -Wextra"
"Compiling coresightps_dcc"
arm-none-eabi-ar: creating ../../../lib/libxil.a
"Running Make libs in ps7_cortexa9_0/libsrc/cpu_cortexa9_v2_7/src"
make -C ps7_cortexa9_0/libsrc/cpu_cortexa9_v2_7/src -s libs  "SHELL=CMD" "COMPILER=arm-none-eabi-gcc" "ARCHIVER=arm-none-eabi-ar" "COMPILER_FLAGS=  -O2 -c" "EXTRA_COMPILER_FLAGS=-mcpu=cortex-a9 -mfpu=vfpv3 -mfloat-abi=hard -nostartfiles -g -Wall -Wextra"
"Compiling cpu_cortexa9"
"Running Make libs in ps7_cortexa9_0/libsrc/ddrps_v1_0/src"
make -C ps7_cortexa9_0/libsrc/ddrps_v1_0/src -s libs  "SHELL=CMD" "COMPILER=arm-none-eabi-gcc" "ARCHIVER=arm-none-eabi-ar" "COMPILER_FLAGS=  -O2 -c" "EXTRA_COMPILER_FLAGS=-mcpu=cortex-a9 -mfpu=vfpv3 -mfloat-abi=hard -nostartfiles -g -Wall -Wextra"
"Compiling ddrps"
"Running Make libs in ps7_cortexa9_0/libsrc/devcfg_v3_5/src"
make -C ps7_cortexa9_0/libsrc/devcfg_v3_5/src -s libs  "SHELL=CMD" "COMPILER=arm-none-eabi-gcc" "ARCHIVER=arm-none-eabi-ar" "COMPILER_FLAGS=  -O2 -c" "EXTRA_COMPILER_FLAGS=-mcpu=cortex-a9 -mfpu=vfpv3 -mfloat-abi=hard -nostartfiles -g -Wall -Wextra"
"Compiling devcfg"
"Running Make libs in ps7_cortexa9_0/libsrc/dmaps_v2_4/src"
make -C ps7_cortexa9_0/libsrc/dmaps_v2_4/src -s libs  "SHELL=CMD" "COMPILER=arm-none-eabi-gcc" "ARCHIVER=arm-none-eabi-ar" "COMPILER_FLAGS=  -O2 -c" "EXTRA_COMPILER_FLAGS=-mcpu=cortex-a9 -mfpu=vfpv3 -mfloat-abi=hard -nostartfiles -g -Wall -Wextra"
"Compiling dmaps"
"Running Make libs in ps7_cortexa9_0/libsrc/emacps_v3_9/src"
make -C ps7_cortexa9_0/libsrc/emacps_v3_9/src -s libs  "SHELL=CMD" "COMPILER=arm-none-eabi-gcc" "ARCHIVER=arm-none-eabi-ar" "COMPILER_FLAGS=  -O2 -c" "EXTRA_COMPILER_FLAGS=-mcpu=cortex-a9 -mfpu=vfpv3 -mfloat-abi=hard -nostartfiles -g -Wall -Wextra"
"Compiling emacps"
"Running Make libs in ps7_cortexa9_0/libsrc/gpiops_v3_5/src"
make -C ps7_cortexa9_0/libsrc/gpiops_v3_5/src -s libs  "SHELL=CMD" "COMPILER=arm-none-eabi-gcc" "ARCHIVER=arm-none-eabi-ar" "COMPILER_FLAGS=  -O2 -c" "EXTRA_COMPILER_FLAGS=-mcpu=cortex-a9 -mfpu=vfpv3 -mfloat-abi=hard -nostartfiles -g -Wall -Wextra"
"Compiling gpiops"
"Running Make libs in ps7_cortexa9_0/libsrc/gpio_v4_4/src"
make -C ps7_cortexa9_0/libsrc/gpio_v4_4/src -s libs  "SHELL=CMD" "COMPILER=arm-none-eabi-gcc" "ARCHIVER=arm-none-eabi-ar" "COMPILER_FLAGS=  -O2 -c" "EXTRA_COMPILER_FLAGS=-mcpu=cortex-a9 -mfpu=vfpv3 -mfloat-abi=hard -nostartfiles -g -Wall -Wextra"
"Compiling gpio"
"Running Make libs in ps7_cortexa9_0/libsrc/multiply_block_v1_0/src"
make -C ps7_cortexa9_0/libsrc/multiply_block_v1_0/src -s libs  "SHELL=CMD" "COMPILER=arm-none-eabi-gcc" "ARCHIVER=arm-none-eabi-ar" "COMPILER_FLAGS=  -O2 -c" "EXTRA_COMPILER_FLAGS=-mcpu=cortex-a9 -mfpu=vfpv3 -mfloat-abi=hard -nostartfiles -g -Wall -Wextra"
"Compiling multiply_block"
"Running Make libs in ps7_cortexa9_0/libsrc/qspips_v3_6/src"
make -C ps7_cortexa9_0/libsrc/qspips_v3_6/src -s libs  "SHELL=CMD" "COMPILER=arm-none-eabi-gcc" "ARCHIVER=arm-none-eabi-ar" "COMPILER_FLAGS=  -O2 -c" "EXTRA_COMPILER_FLAGS=-mcpu=cortex-a9 -mfpu=vfpv3 -mfloat-abi=hard -nostartfiles -g -Wall -Wextra"
"Compiling qspips"
"Running Make libs in ps7_cortexa9_0/libsrc/scugic_v4_0/src"
make -C ps7_cortexa9_0/libsrc/scugic_v4_0/src -s libs  "SHELL=CMD" "COMPILER=arm-none-eabi-gcc" "ARCHIVER=arm-none-eabi-ar" "COMPILER_FLAGS=  -O2 -c" "EXTRA_COMPILER_FLAGS=-mcpu=cortex-a9 -mfpu=vfpv3 -mfloat-abi=hard -nostartfiles -g -Wall -Wextra"
"Compiling scugic"
"Running Make libs in ps7_cortexa9_0/libsrc/scutimer_v2_1/src"
make -C ps7_cortexa9_0/libsrc/scutimer_v2_1/src -s libs  "SHELL=CMD" "COMPILER=arm-none-eabi-gcc" "ARCHIVER=arm-none-eabi-ar" "COMPILER_FLAGS=  -O2 -c" "EXTRA_COMPILER_FLAGS=-mcpu=cortex-a9 -mfpu=vfpv3 -mfloat-abi=hard -nostartfiles -g -Wall -Wextra"
"Compiling scutimer"
"Running Make libs in ps7_cortexa9_0/libsrc/scuwdt_v2_1/src"
make -C ps7_cortexa9_0/libsrc/scuwdt_v2_1/src -s libs  "SHELL=CMD" "COMPILER=arm-none-eabi-gcc" "ARCHIVER=arm-none-eabi-ar" "COMPILER_FLAGS=  -O2 -c" "EXTRA_COMPILER_FLAGS=-mcpu=cortex-a9 -mfpu=vfpv3 -mfloat-abi=hard -nostartfiles -g -Wall -Wextra"
"Compiling scuwdt"
"Running Make libs in ps7_cortexa9_0/libsrc/sdps_v3_7/src"
make -C ps7_cortexa9_0/libsrc/sdps_v3_7/src -s libs  "SHELL=CMD" "COMPILER=arm-none-eabi-gcc" "ARCHIVER=arm-none-eabi-ar" "COMPILER_FLAGS=  -O2 -c" "EXTRA_COMPILER_FLAGS=-mcpu=cortex-a9 -mfpu=vfpv3 -mfloat-abi=hard -nostartfiles -g -Wall -Wextra"
"Compiling sdps"
"Running Make libs in ps7_cortexa9_0/libsrc/standalone_v7_0/src"
make -C ps7_cortexa9_0/libsrc/standalone_v7_0/src -s libs  "SHELL=CMD" "COMPILER=arm-none-eabi-gcc" "ARCHIVER=arm-none-eabi-ar" "COMPILER_FLAGS=  -O2 -c" "EXTRA_COMPILER_FLAGS=-mcpu=cortex-a9 -mfpu=vfpv3 -mfloat-abi=hard -nostartfiles -g -Wall -Wextra"
"Compiling standalone"
"Running Make libs in ps7_cortexa9_0/libsrc/ttcps_v3_9/src"
make -C ps7_cortexa9_0/libsrc/ttcps_v3_9/src -s libs  "SHELL=CMD" "COMPILER=arm-none-eabi-gcc" "ARCHIVER=arm-none-eabi-ar" "COMPILER_FLAGS=  -O2 -c" "EXTRA_COMPILER_FLAGS=-mcpu=cortex-a9 -mfpu=vfpv3 -mfloat-abi=hard -nostartfiles -g -Wall -Wextra"
"Compiling ttcps"
"Running Make libs in ps7_cortexa9_0/libsrc/uartps_v3_7/src"
make -C ps7_cortexa9_0/libsrc/uartps_v3_7/src -s libs  "SHELL=CMD" "COMPILER=arm-none-eabi-gcc" "ARCHIVER=arm-none-eabi-ar" "COMPILER_FLAGS=  -O2 -c" "EXTRA_COMPILER_FLAGS=-mcpu=cortex-a9 -mfpu=vfpv3 -mfloat-abi=hard -nostartfiles -g -Wall -Wextra"
"Compiling uartps"
"Running Make libs in ps7_cortexa9_0/libsrc/usbps_v2_4/src"
make -C ps7_cortexa9_0/libsrc/usbps_v2_4/src -s libs  "SHELL=CMD" "COMPILER=arm-none-eabi-gcc" "ARCHIVER=arm-none-eabi-ar" "COMPILER_FLAGS=  -O2 -c" "EXTRA_COMPILER_FLAGS=-mcpu=cortex-a9 -mfpu=vfpv3 -mfloat-abi=hard -nostartfiles -g -Wall -Wextra"
"Compiling usbps"
"Running Make libs in ps7_cortexa9_0/libsrc/xadcps_v2_3/src"
make -C ps7_cortexa9_0/libsrc/xadcps_v2_3/src -s libs  "SHELL=CMD" "COMPILER=arm-none-eabi-gcc" "ARCHIVER=arm-none-eabi-ar" "COMPILER_FLAGS=  -O2 -c" "EXTRA_COMPILER_FLAGS=-mcpu=cortex-a9 -mfpu=vfpv3 -mfloat-abi=hard -nostartfiles -g -Wall -Wextra"
"Compiling xadcps"
'Finished building libraries'
15:44:42 **** Auto Build of configuration Debug for project test_mul ****
make pre-build main-build 
a9-linaro-pre-build-step
' '
'Building file: ../src/block_matrix.c'
'Invoking: ARM v7 gcc compiler'
arm-none-eabi-gcc -Wall -O0 -g3 -c -fmessage-length=0 -MT"src/block_matrix.o" -mcpu=cortex-a9 -mfpu=vfpv3 -mfloat-abi=hard -I../../test_mul_bsp/ps7_cortexa9_0/include -MMD -MP -MF"src/block_matrix.d" -MT"src/block_matrix.o" -o "src/block_matrix.o" "../src/block_matrix.c"
../src/block_matrix.c: In function 'multiply_block_sw':
../src/block_matrix.c:50:3: warning: label 'kk_loop' defined but not used [-Wunused-label]
   kk_loop:for(kk= 0 ; kk< BLOCK_SIZE; kk++){
   ^~~~~~~
../src/block_matrix.c:49:2: warning: label 'jj_loop' defined but not used [-Wunused-label]
  jj_loop:for(jj=0; jj< BLOCK_SIZE; jj++){
  ^~~~~~~
../src/block_matrix.c:48:1: warning: label 'ii_loop' defined but not used [-Wunused-label]
 ii_loop:for(ii=0; ii<BLOCK_SIZE; ii++){  //min(i+bloc, M) pour traiter le contour
 ^~~~~~~
../src/block_matrix.c:45:1: warning: label 'k_loop' defined but not used [-Wunused-label]
 k_loop:for(k=0; k<P; k+=BLOCK_SIZE){ //indiquer une colonne de A et une ligne de B
 ^~~~~~
../src/block_matrix.c:44:1: warning: label 'j_loop' defined but not used [-Wunused-label]
 j_loop:for(j=0; j<N; j+=BLOCK_SIZE){ //indiquer une colonne de C
 ^~~~~~
../src/block_matrix.c:43:1: warning: label 'i_loop' defined but not used [-Wunused-label]
 i_loop:for(i=0; i<M; i+=BLOCK_SIZE){ //indiquer une ligne de C
 ^~~~~~
../src/block_matrix.c:37:5: warning: label 'multiply_block_label2' defined but not used [-Wunused-label]
     multiply_block_label2:for (i = 0; i  < N ; i++)
     ^~~~~~~~~~~~~~~~~~~~~
../src/block_matrix.c:35:5: warning: label 'multiply_block_label1' defined but not used [-Wunused-label]
     multiply_block_label1:for (i = 0; i  < P ; i++)
     ^~~~~~~~~~~~~~~~~~~~~
../src/block_matrix.c:33:5: warning: label 'multiply_block_label0' defined but not used [-Wunused-label]
     multiply_block_label0:for (i = 0; i  < M ; i++)
     ^~~~~~~~~~~~~~~~~~~~~
'Finished building: ../src/block_matrix.c'
' '
'Building file: ../src/hello_zynq.c'
'Invoking: ARM v7 gcc compiler'
arm-none-eabi-gcc -Wall -O0 -g3 -c -fmessage-length=0 -MT"src/hello_zynq.o" -mcpu=cortex-a9 -mfpu=vfpv3 -mfloat-abi=hard -I../../test_mul_bsp/ps7_cortexa9_0/include -MMD -MP -MF"src/hello_zynq.d" -MT"src/hello_zynq.o" -o "src/hello_zynq.o" "../src/hello_zynq.c"
'Finished building: ../src/hello_zynq.c'
' '
'Building file: ../src/platform.c'
'Invoking: ARM v7 gcc compiler'
arm-none-eabi-gcc -Wall -O0 -g3 -c -fmessage-length=0 -MT"src/platform.o" -mcpu=cortex-a9 -mfpu=vfpv3 -mfloat-abi=hard -I../../test_mul_bsp/ps7_cortexa9_0/include -MMD -MP -MF"src/platform.d" -MT"src/platform.o" -o "src/platform.o" "../src/platform.c"
'Finished building: ../src/platform.c'
' '
'Building target: test_mul.elf'
'Invoking: ARM v7 gcc linker'
arm-none-eabi-gcc -mcpu=cortex-a9 -mfpu=vfpv3 -mfloat-abi=hard -Wl,-build-id=none -specs=Xilinx.spec -Wl,-T -Wl,../src/lscript.ld -L../../test_mul_bsp/ps7_cortexa9_0/lib -o "test_mul.elf"  ./src/block_matrix.o ./src/busy_wait.o ./src/hello_zynq.o ./src/platform.o   -Wl,--start-group,-lxil,-lgcc,-lc,--end-group
'Finished building target: test_mul.elf'
' '
'Invoking: ARM v7 Print Size'
arm-none-eabi-size test_mul.elf  |tee "test_mul.elf.size"
   text	   data	    bss	    dec	    hex	filename
  65608	   2584	  12064	  80256	  13980	test_mul.elf
'Finished building: test_mul.elf.size'
' '
15:44:44 **** Incremental Build of configuration Debug for project test_mul ****
make pre-build main-build 
a9-linaro-pre-build-step
' '
make: Nothing to be done for 'main-build'.
15:45:09 **** Incremental Build of configuration Debug for project test_mul ****
make pre-build main-build 
a9-linaro-pre-build-step
' '
make: Nothing to be done for 'main-build'.
15:45:27 **** Auto Build of project test_mul_bsp ****
make -k all 
"Running Make include in ps7_cortexa9_0/libsrc/coresightps_dcc_v1_5/src"
make -C ps7_cortexa9_0/libsrc/coresightps_dcc_v1_5/src -s include  "SHELL=CMD" "COMPILER=arm-none-eabi-gcc" "ARCHIVER=arm-none-eabi-ar" "COMPILER_FLAGS=  -O2 -c" "EXTRA_COMPILER_FLAGS=-mcpu=cortex-a9 -mfpu=vfpv3 -mfloat-abi=hard -nostartfiles -g -Wall -Wextra"
"Running Make include in ps7_cortexa9_0/libsrc/cpu_cortexa9_v2_7/src"
make -C ps7_cortexa9_0/libsrc/cpu_cortexa9_v2_7/src -s include  "SHELL=CMD" "COMPILER=arm-none-eabi-gcc" "ARCHIVER=arm-none-eabi-ar" "COMPILER_FLAGS=  -O2 -c" "EXTRA_COMPILER_FLAGS=-mcpu=cortex-a9 -mfpu=vfpv3 -mfloat-abi=hard -nostartfiles -g -Wall -Wextra"
"Running Make include in ps7_cortexa9_0/libsrc/ddrps_v1_0/src"
make -C ps7_cortexa9_0/libsrc/ddrps_v1_0/src -s include  "SHELL=CMD" "COMPILER=arm-none-eabi-gcc" "ARCHIVER=arm-none-eabi-ar" "COMPILER_FLAGS=  -O2 -c" "EXTRA_COMPILER_FLAGS=-mcpu=cortex-a9 -mfpu=vfpv3 -mfloat-abi=hard -nostartfiles -g -Wall -Wextra"
"Running Make include in ps7_cortexa9_0/libsrc/devcfg_v3_5/src"
make -C ps7_cortexa9_0/libsrc/devcfg_v3_5/src -s include  "SHELL=CMD" "COMPILER=arm-none-eabi-gcc" "ARCHIVER=arm-none-eabi-ar" "COMPILER_FLAGS=  -O2 -c" "EXTRA_COMPILER_FLAGS=-mcpu=cortex-a9 -mfpu=vfpv3 -mfloat-abi=hard -nostartfiles -g -Wall -Wextra"
"Running Make include in ps7_cortexa9_0/libsrc/dmaps_v2_4/src"
make -C ps7_cortexa9_0/libsrc/dmaps_v2_4/src -s include  "SHELL=CMD" "COMPILER=arm-none-eabi-gcc" "ARCHIVER=arm-none-eabi-ar" "COMPILER_FLAGS=  -O2 -c" "EXTRA_COMPILER_FLAGS=-mcpu=cortex-a9 -mfpu=vfpv3 -mfloat-abi=hard -nostartfiles -g -Wall -Wextra"
"Running Make include in ps7_cortexa9_0/libsrc/emacps_v3_9/src"
make -C ps7_cortexa9_0/libsrc/emacps_v3_9/src -s include  "SHELL=CMD" "COMPILER=arm-none-eabi-gcc" "ARCHIVER=arm-none-eabi-ar" "COMPILER_FLAGS=  -O2 -c" "EXTRA_COMPILER_FLAGS=-mcpu=cortex-a9 -mfpu=vfpv3 -mfloat-abi=hard -nostartfiles -g -Wall -Wextra"
"Running Make include in ps7_cortexa9_0/libsrc/gpiops_v3_5/src"
make -C ps7_cortexa9_0/libsrc/gpiops_v3_5/src -s include  "SHELL=CMD" "COMPILER=arm-none-eabi-gcc" "ARCHIVER=arm-none-eabi-ar" "COMPILER_FLAGS=  -O2 -c" "EXTRA_COMPILER_FLAGS=-mcpu=cortex-a9 -mfpu=vfpv3 -mfloat-abi=hard -nostartfiles -g -Wall -Wextra"
"Running Make include in ps7_cortexa9_0/libsrc/gpio_v4_4/src"
make -C ps7_cortexa9_0/libsrc/gpio_v4_4/src -s include  "SHELL=CMD" "COMPILER=arm-none-eabi-gcc" "ARCHIVER=arm-none-eabi-ar" "COMPILER_FLAGS=  -O2 -c" "EXTRA_COMPILER_FLAGS=-mcpu=cortex-a9 -mfpu=vfpv3 -mfloat-abi=hard -nostartfiles -g -Wall -Wextra"
"Running Make include in ps7_cortexa9_0/libsrc/multiply_block_v1_0/src"
make -C ps7_cortexa9_0/libsrc/multiply_block_v1_0/src -s include  "SHELL=CMD" "COMPILER=arm-none-eabi-gcc" "ARCHIVER=arm-none-eabi-ar" "COMPILER_FLAGS=  -O2 -c" "EXTRA_COMPILER_FLAGS=-mcpu=cortex-a9 -mfpu=vfpv3 -mfloat-abi=hard -nostartfiles -g -Wall -Wextra"
"Running Make include in ps7_cortexa9_0/libsrc/qspips_v3_6/src"
make -C ps7_cortexa9_0/libsrc/qspips_v3_6/src -s include  "SHELL=CMD" "COMPILER=arm-none-eabi-gcc" "ARCHIVER=arm-none-eabi-ar" "COMPILER_FLAGS=  -O2 -c" "EXTRA_COMPILER_FLAGS=-mcpu=cortex-a9 -mfpu=vfpv3 -mfloat-abi=hard -nostartfiles -g -Wall -Wextra"
"Running Make include in ps7_cortexa9_0/libsrc/scugic_v4_0/src"
make -C ps7_cortexa9_0/libsrc/scugic_v4_0/src -s include  "SHELL=CMD" "COMPILER=arm-none-eabi-gcc" "ARCHIVER=arm-none-eabi-ar" "COMPILER_FLAGS=  -O2 -c" "EXTRA_COMPILER_FLAGS=-mcpu=cortex-a9 -mfpu=vfpv3 -mfloat-abi=hard -nostartfiles -g -Wall -Wextra"
"Running Make include in ps7_cortexa9_0/libsrc/scutimer_v2_1/src"
make -C ps7_cortexa9_0/libsrc/scutimer_v2_1/src -s include  "SHELL=CMD" "COMPILER=arm-none-eabi-gcc" "ARCHIVER=arm-none-eabi-ar" "COMPILER_FLAGS=  -O2 -c" "EXTRA_COMPILER_FLAGS=-mcpu=cortex-a9 -mfpu=vfpv3 -mfloat-abi=hard -nostartfiles -g -Wall -Wextra"
"Running Make include in ps7_cortexa9_0/libsrc/scuwdt_v2_1/src"
make -C ps7_cortexa9_0/libsrc/scuwdt_v2_1/src -s include  "SHELL=CMD" "COMPILER=arm-none-eabi-gcc" "ARCHIVER=arm-none-eabi-ar" "COMPILER_FLAGS=  -O2 -c" "EXTRA_COMPILER_FLAGS=-mcpu=cortex-a9 -mfpu=vfpv3 -mfloat-abi=hard -nostartfiles -g -Wall -Wextra"
"Running Make include in ps7_cortexa9_0/libsrc/sdps_v3_7/src"
make -C ps7_cortexa9_0/libsrc/sdps_v3_7/src -s include  "SHELL=CMD" "COMPILER=arm-none-eabi-gcc" "ARCHIVER=arm-none-eabi-ar" "COMPILER_FLAGS=  -O2 -c" "EXTRA_COMPILER_FLAGS=-mcpu=cortex-a9 -mfpu=vfpv3 -mfloat-abi=hard -nostartfiles -g -Wall -Wextra"
"Running Make include in ps7_cortexa9_0/libsrc/standalone_v7_0/src"
make -C ps7_cortexa9_0/libsrc/standalone_v7_0/src -s include  "SHELL=CMD" "COMPILER=arm-none-eabi-gcc" "ARCHIVER=arm-none-eabi-ar" "COMPILER_FLAGS=  -O2 -c" "EXTRA_COMPILER_FLAGS=-mcpu=cortex-a9 -mfpu=vfpv3 -mfloat-abi=hard -nostartfiles -g -Wall -Wextra"
"Running Make include in ps7_cortexa9_0/libsrc/ttcps_v3_9/src"
make -C ps7_cortexa9_0/libsrc/ttcps_v3_9/src -s include  "SHELL=CMD" "COMPILER=arm-none-eabi-gcc" "ARCHIVER=arm-none-eabi-ar" "COMPILER_FLAGS=  -O2 -c" "EXTRA_COMPILER_FLAGS=-mcpu=cortex-a9 -mfpu=vfpv3 -mfloat-abi=hard -nostartfiles -g -Wall -Wextra"
"Running Make include in ps7_cortexa9_0/libsrc/uartps_v3_7/src"
make -C ps7_cortexa9_0/libsrc/uartps_v3_7/src -s include  "SHELL=CMD" "COMPILER=arm-none-eabi-gcc" "ARCHIVER=arm-none-eabi-ar" "COMPILER_FLAGS=  -O2 -c" "EXTRA_COMPILER_FLAGS=-mcpu=cortex-a9 -mfpu=vfpv3 -mfloat-abi=hard -nostartfiles -g -Wall -Wextra"
"Running Make include in ps7_cortexa9_0/libsrc/usbps_v2_4/src"
make -C ps7_cortexa9_0/libsrc/usbps_v2_4/src -s include  "SHELL=CMD" "COMPILER=arm-none-eabi-gcc" "ARCHIVER=arm-none-eabi-ar" "COMPILER_FLAGS=  -O2 -c" "EXTRA_COMPILER_FLAGS=-mcpu=cortex-a9 -mfpu=vfpv3 -mfloat-abi=hard -nostartfiles -g -Wall -Wextra"
"Running Make include in ps7_cortexa9_0/libsrc/xadcps_v2_3/src"
make -C ps7_cortexa9_0/libsrc/xadcps_v2_3/src -s include  "SHELL=CMD" "COMPILER=arm-none-eabi-gcc" "ARCHIVER=arm-none-eabi-ar" "COMPILER_FLAGS=  -O2 -c" "EXTRA_COMPILER_FLAGS=-mcpu=cortex-a9 -mfpu=vfpv3 -mfloat-abi=hard -nostartfiles -g -Wall -Wextra"
"Running Make libs in ps7_cortexa9_0/libsrc/coresightps_dcc_v1_5/src"
make -C ps7_cortexa9_0/libsrc/coresightps_dcc_v1_5/src -s libs  "SHELL=CMD" "COMPILER=arm-none-eabi-gcc" "ARCHIVER=arm-none-eabi-ar" "COMPILER_FLAGS=  -O2 -c" "EXTRA_COMPILER_FLAGS=-mcpu=cortex-a9 -mfpu=vfpv3 -mfloat-abi=hard -nostartfiles -g -Wall -Wextra"
"Compiling coresightps_dcc"
arm-none-eabi-ar: creating ../../../lib/libxil.a
"Running Make libs in ps7_cortexa9_0/libsrc/cpu_cortexa9_v2_7/src"
make -C ps7_cortexa9_0/libsrc/cpu_cortexa9_v2_7/src -s libs  "SHELL=CMD" "COMPILER=arm-none-eabi-gcc" "ARCHIVER=arm-none-eabi-ar" "COMPILER_FLAGS=  -O2 -c" "EXTRA_COMPILER_FLAGS=-mcpu=cortex-a9 -mfpu=vfpv3 -mfloat-abi=hard -nostartfiles -g -Wall -Wextra"
"Compiling cpu_cortexa9"
"Running Make libs in ps7_cortexa9_0/libsrc/ddrps_v1_0/src"
make -C ps7_cortexa9_0/libsrc/ddrps_v1_0/src -s libs  "SHELL=CMD" "COMPILER=arm-none-eabi-gcc" "ARCHIVER=arm-none-eabi-ar" "COMPILER_FLAGS=  -O2 -c" "EXTRA_COMPILER_FLAGS=-mcpu=cortex-a9 -mfpu=vfpv3 -mfloat-abi=hard -nostartfiles -g -Wall -Wextra"
"Compiling ddrps"
"Running Make libs in ps7_cortexa9_0/libsrc/devcfg_v3_5/src"
make -C ps7_cortexa9_0/libsrc/devcfg_v3_5/src -s libs  "SHELL=CMD" "COMPILER=arm-none-eabi-gcc" "ARCHIVER=arm-none-eabi-ar" "COMPILER_FLAGS=  -O2 -c" "EXTRA_COMPILER_FLAGS=-mcpu=cortex-a9 -mfpu=vfpv3 -mfloat-abi=hard -nostartfiles -g -Wall -Wextra"
"Compiling devcfg"
"Running Make libs in ps7_cortexa9_0/libsrc/dmaps_v2_4/src"
make -C ps7_cortexa9_0/libsrc/dmaps_v2_4/src -s libs  "SHELL=CMD" "COMPILER=arm-none-eabi-gcc" "ARCHIVER=arm-none-eabi-ar" "COMPILER_FLAGS=  -O2 -c" "EXTRA_COMPILER_FLAGS=-mcpu=cortex-a9 -mfpu=vfpv3 -mfloat-abi=hard -nostartfiles -g -Wall -Wextra"
"Compiling dmaps"
"Running Make libs in ps7_cortexa9_0/libsrc/emacps_v3_9/src"
make -C ps7_cortexa9_0/libsrc/emacps_v3_9/src -s libs  "SHELL=CMD" "COMPILER=arm-none-eabi-gcc" "ARCHIVER=arm-none-eabi-ar" "COMPILER_FLAGS=  -O2 -c" "EXTRA_COMPILER_FLAGS=-mcpu=cortex-a9 -mfpu=vfpv3 -mfloat-abi=hard -nostartfiles -g -Wall -Wextra"
"Compiling emacps"
"Running Make libs in ps7_cortexa9_0/libsrc/gpiops_v3_5/src"
make -C ps7_cortexa9_0/libsrc/gpiops_v3_5/src -s libs  "SHELL=CMD" "COMPILER=arm-none-eabi-gcc" "ARCHIVER=arm-none-eabi-ar" "COMPILER_FLAGS=  -O2 -c" "EXTRA_COMPILER_FLAGS=-mcpu=cortex-a9 -mfpu=vfpv3 -mfloat-abi=hard -nostartfiles -g -Wall -Wextra"
"Compiling gpiops"
"Running Make libs in ps7_cortexa9_0/libsrc/gpio_v4_4/src"
make -C ps7_cortexa9_0/libsrc/gpio_v4_4/src -s libs  "SHELL=CMD" "COMPILER=arm-none-eabi-gcc" "ARCHIVER=arm-none-eabi-ar" "COMPILER_FLAGS=  -O2 -c" "EXTRA_COMPILER_FLAGS=-mcpu=cortex-a9 -mfpu=vfpv3 -mfloat-abi=hard -nostartfiles -g -Wall -Wextra"
"Compiling gpio"
"Running Make libs in ps7_cortexa9_0/libsrc/multiply_block_v1_0/src"
make -C ps7_cortexa9_0/libsrc/multiply_block_v1_0/src -s libs  "SHELL=CMD" "COMPILER=arm-none-eabi-gcc" "ARCHIVER=arm-none-eabi-ar" "COMPILER_FLAGS=  -O2 -c" "EXTRA_COMPILER_FLAGS=-mcpu=cortex-a9 -mfpu=vfpv3 -mfloat-abi=hard -nostartfiles -g -Wall -Wextra"
"Compiling multiply_block"
"Running Make libs in ps7_cortexa9_0/libsrc/qspips_v3_6/src"
make -C ps7_cortexa9_0/libsrc/qspips_v3_6/src -s libs  "SHELL=CMD" "COMPILER=arm-none-eabi-gcc" "ARCHIVER=arm-none-eabi-ar" "COMPILER_FLAGS=  -O2 -c" "EXTRA_COMPILER_FLAGS=-mcpu=cortex-a9 -mfpu=vfpv3 -mfloat-abi=hard -nostartfiles -g -Wall -Wextra"
"Compiling qspips"
"Running Make libs in ps7_cortexa9_0/libsrc/scugic_v4_0/src"
make -C ps7_cortexa9_0/libsrc/scugic_v4_0/src -s libs  "SHELL=CMD" "COMPILER=arm-none-eabi-gcc" "ARCHIVER=arm-none-eabi-ar" "COMPILER_FLAGS=  -O2 -c" "EXTRA_COMPILER_FLAGS=-mcpu=cortex-a9 -mfpu=vfpv3 -mfloat-abi=hard -nostartfiles -g -Wall -Wextra"
"Compiling scugic"
"Running Make libs in ps7_cortexa9_0/libsrc/scutimer_v2_1/src"
make -C ps7_cortexa9_0/libsrc/scutimer_v2_1/src -s libs  "SHELL=CMD" "COMPILER=arm-none-eabi-gcc" "ARCHIVER=arm-none-eabi-ar" "COMPILER_FLAGS=  -O2 -c" "EXTRA_COMPILER_FLAGS=-mcpu=cortex-a9 -mfpu=vfpv3 -mfloat-abi=hard -nostartfiles -g -Wall -Wextra"
"Compiling scutimer"
"Running Make libs in ps7_cortexa9_0/libsrc/scuwdt_v2_1/src"
make -C ps7_cortexa9_0/libsrc/scuwdt_v2_1/src -s libs  "SHELL=CMD" "COMPILER=arm-none-eabi-gcc" "ARCHIVER=arm-none-eabi-ar" "COMPILER_FLAGS=  -O2 -c" "EXTRA_COMPILER_FLAGS=-mcpu=cortex-a9 -mfpu=vfpv3 -mfloat-abi=hard -nostartfiles -g -Wall -Wextra"
"Compiling scuwdt"
"Running Make libs in ps7_cortexa9_0/libsrc/sdps_v3_7/src"
make -C ps7_cortexa9_0/libsrc/sdps_v3_7/src -s libs  "SHELL=CMD" "COMPILER=arm-none-eabi-gcc" "ARCHIVER=arm-none-eabi-ar" "COMPILER_FLAGS=  -O2 -c" "EXTRA_COMPILER_FLAGS=-mcpu=cortex-a9 -mfpu=vfpv3 -mfloat-abi=hard -nostartfiles -g -Wall -Wextra"
"Compiling sdps"
"Running Make libs in ps7_cortexa9_0/libsrc/standalone_v7_0/src"
make -C ps7_cortexa9_0/libsrc/standalone_v7_0/src -s libs  "SHELL=CMD" "COMPILER=arm-none-eabi-gcc" "ARCHIVER=arm-none-eabi-ar" "COMPILER_FLAGS=  -O2 -c" "EXTRA_COMPILER_FLAGS=-mcpu=cortex-a9 -mfpu=vfpv3 -mfloat-abi=hard -nostartfiles -g -Wall -Wextra"
"Compiling standalone"
"Running Make libs in ps7_cortexa9_0/libsrc/ttcps_v3_9/src"
make -C ps7_cortexa9_0/libsrc/ttcps_v3_9/src -s libs  "SHELL=CMD" "COMPILER=arm-none-eabi-gcc" "ARCHIVER=arm-none-eabi-ar" "COMPILER_FLAGS=  -O2 -c" "EXTRA_COMPILER_FLAGS=-mcpu=cortex-a9 -mfpu=vfpv3 -mfloat-abi=hard -nostartfiles -g -Wall -Wextra"
"Compiling ttcps"
"Running Make libs in ps7_cortexa9_0/libsrc/uartps_v3_7/src"
make -C ps7_cortexa9_0/libsrc/uartps_v3_7/src -s libs  "SHELL=CMD" "COMPILER=arm-none-eabi-gcc" "ARCHIVER=arm-none-eabi-ar" "COMPILER_FLAGS=  -O2 -c" "EXTRA_COMPILER_FLAGS=-mcpu=cortex-a9 -mfpu=vfpv3 -mfloat-abi=hard -nostartfiles -g -Wall -Wextra"
"Compiling uartps"
"Running Make libs in ps7_cortexa9_0/libsrc/usbps_v2_4/src"
make -C ps7_cortexa9_0/libsrc/usbps_v2_4/src -s libs  "SHELL=CMD" "COMPILER=arm-none-eabi-gcc" "ARCHIVER=arm-none-eabi-ar" "COMPILER_FLAGS=  -O2 -c" "EXTRA_COMPILER_FLAGS=-mcpu=cortex-a9 -mfpu=vfpv3 -mfloat-abi=hard -nostartfiles -g -Wall -Wextra"
"Compiling usbps"
"Running Make libs in ps7_cortexa9_0/libsrc/xadcps_v2_3/src"
make -C ps7_cortexa9_0/libsrc/xadcps_v2_3/src -s libs  "SHELL=CMD" "COMPILER=arm-none-eabi-gcc" "ARCHIVER=arm-none-eabi-ar" "COMPILER_FLAGS=  -O2 -c" "EXTRA_COMPILER_FLAGS=-mcpu=cortex-a9 -mfpu=vfpv3 -mfloat-abi=hard -nostartfiles -g -Wall -Wextra"
"Compiling xadcps"
'Finished building libraries'
15:46:03 **** Auto Build of configuration Debug for project test_mul ****
make pre-build main-build 
a9-linaro-pre-build-step
' '
'Building file: ../src/block_matrix.c'
'Invoking: ARM v7 gcc compiler'
arm-none-eabi-gcc -Wall -O0 -g3 -c -fmessage-length=0 -MT"src/block_matrix.o" -mcpu=cortex-a9 -mfpu=vfpv3 -mfloat-abi=hard -I../../test_mul_bsp/ps7_cortexa9_0/include -MMD -MP -MF"src/block_matrix.d" -MT"src/block_matrix.o" -o "src/block_matrix.o" "../src/block_matrix.c"
../src/block_matrix.c: In function 'multiply_block_sw':
../src/block_matrix.c:50:3: warning: label 'kk_loop' defined but not used [-Wunused-label]
   kk_loop:for(kk= 0 ; kk< BLOCK_SIZE; kk++){
   ^~~~~~~
../src/block_matrix.c:49:2: warning: label 'jj_loop' defined but not used [-Wunused-label]
  jj_loop:for(jj=0; jj< BLOCK_SIZE; jj++){
  ^~~~~~~
../src/block_matrix.c:48:1: warning: label 'ii_loop' defined but not used [-Wunused-label]
 ii_loop:for(ii=0; ii<BLOCK_SIZE; ii++){  //min(i+bloc, M) pour traiter le contour
 ^~~~~~~
../src/block_matrix.c:45:1: warning: label 'k_loop' defined but not used [-Wunused-label]
 k_loop:for(k=0; k<P; k+=BLOCK_SIZE){ //indiquer une colonne de A et une ligne de B
 ^~~~~~
../src/block_matrix.c:44:1: warning: label 'j_loop' defined but not used [-Wunused-label]
 j_loop:for(j=0; j<N; j+=BLOCK_SIZE){ //indiquer une colonne de C
 ^~~~~~
../src/block_matrix.c:43:1: warning: label 'i_loop' defined but not used [-Wunused-label]
 i_loop:for(i=0; i<M; i+=BLOCK_SIZE){ //indiquer une ligne de C
 ^~~~~~
../src/block_matrix.c:37:5: warning: label 'multiply_block_label2' defined but not used [-Wunused-label]
     multiply_block_label2:for (i = 0; i  < N ; i++)
     ^~~~~~~~~~~~~~~~~~~~~
../src/block_matrix.c:35:5: warning: label 'multiply_block_label1' defined but not used [-Wunused-label]
     multiply_block_label1:for (i = 0; i  < P ; i++)
     ^~~~~~~~~~~~~~~~~~~~~
../src/block_matrix.c:33:5: warning: label 'multiply_block_label0' defined but not used [-Wunused-label]
     multiply_block_label0:for (i = 0; i  < M ; i++)
     ^~~~~~~~~~~~~~~~~~~~~
'Finished building: ../src/block_matrix.c'
' '
'Building file: ../src/hello_zynq.c'
'Invoking: ARM v7 gcc compiler'
arm-none-eabi-gcc -Wall -O0 -g3 -c -fmessage-length=0 -MT"src/hello_zynq.o" -mcpu=cortex-a9 -mfpu=vfpv3 -mfloat-abi=hard -I../../test_mul_bsp/ps7_cortexa9_0/include -MMD -MP -MF"src/hello_zynq.d" -MT"src/hello_zynq.o" -o "src/hello_zynq.o" "../src/hello_zynq.c"
'Finished building: ../src/hello_zynq.c'
' '
'Building file: ../src/platform.c'
'Invoking: ARM v7 gcc compiler'
arm-none-eabi-gcc -Wall -O0 -g3 -c -fmessage-length=0 -MT"src/platform.o" -mcpu=cortex-a9 -mfpu=vfpv3 -mfloat-abi=hard -I../../test_mul_bsp/ps7_cortexa9_0/include -MMD -MP -MF"src/platform.d" -MT"src/platform.o" -o "src/platform.o" "../src/platform.c"
'Finished building: ../src/platform.c'
' '
'Building target: test_mul.elf'
'Invoking: ARM v7 gcc linker'
arm-none-eabi-gcc -mcpu=cortex-a9 -mfpu=vfpv3 -mfloat-abi=hard -Wl,-build-id=none -specs=Xilinx.spec -Wl,-T -Wl,../src/lscript.ld -L../../test_mul_bsp/ps7_cortexa9_0/lib -o "test_mul.elf"  ./src/block_matrix.o ./src/busy_wait.o ./src/hello_zynq.o ./src/platform.o   -Wl,--start-group,-lxil,-lgcc,-lc,--end-group
'Finished building target: test_mul.elf'
' '
'Invoking: ARM v7 Print Size'
arm-none-eabi-size test_mul.elf  |tee "test_mul.elf.size"
   text	   data	    bss	    dec	    hex	filename
  65736	   2584	  12064	  80384	  13a00	test_mul.elf
'Finished building: test_mul.elf.size'
' '
15:49:46 **** Auto Build of project test_mul_bsp ****
make -k all 
"Running Make include in ps7_cortexa9_0/libsrc/coresightps_dcc_v1_5/src"
make -C ps7_cortexa9_0/libsrc/coresightps_dcc_v1_5/src -s include  "SHELL=CMD" "COMPILER=arm-none-eabi-gcc" "ARCHIVER=arm-none-eabi-ar" "COMPILER_FLAGS=  -O2 -c" "EXTRA_COMPILER_FLAGS=-mcpu=cortex-a9 -mfpu=vfpv3 -mfloat-abi=hard -nostartfiles -g -Wall -Wextra"
"Running Make include in ps7_cortexa9_0/libsrc/cpu_cortexa9_v2_7/src"
[...]
  ^~~~~~~
../src/block_matrix.c:49:1: warning: label 'ii_loop' defined but not used [-Wunused-label]
 ii_loop:for(ii=0; ii<BLOCK_SIZE; ii++){  //min(i+bloc, M) pour traiter le contour
 ^~~~~~~
../src/block_matrix.c:46:1: warning: label 'k_loop' defined but not used [-Wunused-label]
 k_loop:for(k=0; k<P; k+=BLOCK_SIZE){ //indiquer une colonne de A et une ligne de B
 ^~~~~~
../src/block_matrix.c:45:1: warning: label 'j_loop' defined but not used [-Wunused-label]
 j_loop:for(j=0; j<N; j+=BLOCK_SIZE){ //indiquer une colonne de C
 ^~~~~~
../src/block_matrix.c:44:1: warning: label 'i_loop' defined but not used [-Wunused-label]
 i_loop:for(i=0; i<M; i+=BLOCK_SIZE){ //indiquer une ligne de C
 ^~~~~~
../src/block_matrix.c:38:5: warning: label 'multiply_block_label2' defined but not used [-Wunused-label]
     multiply_block_label2:for (i = 0; i  < N ; i++)
     ^~~~~~~~~~~~~~~~~~~~~
../src/block_matrix.c:36:5: warning: label 'multiply_block_label1' defined but not used [-Wunused-label]
     multiply_block_label1:for (i = 0; i  < P ; i++)
     ^~~~~~~~~~~~~~~~~~~~~
../src/block_matrix.c:34:5: warning: label 'multiply_block_label0' defined but not used [-Wunused-label]
     multiply_block_label0:for (i = 0; i  < M ; i++)
     ^~~~~~~~~~~~~~~~~~~~~
'Finished building: ../src/block_matrix.c'
' '
'Building target: test_mul.elf'
'Invoking: ARM v7 gcc linker'
arm-none-eabi-gcc -mcpu=cortex-a9 -mfpu=vfpv3 -mfloat-abi=hard -Wl,-build-id=none -specs=Xilinx.spec -Wl,-T -Wl,../src/lscript.ld -L../../test_mul_bsp/ps7_cortexa9_0/lib -o "test_mul.elf"  ./src/block_matrix.o ./src/busy_wait.o ./src/hello_zynq.o ./src/platform.o   -Wl,--start-group,-lxil,-lgcc,-lc,--end-group
'Finished building target: test_mul.elf'
' '
'Invoking: ARM v7 Print Size'
arm-none-eabi-size test_mul.elf  |tee "test_mul.elf.size"
   text	   data	    bss	    dec	    hex	filename
  65412	   2584	  18208	  86204	  150bc	test_mul.elf
'Finished building: test_mul.elf.size'
' '
20:41:22 **** Incremental Build of configuration Debug for project test_mul ****
make pre-build main-build 
a9-linaro-pre-build-step
' '
make: Nothing to be done for 'main-build'.
20:42:04 **** Auto Build of configuration Debug for project test_mul ****
make pre-build main-build 
a9-linaro-pre-build-step
' '
'Building file: ../src/block_matrix.c'
'Invoking: ARM v7 gcc compiler'
arm-none-eabi-gcc -Wall -O0 -g3 -c -fmessage-length=0 -MT"src/block_matrix.o" -mcpu=cortex-a9 -mfpu=vfpv3 -mfloat-abi=hard -I../../test_mul_bsp/ps7_cortexa9_0/include -MMD -MP -MF"src/block_matrix.d" -MT"src/block_matrix.o" -o "src/block_matrix.o" "../src/block_matrix.c"
../src/block_matrix.c: In function 'multiply_block_sw':
../src/block_matrix.c:51:3: warning: label 'kk_loop' defined but not used [-Wunused-label]
   kk_loop:for(kk= 0 ; kk< BLOCK_SIZE; kk++){
   ^~~~~~~
../src/block_matrix.c:50:2: warning: label 'jj_loop' defined but not used [-Wunused-label]
  jj_loop:for(jj=0; jj< BLOCK_SIZE; jj++){
  ^~~~~~~
../src/block_matrix.c:49:1: warning: label 'ii_loop' defined but not used [-Wunused-label]
 ii_loop:for(ii=0; ii<BLOCK_SIZE; ii++){  //min(i+bloc, M) pour traiter le contour
 ^~~~~~~
../src/block_matrix.c:46:1: warning: label 'k_loop' defined but not used [-Wunused-label]
 k_loop:for(k=0; k<P; k+=BLOCK_SIZE){ //indiquer une colonne de A et une ligne de B
 ^~~~~~
../src/block_matrix.c:45:1: warning: label 'j_loop' defined but not used [-Wunused-label]
 j_loop:for(j=0; j<N; j+=BLOCK_SIZE){ //indiquer une colonne de C
 ^~~~~~
../src/block_matrix.c:44:1: warning: label 'i_loop' defined but not used [-Wunused-label]
 i_loop:for(i=0; i<M; i+=BLOCK_SIZE){ //indiquer une ligne de C
 ^~~~~~
../src/block_matrix.c:38:5: warning: label 'multiply_block_label2' defined but not used [-Wunused-label]
     multiply_block_label2:for (i = 0; i  < N ; i++)
     ^~~~~~~~~~~~~~~~~~~~~
../src/block_matrix.c:36:5: warning: label 'multiply_block_label1' defined but not used [-Wunused-label]
     multiply_block_label1:for (i = 0; i  < P ; i++)
     ^~~~~~~~~~~~~~~~~~~~~
../src/block_matrix.c:34:5: warning: label 'multiply_block_label0' defined but not used [-Wunused-label]
     multiply_block_label0:for (i = 0; i  < M ; i++)
     ^~~~~~~~~~~~~~~~~~~~~
'Finished building: ../src/block_matrix.c'
' '
'Building target: test_mul.elf'
'Invoking: ARM v7 gcc linker'
arm-none-eabi-gcc -mcpu=cortex-a9 -mfpu=vfpv3 -mfloat-abi=hard -Wl,-build-id=none -specs=Xilinx.spec -Wl,-T -Wl,../src/lscript.ld -L../../test_mul_bsp/ps7_cortexa9_0/lib -o "test_mul.elf"  ./src/block_matrix.o ./src/busy_wait.o ./src/hello_zynq.o ./src/platform.o   -Wl,--start-group,-lxil,-lgcc,-lc,--end-group
'Finished building target: test_mul.elf'
' '
'Invoking: ARM v7 Print Size'
arm-none-eabi-size test_mul.elf  |tee "test_mul.elf.size"
   text	   data	    bss	    dec	    hex	filename
  65412	   2584	  18208	  86204	  150bc	test_mul.elf
'Finished building: test_mul.elf.size'
' '
20:42:06 **** Incremental Build of configuration Debug for project test_mul ****
make pre-build main-build 
a9-linaro-pre-build-step
' '
make: Nothing to be done for 'main-build'.
20:42:54 **** Auto Build of configuration Debug for project test_mul ****
make pre-build main-build 
a9-linaro-pre-build-step
' '
'Building file: ../src/block_matrix.c'
'Invoking: ARM v7 gcc compiler'
arm-none-eabi-gcc -Wall -O0 -g3 -c -fmessage-length=0 -MT"src/block_matrix.o" -mcpu=cortex-a9 -mfpu=vfpv3 -mfloat-abi=hard -I../../test_mul_bsp/ps7_cortexa9_0/include -MMD -MP -MF"src/block_matrix.d" -MT"src/block_matrix.o" -o "src/block_matrix.o" "../src/block_matrix.c"
../src/block_matrix.c: In function 'multiply_block_sw':
../src/block_matrix.c:51:3: warning: label 'kk_loop' defined but not used [-Wunused-label]
   kk_loop:for(kk= 0 ; kk< BLOCK_SIZE; kk++){
   ^~~~~~~
../src/block_matrix.c:50:2: warning: label 'jj_loop' defined but not used [-Wunused-label]
  jj_loop:for(jj=0; jj< BLOCK_SIZE; jj++){
  ^~~~~~~
../src/block_matrix.c:49:1: warning: label 'ii_loop' defined but not used [-Wunused-label]
 ii_loop:for(ii=0; ii<BLOCK_SIZE; ii++){  //min(i+bloc, M) pour traiter le contour
 ^~~~~~~
../src/block_matrix.c:46:1: warning: label 'k_loop' defined but not used [-Wunused-label]
 k_loop:for(k=0; k<P; k+=BLOCK_SIZE){ //indiquer une colonne de A et une ligne de B
 ^~~~~~
../src/block_matrix.c:45:1: warning: label 'j_loop' defined but not used [-Wunused-label]
 j_loop:for(j=0; j<N; j+=BLOCK_SIZE){ //indiquer une colonne de C
 ^~~~~~
../src/block_matrix.c:44:1: warning: label 'i_loop' defined but not used [-Wunused-label]
 i_loop:for(i=0; i<M; i+=BLOCK_SIZE){ //indiquer une ligne de C
 ^~~~~~
../src/block_matrix.c:38:5: warning: label 'multiply_block_label2' defined but not used [-Wunused-label]
     multiply_block_label2:for (i = 0; i  < N ; i++)
     ^~~~~~~~~~~~~~~~~~~~~
../src/block_matrix.c:36:5: warning: label 'multiply_block_label1' defined but not used [-Wunused-label]
     multiply_block_label1:for (i = 0; i  < P ; i++)
     ^~~~~~~~~~~~~~~~~~~~~
../src/block_matrix.c:34:5: warning: label 'multiply_block_label0' defined but not used [-Wunused-label]
     multiply_block_label0:for (i = 0; i  < M ; i++)
     ^~~~~~~~~~~~~~~~~~~~~
'Finished building: ../src/block_matrix.c'
' '
'Building target: test_mul.elf'
'Invoking: ARM v7 gcc linker'
arm-none-eabi-gcc -mcpu=cortex-a9 -mfpu=vfpv3 -mfloat-abi=hard -Wl,-build-id=none -specs=Xilinx.spec -Wl,-T -Wl,../src/lscript.ld -L../../test_mul_bsp/ps7_cortexa9_0/lib -o "test_mul.elf"  ./src/block_matrix.o ./src/busy_wait.o ./src/hello_zynq.o ./src/platform.o   -Wl,--start-group,-lxil,-lgcc,-lc,--end-group
'Finished building target: test_mul.elf'
' '
'Invoking: ARM v7 Print Size'
arm-none-eabi-size test_mul.elf  |tee "test_mul.elf.size"
   text	   data	    bss	    dec	    hex	filename
  65412	   2584	  18208	  86204	  150bc	test_mul.elf
'Finished building: test_mul.elf.size'
' '
20:42:56 **** Incremental Build of configuration Debug for project test_mul ****
make pre-build main-build 
a9-linaro-pre-build-step
' '
make: Nothing to be done for 'main-build'.
20:43:52 **** Auto Build of configuration Debug for project test_mul ****
make pre-build main-build 
a9-linaro-pre-build-step
' '
'Building file: ../src/block_matrix.c'
'Invoking: ARM v7 gcc compiler'
arm-none-eabi-gcc -Wall -O0 -g3 -c -fmessage-length=0 -MT"src/block_matrix.o" -mcpu=cortex-a9 -mfpu=vfpv3 -mfloat-abi=hard -I../../test_mul_bsp/ps7_cortexa9_0/include -MMD -MP -MF"src/block_matrix.d" -MT"src/block_matrix.o" -o "src/block_matrix.o" "../src/block_matrix.c"
../src/block_matrix.c: In function 'multiply_block_sw':
../src/block_matrix.c:51:3: warning: label 'kk_loop' defined but not used [-Wunused-label]
   kk_loop:for(kk= 0 ; kk< BLOCK_SIZE; kk++){
   ^~~~~~~
../src/block_matrix.c:50:2: warning: label 'jj_loop' defined but not used [-Wunused-label]
  jj_loop:for(jj=0; jj< BLOCK_SIZE; jj++){
  ^~~~~~~
../src/block_matrix.c:49:1: warning: label 'ii_loop' defined but not used [-Wunused-label]
 ii_loop:for(ii=0; ii<BLOCK_SIZE; ii++){  //min(i+bloc, M) pour traiter le contour
 ^~~~~~~
../src/block_matrix.c:46:1: warning: label 'k_loop' defined but not used [-Wunused-label]
 k_loop:for(k=0; k<P; k+=BLOCK_SIZE){ //indiquer une colonne de A et une ligne de B
 ^~~~~~
../src/block_matrix.c:45:1: warning: label 'j_loop' defined but not used [-Wunused-label]
 j_loop:for(j=0; j<N; j+=BLOCK_SIZE){ //indiquer une colonne de C
 ^~~~~~
../src/block_matrix.c:44:1: warning: label 'i_loop' defined but not used [-Wunused-label]
 i_loop:for(i=0; i<M; i+=BLOCK_SIZE){ //indiquer une ligne de C
 ^~~~~~
../src/block_matrix.c:38:5: warning: label 'multiply_block_label2' defined but not used [-Wunused-label]
     multiply_block_label2:for (i = 0; i  < N ; i++)
     ^~~~~~~~~~~~~~~~~~~~~
../src/block_matrix.c:36:5: warning: label 'multiply_block_label1' defined but not used [-Wunused-label]
     multiply_block_label1:for (i = 0; i  < P ; i++)
     ^~~~~~~~~~~~~~~~~~~~~
../src/block_matrix.c:34:5: warning: label 'multiply_block_label0' defined but not used [-Wunused-label]
     multiply_block_label0:for (i = 0; i  < M ; i++)
     ^~~~~~~~~~~~~~~~~~~~~
'Finished building: ../src/block_matrix.c'
' '
'Building target: test_mul.elf'
'Invoking: ARM v7 gcc linker'
arm-none-eabi-gcc -mcpu=cortex-a9 -mfpu=vfpv3 -mfloat-abi=hard -Wl,-build-id=none -specs=Xilinx.spec -Wl,-T -Wl,../src/lscript.ld -L../../test_mul_bsp/ps7_cortexa9_0/lib -o "test_mul.elf"  ./src/block_matrix.o ./src/busy_wait.o ./src/hello_zynq.o ./src/platform.o   -Wl,--start-group,-lxil,-lgcc,-lc,--end-group
'Finished building target: test_mul.elf'
' '
'Invoking: ARM v7 Print Size'
arm-none-eabi-size test_mul.elf  |tee "test_mul.elf.size"
   text	   data	    bss	    dec	    hex	filename
  65412	   2584	  18208	  86204	  150bc	test_mul.elf
'Finished building: test_mul.elf.size'
' '
20:43:55 **** Incremental Build of configuration Debug for project test_mul ****
make pre-build main-build 
a9-linaro-pre-build-step
' '
make: Nothing to be done for 'main-build'.
20:44:24 **** Incremental Build of configuration Debug for project test_mul ****
make pre-build main-build 
a9-linaro-pre-build-step
' '
make: Nothing to be done for 'main-build'.
20:44:52 **** Auto Build of configuration Debug for project test_mul ****
make pre-build main-build 
a9-linaro-pre-build-step
' '
'Building file: ../src/block_matrix.c'
'Invoking: ARM v7 gcc compiler'
arm-none-eabi-gcc -Wall -O0 -g3 -c -fmessage-length=0 -MT"src/block_matrix.o" -mcpu=cortex-a9 -mfpu=vfpv3 -mfloat-abi=hard -I../../test_mul_bsp/ps7_cortexa9_0/include -MMD -MP -MF"src/block_matrix.d" -MT"src/block_matrix.o" -o "src/block_matrix.o" "../src/block_matrix.c"
../src/block_matrix.c: In function 'multiply_block_sw':
../src/block_matrix.c:51:3: warning: label 'kk_loop' defined but not used [-Wunused-label]
   kk_loop:for(kk= 0 ; kk< BLOCK_SIZE; kk++){
   ^~~~~~~
../src/block_matrix.c:50:2: warning: label 'jj_loop' defined but not used [-Wunused-label]
  jj_loop:for(jj=0; jj< BLOCK_SIZE; jj++){
  ^~~~~~~
../src/block_matrix.c:49:1: warning: label 'ii_loop' defined but not used [-Wunused-label]
 ii_loop:for(ii=0; ii<BLOCK_SIZE; ii++){  //min(i+bloc, M) pour traiter le contour
 ^~~~~~~
../src/block_matrix.c:46:1: warning: label 'k_loop' defined but not used [-Wunused-label]
 k_loop:for(k=0; k<P; k+=BLOCK_SIZE){ //indiquer une colonne de A et une ligne de B
 ^~~~~~
../src/block_matrix.c:45:1: warning: label 'j_loop' defined but not used [-Wunused-label]
 j_loop:for(j=0; j<N; j+=BLOCK_SIZE){ //indiquer une colonne de C
 ^~~~~~
../src/block_matrix.c:44:1: warning: label 'i_loop' defined but not used [-Wunused-label]
 i_loop:for(i=0; i<M; i+=BLOCK_SIZE){ //indiquer une ligne de C
 ^~~~~~
../src/block_matrix.c:38:5: warning: label 'multiply_block_label2' defined but not used [-Wunused-label]
     multiply_block_label2:for (i = 0; i  < N ; i++)
     ^~~~~~~~~~~~~~~~~~~~~
../src/block_matrix.c:36:5: warning: label 'multiply_block_label1' defined but not used [-Wunused-label]
     multiply_block_label1:for (i = 0; i  < P ; i++)
     ^~~~~~~~~~~~~~~~~~~~~
../src/block_matrix.c:34:5: warning: label 'multiply_block_label0' defined but not used [-Wunused-label]
     multiply_block_label0:for (i = 0; i  < M ; i++)
     ^~~~~~~~~~~~~~~~~~~~~
'Finished building: ../src/block_matrix.c'
' '
'Building target: test_mul.elf'
'Invoking: ARM v7 gcc linker'
arm-none-eabi-gcc -mcpu=cortex-a9 -mfpu=vfpv3 -mfloat-abi=hard -Wl,-build-id=none -specs=Xilinx.spec -Wl,-T -Wl,../src/lscript.ld -L../../test_mul_bsp/ps7_cortexa9_0/lib -o "test_mul.elf"  ./src/block_matrix.o ./src/busy_wait.o ./src/hello_zynq.o ./src/platform.o   -Wl,--start-group,-lxil,-lgcc,-lc,--end-group
'Finished building target: test_mul.elf'
' '
'Invoking: ARM v7 Print Size'
arm-none-eabi-size test_mul.elf  |tee "test_mul.elf.size"
   text	   data	    bss	    dec	    hex	filename
  65412	   2584	  18208	  86204	  150bc	test_mul.elf
'Finished building: test_mul.elf.size'
' '
20:44:55 **** Incremental Build of configuration Debug for project test_mul ****
make pre-build main-build 
a9-linaro-pre-build-step
' '
make: Nothing to be done for 'main-build'.
20:45:13 **** Auto Build of configuration Debug for project test_mul ****
make pre-build main-build 
a9-linaro-pre-build-step
' '
'Building file: ../src/block_matrix.c'
'Invoking: ARM v7 gcc compiler'
arm-none-eabi-gcc -Wall -O0 -g3 -c -fmessage-length=0 -MT"src/block_matrix.o" -mcpu=cortex-a9 -mfpu=vfpv3 -mfloat-abi=hard -I../../test_mul_bsp/ps7_cortexa9_0/include -MMD -MP -MF"src/block_matrix.d" -MT"src/block_matrix.o" -o "src/block_matrix.o" "../src/block_matrix.c"
../src/block_matrix.c: In function 'multiply_block_sw':
../src/block_matrix.c:51:3: warning: label 'kk_loop' defined but not used [-Wunused-label]
   kk_loop:for(kk= 0 ; kk< BLOCK_SIZE; kk++){
   ^~~~~~~
../src/block_matrix.c:50:2: warning: label 'jj_loop' defined but not used [-Wunused-label]
  jj_loop:for(jj=0; jj< BLOCK_SIZE; jj++){
  ^~~~~~~
../src/block_matrix.c:49:1: warning: label 'ii_loop' defined but not used [-Wunused-label]
 ii_loop:for(ii=0; ii<BLOCK_SIZE; ii++){  //min(i+bloc, M) pour traiter le contour
 ^~~~~~~
../src/block_matrix.c:46:1: warning: label 'k_loop' defined but not used [-Wunused-label]
 k_loop:for(k=0; k<P; k+=BLOCK_SIZE){ //indiquer une colonne de A et une ligne de B
 ^~~~~~
../src/block_matrix.c:45:1: warning: label 'j_loop' defined but not used [-Wunused-label]
 j_loop:for(j=0; j<N; j+=BLOCK_SIZE){ //indiquer une colonne de C
 ^~~~~~
../src/block_matrix.c:44:1: warning: label 'i_loop' defined but not used [-Wunused-label]
 i_loop:for(i=0; i<M; i+=BLOCK_SIZE){ //indiquer une ligne de C
 ^~~~~~
../src/block_matrix.c:38:5: warning: label 'multiply_block_label2' defined but not used [-Wunused-label]
     multiply_block_label2:for (i = 0; i  < N ; i++)
     ^~~~~~~~~~~~~~~~~~~~~
../src/block_matrix.c:36:5: warning: label 'multiply_block_label1' defined but not used [-Wunused-label]
     multiply_block_label1:for (i = 0; i  < P ; i++)
     ^~~~~~~~~~~~~~~~~~~~~
../src/block_matrix.c:34:5: warning: label 'multiply_block_label0' defined but not used [-Wunused-label]
     multiply_block_label0:for (i = 0; i  < M ; i++)
     ^~~~~~~~~~~~~~~~~~~~~
'Finished building: ../src/block_matrix.c'
' '
'Building target: test_mul.elf'
'Invoking: ARM v7 gcc linker'
arm-none-eabi-gcc -mcpu=cortex-a9 -mfpu=vfpv3 -mfloat-abi=hard -Wl,-build-id=none -specs=Xilinx.spec -Wl,-T -Wl,../src/lscript.ld -L../../test_mul_bsp/ps7_cortexa9_0/lib -o "test_mul.elf"  ./src/block_matrix.o ./src/busy_wait.o ./src/hello_zynq.o ./src/platform.o   -Wl,--start-group,-lxil,-lgcc,-lc,--end-group
'Finished building target: test_mul.elf'
' '
'Invoking: ARM v7 Print Size'
arm-none-eabi-size test_mul.elf  |tee "test_mul.elf.size"
   text	   data	    bss	    dec	    hex	filename
  65412	   2584	  18208	  86204	  150bc	test_mul.elf
'Finished building: test_mul.elf.size'
' '
20:45:15 **** Incremental Build of configuration Debug for project test_mul ****
make pre-build main-build 
a9-linaro-pre-build-step
' '
make: Nothing to be done for 'main-build'.
20:45:32 **** Incremental Build of configuration Debug for project test_mul ****
make pre-build main-build 
a9-linaro-pre-build-step
' '
make: Nothing to be done for 'main-build'.
00:59:31 **** Auto Build of configuration Debug for project test_mul ****
make pre-build main-build 
a9-linaro-pre-build-step
' '
'Building file: ../src/block_matrix.c'
'Invoking: ARM v7 gcc compiler'
arm-none-eabi-gcc -Wall -O0 -g3 -c -fmessage-length=0 -MT"src/block_matrix.o" -mcpu=cortex-a9 -mfpu=vfpv3 -mfloat-abi=hard -I../../test_mul_bsp/ps7_cortexa9_0/include -MMD -MP -MF"src/block_matrix.d" -MT"src/block_matrix.o" -o "src/block_matrix.o" "../src/block_matrix.c"
../src/block_matrix.c: In function 'multiply_block_sw':
../src/block_matrix.c:51:3: warning: label 'kk_loop' defined but not used [-Wunused-label]
   kk_loop:for(kk= 0 ; kk< BLOCK_SIZE; kk++){
   ^~~~~~~
../src/block_matrix.c:50:2: warning: label 'jj_loop' defined but not used [-Wunused-label]
  jj_loop:for(jj=0; jj< BLOCK_SIZE; jj++){
  ^~~~~~~
../src/block_matrix.c:49:1: warning: label 'ii_loop' defined but not used [-Wunused-label]
 ii_loop:for(ii=0; ii<BLOCK_SIZE; ii++){  //min(i+bloc, M) pour traiter le contour
 ^~~~~~~
../src/block_matrix.c:46:1: warning: label 'k_loop' defined but not used [-Wunused-label]
 k_loop:for(k=0; k<P; k+=BLOCK_SIZE){ //indiquer une colonne de A et une ligne de B
 ^~~~~~
../src/block_matrix.c:45:1: warning: label 'j_loop' defined but not used [-Wunused-label]
 j_loop:for(j=0; j<N; j+=BLOCK_SIZE){ //indiquer une colonne de C
 ^~~~~~
../src/block_matrix.c:44:1: warning: label 'i_loop' defined but not used [-Wunused-label]
 i_loop:for(i=0; i<M; i+=BLOCK_SIZE){ //indiquer une ligne de C
 ^~~~~~
../src/block_matrix.c:38:5: warning: label 'multiply_block_label2' defined but not used [-Wunused-label]
     multiply_block_label2:for (i = 0; i  < N ; i++)
     ^~~~~~~~~~~~~~~~~~~~~
../src/block_matrix.c:36:5: warning: label 'multiply_block_label1' defined but not used [-Wunused-label]
     multiply_block_label1:for (i = 0; i  < P ; i++)
     ^~~~~~~~~~~~~~~~~~~~~
../src/block_matrix.c:34:5: warning: label 'multiply_block_label0' defined but not used [-Wunused-label]
     multiply_block_label0:for (i = 0; i  < M ; i++)
     ^~~~~~~~~~~~~~~~~~~~~
'Finished building: ../src/block_matrix.c'
' '
'Building target: test_mul.elf'
'Invoking: ARM v7 gcc linker'
arm-none-eabi-gcc -mcpu=cortex-a9 -mfpu=vfpv3 -mfloat-abi=hard -Wl,-build-id=none -specs=Xilinx.spec -Wl,-T -Wl,../src/lscript.ld -L../../test_mul_bsp/ps7_cortexa9_0/lib -o "test_mul.elf"  ./src/block_matrix.o ./src/busy_wait.o ./src/hello_zynq.o ./src/platform.o   -Wl,--start-group,-lxil,-lgcc,-lc,--end-group
'Finished building target: test_mul.elf'
' '
'Invoking: ARM v7 Print Size'
arm-none-eabi-size test_mul.elf  |tee "test_mul.elf.size"
   text	   data	    bss	    dec	    hex	filename
  62900	   2584	  18208	  83692	  146ec	test_mul.elf
'Finished building: test_mul.elf.size'
' '
